Job started on tiger-01 at Thu 26 Feb 11:08:14 GMT 2026
CPUs: 16  MEM: 64000
CMD: python -m src.utils.tune_8_optuna --stage2 --data_stage2 data/processed/output2.csv --task multiclass --model rf --n_splits 5 --max_races 80 --n_trials 500 --seed 42 --timeout_sec 170000 --outdir runs/tuning_8_final
[load_stage2_dataset] Dropped 36 rows with missing y_compound.
[I 2026-02-26 11:08:25,737] Trial 306 pruned. 
[I 2026-02-26 11:08:32,568] Trial 307 pruned. 
[I 2026-02-26 11:08:38,941] Trial 308 pruned. 
[I 2026-02-26 11:08:44,841] Trial 309 pruned. 
[I 2026-02-26 11:08:53,689] Trial 310 pruned. 
[I 2026-02-26 11:09:00,091] Trial 311 pruned. 
[I 2026-02-26 11:09:04,867] Trial 312 finished with value: 1.0486314499131373 and parameters: {'n_estimators': 1113, 'max_depth': 16, 'min_samples_leaf': 7, 'min_samples_split': 54, 'max_features': 0.24015788242542918, 'max_samples': 0.553409083009673, 'criterion': 'entropy', 'class_weight': None}. Best is trial 234 with value: 1.0473222925367989.
[I 2026-02-26 11:09:09,588] Trial 313 pruned. 
[I 2026-02-26 11:09:13,415] Trial 314 finished with value: 1.049036342637851 and parameters: {'n_estimators': 874, 'max_depth': 16, 'min_samples_leaf': 9, 'min_samples_split': 52, 'max_features': 0.2799072119062277, 'max_samples': 0.5633239464078577, 'criterion': 'entropy', 'class_weight': None}. Best is trial 234 with value: 1.0473222925367989.
[I 2026-02-26 11:09:16,937] Trial 315 pruned. 
[I 2026-02-26 11:09:21,333] Trial 316 pruned. 
[I 2026-02-26 11:09:24,406] Trial 317 pruned. 
[I 2026-02-26 11:09:29,553] Trial 318 pruned. 
[I 2026-02-26 11:09:34,413] Trial 319 pruned. 
[I 2026-02-26 11:09:38,388] Trial 320 finished with value: 1.048443363505467 and parameters: {'n_estimators': 918, 'max_depth': 16, 'min_samples_leaf': 9, 'min_samples_split': 55, 'max_features': 0.26208238682060586, 'max_samples': 0.6070533460823004, 'criterion': 'entropy', 'class_weight': None}. Best is trial 234 with value: 1.0473222925367989.
[I 2026-02-26 11:09:42,602] Trial 321 finished with value: 1.0497358686562488 and parameters: {'n_estimators': 986, 'max_depth': 16, 'min_samples_leaf': 9, 'min_samples_split': 58, 'max_features': 0.26409923375913363, 'max_samples': 0.6140053694476387, 'criterion': 'entropy', 'class_weight': None}. Best is trial 234 with value: 1.0473222925367989.
[I 2026-02-26 11:09:46,934] Trial 322 pruned. 
[I 2026-02-26 11:09:50,697] Trial 323 pruned. 
[I 2026-02-26 11:09:54,697] Trial 324 pruned. 
[I 2026-02-26 11:09:58,476] Trial 325 pruned. 
[I 2026-02-26 11:10:02,275] Trial 326 pruned. 
[I 2026-02-26 11:10:06,650] Trial 327 pruned. 
[I 2026-02-26 11:10:10,417] Trial 328 pruned. 
[I 2026-02-26 11:10:14,496] Trial 329 pruned. 
[I 2026-02-26 11:10:18,776] Trial 330 pruned. 
[I 2026-02-26 11:10:23,437] Trial 331 finished with value: 1.0494832266717162 and parameters: {'n_estimators': 1113, 'max_depth': 16, 'min_samples_leaf': 9, 'min_samples_split': 49, 'max_features': 0.21849760858415998, 'max_samples': 0.5524925428936731, 'criterion': 'entropy', 'class_weight': None}. Best is trial 234 with value: 1.0473222925367989.
[I 2026-02-26 11:10:26,841] Trial 332 pruned. 
[I 2026-02-26 11:10:32,980] Trial 333 finished with value: 1.0501490601237118 and parameters: {'n_estimators': 1491, 'max_depth': 16, 'min_samples_leaf': 9, 'min_samples_split': 57, 'max_features': 0.24922552649383775, 'max_samples': 0.6104077214063424, 'criterion': 'entropy', 'class_weight': None}. Best is trial 234 with value: 1.0473222925367989.
[I 2026-02-26 11:10:39,291] Trial 334 finished with value: 1.0483376052601918 and parameters: {'n_estimators': 1532, 'max_depth': 16, 'min_samples_leaf': 9, 'min_samples_split': 53, 'max_features': 0.23513809134846012, 'max_samples': 0.5670992137322214, 'criterion': 'entropy', 'class_weight': None}. Best is trial 234 with value: 1.0473222925367989.
[I 2026-02-26 11:10:45,609] Trial 335 pruned. 
[I 2026-02-26 11:10:51,481] Trial 336 finished with value: 1.0497351140806175 and parameters: {'n_estimators': 1451, 'max_depth': 16, 'min_samples_leaf': 9, 'min_samples_split': 54, 'max_features': 0.2307456947956092, 'max_samples': 0.5545509536577267, 'criterion': 'entropy', 'class_weight': None}. Best is trial 234 with value: 1.0473222925367989.
[I 2026-02-26 11:10:56,966] Trial 337 pruned. 
[I 2026-02-26 11:11:02,978] Trial 338 pruned. 
[I 2026-02-26 11:11:08,479] Trial 339 pruned. 
[I 2026-02-26 11:11:14,243] Trial 340 pruned. 
[I 2026-02-26 11:11:17,794] Trial 341 pruned. 
[I 2026-02-26 11:11:24,011] Trial 342 finished with value: 1.0490611042433018 and parameters: {'n_estimators': 1561, 'max_depth': 16, 'min_samples_leaf': 8, 'min_samples_split': 55, 'max_features': 0.28060672383950575, 'max_samples': 0.5433081236812132, 'criterion': 'entropy', 'class_weight': None}. Best is trial 234 with value: 1.0473222925367989.
[I 2026-02-26 11:11:28,799] Trial 343 finished with value: 1.048428604157207 and parameters: {'n_estimators': 1159, 'max_depth': 16, 'min_samples_leaf': 8, 'min_samples_split': 54, 'max_features': 0.25340679561157564, 'max_samples': 0.510683653627265, 'criterion': 'log_loss', 'class_weight': None}. Best is trial 234 with value: 1.0473222925367989.
[I 2026-02-26 11:11:32,662] Trial 344 pruned. 
[I 2026-02-26 11:11:37,182] Trial 345 pruned. 
[I 2026-02-26 11:11:41,653] Trial 346 finished with value: 1.0490469926114057 and parameters: {'n_estimators': 1108, 'max_depth': 16, 'min_samples_leaf': 8, 'min_samples_split': 54, 'max_features': 0.25662802354832287, 'max_samples': 0.5177473400666692, 'criterion': 'entropy', 'class_weight': None}. Best is trial 234 with value: 1.0473222925367989.
[I 2026-02-26 11:11:46,949] Trial 347 pruned. 
[I 2026-02-26 11:11:51,810] Trial 348 finished with value: 1.0495774124737423 and parameters: {'n_estimators': 1135, 'max_depth': 16, 'min_samples_leaf': 6, 'min_samples_split': 55, 'max_features': 0.29753922496920016, 'max_samples': 0.5157527461599558, 'criterion': 'log_loss', 'class_weight': None}. Best is trial 234 with value: 1.0473222925367989.
[I 2026-02-26 11:11:54,065] Trial 349 pruned. 
[I 2026-02-26 11:11:59,308] Trial 350 finished with value: 1.0484056839350802 and parameters: {'n_estimators': 1256, 'max_depth': 26, 'min_samples_leaf': 9, 'min_samples_split': 52, 'max_features': 0.27881851008051206, 'max_samples': 0.5003533383322437, 'criterion': 'log_loss', 'class_weight': None}. Best is trial 234 with value: 1.0473222925367989.
[I 2026-02-26 11:12:04,887] Trial 351 finished with value: 1.0496129051994638 and parameters: {'n_estimators': 1317, 'max_depth': 26, 'min_samples_leaf': 8, 'min_samples_split': 53, 'max_features': 0.23914592726015843, 'max_samples': 0.5040165781695695, 'criterion': 'log_loss', 'class_weight': None}. Best is trial 234 with value: 1.0473222925367989.
[I 2026-02-26 11:12:10,166] Trial 352 finished with value: 1.0495843350063123 and parameters: {'n_estimators': 1269, 'max_depth': 26, 'min_samples_leaf': 8, 'min_samples_split': 56, 'max_features': 0.2616852524682901, 'max_samples': 0.5073919953155105, 'criterion': 'log_loss', 'class_weight': None}. Best is trial 234 with value: 1.0473222925367989.
[I 2026-02-26 11:12:15,013] Trial 353 pruned. 
[I 2026-02-26 11:12:20,059] Trial 354 pruned. 
[I 2026-02-26 11:12:25,149] Trial 355 pruned. 
[I 2026-02-26 11:12:27,955] Trial 356 pruned. 
[I 2026-02-26 11:12:33,298] Trial 357 pruned. 
[I 2026-02-26 11:12:38,186] Trial 358 pruned. 
[I 2026-02-26 11:12:44,043] Trial 359 pruned. 
[I 2026-02-26 11:12:50,015] Trial 360 pruned. 
[I 2026-02-26 11:12:54,535] Trial 361 pruned. 
[I 2026-02-26 11:13:03,893] Trial 362 pruned. 
[I 2026-02-26 11:13:13,615] Trial 363 pruned. 
[I 2026-02-26 11:13:18,406] Trial 364 pruned. 
[I 2026-02-26 11:13:20,444] Trial 365 pruned. 
[I 2026-02-26 11:13:26,433] Trial 366 pruned. 
[I 2026-02-26 11:13:31,195] Trial 367 pruned. 
[I 2026-02-26 11:13:36,760] Trial 368 pruned. 
[I 2026-02-26 11:13:41,506] Trial 369 finished with value: 1.0482475116772954 and parameters: {'n_estimators': 1111, 'max_depth': 26, 'min_samples_leaf': 8, 'min_samples_split': 50, 'max_features': 0.2214507562651288, 'max_samples': 0.5394420643759779, 'criterion': 'gini', 'class_weight': None}. Best is trial 234 with value: 1.0473222925367989.
[I 2026-02-26 11:13:45,998] Trial 370 pruned. 
[I 2026-02-26 11:13:51,052] Trial 371 pruned. 
[I 2026-02-26 11:13:56,013] Trial 372 finished with value: 1.0496373867984532 and parameters: {'n_estimators': 1155, 'max_depth': 26, 'min_samples_leaf': 8, 'min_samples_split': 50, 'max_features': 0.21781352395836281, 'max_samples': 0.5216264961658953, 'criterion': 'gini', 'class_weight': None}. Best is trial 234 with value: 1.0473222925367989.
[I 2026-02-26 11:14:00,781] Trial 373 pruned. 
[I 2026-02-26 11:14:06,635] Trial 374 pruned. 
[I 2026-02-26 11:14:10,969] Trial 375 finished with value: 1.0480504570796623 and parameters: {'n_estimators': 1035, 'max_depth': 12, 'min_samples_leaf': 9, 'min_samples_split': 49, 'max_features': 0.23548232667621058, 'max_samples': 0.5425986674370314, 'criterion': 'log_loss', 'class_weight': None}. Best is trial 234 with value: 1.0473222925367989.
[I 2026-02-26 11:14:15,245] Trial 376 pruned. 
[I 2026-02-26 11:14:19,814] Trial 377 pruned. 
[I 2026-02-26 11:14:24,134] Trial 378 pruned. 
[I 2026-02-26 11:14:28,228] Trial 379 pruned. 
[I 2026-02-26 11:14:32,627] Trial 380 pruned. 
[I 2026-02-26 11:14:37,264] Trial 381 pruned. 
[I 2026-02-26 11:14:41,582] Trial 382 pruned. 
[I 2026-02-26 11:14:46,000] Trial 383 pruned. 
[I 2026-02-26 11:14:51,078] Trial 384 pruned. 
[I 2026-02-26 11:14:55,770] Trial 385 pruned. 
[I 2026-02-26 11:15:01,286] Trial 386 pruned. 
[I 2026-02-26 11:15:07,069] Trial 387 pruned. 
[I 2026-02-26 11:15:13,016] Trial 388 pruned. 
[I 2026-02-26 11:15:16,937] Trial 389 pruned. 
[I 2026-02-26 11:15:18,578] Trial 390 finished with value: 1.0496771254360393 and parameters: {'n_estimators': 306, 'max_depth': 12, 'min_samples_leaf': 8, 'min_samples_split': 56, 'max_features': 0.23367498108997337, 'max_samples': 0.5432760258589419, 'criterion': 'gini', 'class_weight': None}. Best is trial 234 with value: 1.0473222925367989.
[I 2026-02-26 11:15:24,689] Trial 391 pruned. 
[I 2026-02-26 11:15:29,783] Trial 392 pruned. 
[I 2026-02-26 11:15:36,307] Trial 393 finished with value: 1.0489403238398618 and parameters: {'n_estimators': 1610, 'max_depth': 16, 'min_samples_leaf': 7, 'min_samples_split': 53, 'max_features': 0.21842185918916127, 'max_samples': 0.5541197173755451, 'criterion': 'log_loss', 'class_weight': None}. Best is trial 234 with value: 1.0473222925367989.
[I 2026-02-26 11:15:40,904] Trial 394 pruned. 
[I 2026-02-26 11:15:45,267] Trial 395 pruned. 
[I 2026-02-26 11:15:51,651] Trial 396 pruned. 
[I 2026-02-26 11:15:55,980] Trial 397 pruned. 
[I 2026-02-26 11:16:01,782] Trial 398 pruned. 
[I 2026-02-26 11:16:08,147] Trial 399 pruned. 
[I 2026-02-26 11:16:13,072] Trial 400 pruned. 
[I 2026-02-26 11:16:18,336] Trial 401 pruned. 
[I 2026-02-26 11:16:24,984] Trial 402 pruned. 
[I 2026-02-26 11:16:30,401] Trial 403 pruned. 
[I 2026-02-26 11:16:36,861] Trial 404 pruned. 
[I 2026-02-26 11:16:42,865] Trial 405 pruned. 
[I 2026-02-26 11:16:49,382] Trial 406 pruned. 
[I 2026-02-26 11:16:53,933] Trial 407 pruned. 
[I 2026-02-26 11:16:58,763] Trial 408 pruned. 
[I 2026-02-26 11:17:00,545] Trial 409 finished with value: 1.049900543982589 and parameters: {'n_estimators': 355, 'max_depth': 26, 'min_samples_leaf': 8, 'min_samples_split': 52, 'max_features': 0.22013156536464704, 'max_samples': 0.5201792698080667, 'criterion': 'gini', 'class_weight': None}. Best is trial 234 with value: 1.0473222925367989.
[I 2026-02-26 11:17:09,626] Trial 410 pruned. 
[I 2026-02-26 11:17:19,102] Trial 411 pruned. 
[I 2026-02-26 11:17:24,862] Trial 412 pruned. 
[I 2026-02-26 11:17:31,026] Trial 413 pruned. 
[I 2026-02-26 11:17:37,346] Trial 414 finished with value: 1.0492579023621231 and parameters: {'n_estimators': 1556, 'max_depth': None, 'min_samples_leaf': 9, 'min_samples_split': 51, 'max_features': 0.2592637984081626, 'max_samples': 0.556665892921104, 'criterion': 'gini', 'class_weight': None}. Best is trial 234 with value: 1.0473222925367989.
[I 2026-02-26 11:17:42,034] Trial 415 finished with value: 1.0481079100019168 and parameters: {'n_estimators': 1126, 'max_depth': 12, 'min_samples_leaf': 8, 'min_samples_split': 57, 'max_features': 0.23367366126309003, 'max_samples': 0.5117693021934356, 'criterion': 'entropy', 'class_weight': None}. Best is trial 234 with value: 1.0473222925367989.
[I 2026-02-26 11:17:46,600] Trial 416 pruned. 
[I 2026-02-26 11:17:56,574] Trial 417 finished with value: 1.049479161242245 and parameters: {'n_estimators': 2488, 'max_depth': 12, 'min_samples_leaf': 7, 'min_samples_split': 50, 'max_features': 0.21807099413870437, 'max_samples': 0.5081581060558901, 'criterion': 'entropy', 'class_weight': None}. Best is trial 234 with value: 1.0473222925367989.
[I 2026-02-26 11:18:01,257] Trial 418 pruned. 
[I 2026-02-26 11:18:06,213] Trial 419 pruned. 
[I 2026-02-26 11:18:10,537] Trial 420 pruned. 
[I 2026-02-26 11:18:14,617] Trial 421 pruned. 
[I 2026-02-26 11:18:19,419] Trial 422 finished with value: 1.048627212490625 and parameters: {'n_estimators': 1144, 'max_depth': 12, 'min_samples_leaf': 8, 'min_samples_split': 55, 'max_features': 0.24072818044156796, 'max_samples': 0.5838984765437268, 'criterion': 'entropy', 'class_weight': None}. Best is trial 234 with value: 1.0473222925367989.
[I 2026-02-26 11:18:24,111] Trial 423 pruned. 
[I 2026-02-26 11:18:29,015] Trial 424 pruned. 
[I 2026-02-26 11:18:34,246] Trial 425 pruned. 
[I 2026-02-26 11:18:38,753] Trial 426 pruned. 
[I 2026-02-26 11:18:43,265] Trial 427 pruned. 
[I 2026-02-26 11:18:45,786] Trial 428 finished with value: 1.049172822715542 and parameters: {'n_estimators': 547, 'max_depth': 12, 'min_samples_leaf': 6, 'min_samples_split': 57, 'max_features': 0.24041403996914046, 'max_samples': 0.5720636216767491, 'criterion': 'entropy', 'class_weight': None}. Best is trial 234 with value: 1.0473222925367989.
[I 2026-02-26 11:18:50,485] Trial 429 pruned. 
[I 2026-02-26 11:18:55,476] Trial 430 pruned. 
[I 2026-02-26 11:19:00,520] Trial 431 pruned. 
[I 2026-02-26 11:19:06,413] Trial 432 pruned. 
[I 2026-02-26 11:19:10,717] Trial 433 pruned. 
[I 2026-02-26 11:19:13,588] Trial 434 finished with value: 1.0489430776091813 and parameters: {'n_estimators': 638, 'max_depth': 20, 'min_samples_leaf': 8, 'min_samples_split': 55, 'max_features': 0.22594855561769436, 'max_samples': 0.6065258628503415, 'criterion': 'entropy', 'class_weight': None}. Best is trial 234 with value: 1.0473222925367989.
[I 2026-02-26 11:19:18,157] Trial 435 pruned. 
[I 2026-02-26 11:19:22,186] Trial 436 finished with value: 1.0494171276790214 and parameters: {'n_estimators': 928, 'max_depth': None, 'min_samples_leaf': 7, 'min_samples_split': 53, 'max_features': 0.24209606550125023, 'max_samples': 0.5638702864091549, 'criterion': 'entropy', 'class_weight': None}. Best is trial 234 with value: 1.0473222925367989.
[I 2026-02-26 11:19:25,234] Trial 437 pruned. 
[I 2026-02-26 11:19:32,121] Trial 438 pruned. 
[I 2026-02-26 11:19:36,535] Trial 439 pruned. 
[I 2026-02-26 11:19:41,782] Trial 440 finished with value: 1.048077008972744 and parameters: {'n_estimators': 1258, 'max_depth': None, 'min_samples_leaf': 8, 'min_samples_split': 57, 'max_features': 0.2759578727861327, 'max_samples': 0.5150548694402975, 'criterion': 'entropy', 'class_weight': None}. Best is trial 234 with value: 1.0473222925367989.
[I 2026-02-26 11:19:47,109] Trial 441 pruned. 
[I 2026-02-26 11:19:52,373] Trial 442 pruned. 
[I 2026-02-26 11:19:57,937] Trial 443 finished with value: 1.0480499419431875 and parameters: {'n_estimators': 1329, 'max_depth': None, 'min_samples_leaf': 8, 'min_samples_split': 56, 'max_features': 0.2797405863663698, 'max_samples': 0.508617891178299, 'criterion': 'entropy', 'class_weight': None}. Best is trial 234 with value: 1.0473222925367989.
[I 2026-02-26 11:20:03,216] Trial 444 pruned. 
[I 2026-02-26 11:20:08,863] Trial 445 pruned. 
[I 2026-02-26 11:20:14,541] Trial 446 finished with value: 1.0496546668572786 and parameters: {'n_estimators': 1346, 'max_depth': None, 'min_samples_leaf': 7, 'min_samples_split': 58, 'max_features': 0.2866294220835672, 'max_samples': 0.5113712138039757, 'criterion': 'entropy', 'class_weight': None}. Best is trial 234 with value: 1.0473222925367989.
[I 2026-02-26 11:20:20,077] Trial 447 finished with value: 1.0495083401459424 and parameters: {'n_estimators': 1320, 'max_depth': None, 'min_samples_leaf': 8, 'min_samples_split': 56, 'max_features': 0.2862357685939066, 'max_samples': 0.5058693554562893, 'criterion': 'entropy', 'class_weight': None}. Best is trial 234 with value: 1.0473222925367989.
[I 2026-02-26 11:20:25,491] Trial 448 finished with value: 1.0498833105841698 and parameters: {'n_estimators': 1316, 'max_depth': None, 'min_samples_leaf': 8, 'min_samples_split': 56, 'max_features': 0.2759025892160615, 'max_samples': 0.5007907835914536, 'criterion': 'entropy', 'class_weight': None}. Best is trial 234 with value: 1.0473222925367989.
[I 2026-02-26 11:20:30,796] Trial 449 pruned. 
[I 2026-02-26 11:20:35,785] Trial 450 finished with value: 1.0493097443539536 and parameters: {'n_estimators': 1204, 'max_depth': None, 'min_samples_leaf': 8, 'min_samples_split': 56, 'max_features': 0.2745390729710828, 'max_samples': 0.5131471456631241, 'criterion': 'entropy', 'class_weight': None}. Best is trial 234 with value: 1.0473222925367989.
[I 2026-02-26 11:20:41,600] Trial 451 pruned. 
[I 2026-02-26 11:20:47,017] Trial 452 finished with value: 1.0489745374840216 and parameters: {'n_estimators': 1300, 'max_depth': None, 'min_samples_leaf': 8, 'min_samples_split': 55, 'max_features': 0.2666860686443755, 'max_samples': 0.5269993084917404, 'criterion': 'entropy', 'class_weight': None}. Best is trial 234 with value: 1.0473222925367989.
[I 2026-02-26 11:20:52,903] Trial 453 pruned. 
[I 2026-02-26 11:20:58,207] Trial 454 finished with value: 1.048844868214592 and parameters: {'n_estimators': 1251, 'max_depth': None, 'min_samples_leaf': 8, 'min_samples_split': 55, 'max_features': 0.2610165019939916, 'max_samples': 0.5189588789155296, 'criterion': 'entropy', 'class_weight': None}. Best is trial 234 with value: 1.0473222925367989.
[I 2026-02-26 11:21:04,465] Trial 455 pruned. 
[I 2026-02-26 11:21:09,356] Trial 456 finished with value: 1.0491546436599235 and parameters: {'n_estimators': 1169, 'max_depth': 16, 'min_samples_leaf': 8, 'min_samples_split': 54, 'max_features': 0.3183866013010554, 'max_samples': 0.528896341355165, 'criterion': 'entropy', 'class_weight': None}. Best is trial 234 with value: 1.0473222925367989.
[I 2026-02-26 11:21:14,422] Trial 457 finished with value: 1.0491046402507784 and parameters: {'n_estimators': 1220, 'max_depth': None, 'min_samples_leaf': 8, 'min_samples_split': 57, 'max_features': 0.27645330137615937, 'max_samples': 0.5100252062201802, 'criterion': 'log_loss', 'class_weight': None}. Best is trial 234 with value: 1.0473222925367989.
[I 2026-02-26 11:21:19,293] Trial 458 finished with value: 1.0496218785196865 and parameters: {'n_estimators': 1149, 'max_depth': None, 'min_samples_leaf': 4, 'min_samples_split': 55, 'max_features': 0.2541058556532042, 'max_samples': 0.5428121544337806, 'criterion': 'entropy', 'class_weight': None}. Best is trial 234 with value: 1.0473222925367989.
[I 2026-02-26 11:21:25,038] Trial 459 pruned. 
[I 2026-02-26 11:21:30,417] Trial 460 finished with value: 1.0492174220203387 and parameters: {'n_estimators': 1271, 'max_depth': None, 'min_samples_leaf': 7, 'min_samples_split': 59, 'max_features': 0.2508756255479758, 'max_samples': 0.5356389898134317, 'criterion': 'log_loss', 'class_weight': None}. Best is trial 234 with value: 1.0473222925367989.
[I 2026-02-26 11:21:36,613] Trial 461 pruned. 
[I 2026-02-26 11:21:42,103] Trial 462 finished with value: 1.0488748619075658 and parameters: {'n_estimators': 1311, 'max_depth': None, 'min_samples_leaf': 8, 'min_samples_split': 56, 'max_features': 0.24889079877322298, 'max_samples': 0.5468265700364485, 'criterion': 'entropy', 'class_weight': None}. Best is trial 234 with value: 1.0473222925367989.
[I 2026-02-26 11:21:47,052] Trial 463 pruned. 
[I 2026-02-26 11:21:49,101] Trial 464 pruned. 
[I 2026-02-26 11:21:54,690] Trial 465 pruned. 
[I 2026-02-26 11:22:00,972] Trial 466 finished with value: 1.0478803964836756 and parameters: {'n_estimators': 1466, 'max_depth': 12, 'min_samples_leaf': 8, 'min_samples_split': 50, 'max_features': 0.26803357281127194, 'max_samples': 0.5426239695727195, 'criterion': 'log_loss', 'class_weight': None}. Best is trial 234 with value: 1.0473222925367989.
[I 2026-02-26 11:22:06,830] Trial 467 pruned. 
[I 2026-02-26 11:22:11,602] Trial 468 pruned. 
[I 2026-02-26 11:22:17,383] Trial 469 finished with value: 1.0480971211149424 and parameters: {'n_estimators': 1396, 'max_depth': None, 'min_samples_leaf': 9, 'min_samples_split': 51, 'max_features': 0.27002915483453427, 'max_samples': 0.5421971523165484, 'criterion': 'entropy', 'class_weight': None}. Best is trial 234 with value: 1.0473222925367989.
[I 2026-02-26 11:22:23,211] Trial 470 finished with value: 1.04965250551044 and parameters: {'n_estimators': 1404, 'max_depth': None, 'min_samples_leaf': 9, 'min_samples_split': 52, 'max_features': 0.2750733042044563, 'max_samples': 0.5382146155510922, 'criterion': 'log_loss', 'class_weight': None}. Best is trial 234 with value: 1.0473222925367989.
[I 2026-02-26 11:22:28,918] Trial 471 pruned. 
[I 2026-02-26 11:22:34,710] Trial 472 finished with value: 1.0486489538437243 and parameters: {'n_estimators': 1368, 'max_depth': None, 'min_samples_leaf': 9, 'min_samples_split': 51, 'max_features': 0.2930748977581621, 'max_samples': 0.5148615209231524, 'criterion': 'log_loss', 'class_weight': None}. Best is trial 234 with value: 1.0473222925367989.
[I 2026-02-26 11:22:40,452] Trial 473 pruned. 
[I 2026-02-26 11:22:46,068] Trial 474 pruned. 
[I 2026-02-26 11:22:51,630] Trial 475 pruned. 
[I 2026-02-26 11:22:57,576] Trial 476 pruned. 
[I 2026-02-26 11:23:03,695] Trial 477 pruned. 
[I 2026-02-26 11:23:09,025] Trial 478 pruned. 
[I 2026-02-26 11:23:14,068] Trial 479 pruned. 
[I 2026-02-26 11:23:20,075] Trial 480 finished with value: 1.0494730979808307 and parameters: {'n_estimators': 1465, 'max_depth': 16, 'min_samples_leaf': 9, 'min_samples_split': 53, 'max_features': 0.25483915311433597, 'max_samples': 0.5531641871193542, 'criterion': 'log_loss', 'class_weight': None}. Best is trial 234 with value: 1.0473222925367989.
[I 2026-02-26 11:23:25,713] Trial 481 pruned. 
[I 2026-02-26 11:23:31,504] Trial 482 pruned. 
[I 2026-02-26 11:23:37,346] Trial 483 pruned. 
[I 2026-02-26 11:23:42,534] Trial 484 pruned. 
[I 2026-02-26 11:23:47,986] Trial 485 pruned. 
[I 2026-02-26 11:23:52,837] Trial 486 pruned. 
[I 2026-02-26 11:23:58,899] Trial 487 pruned. 
[I 2026-02-26 11:24:03,907] Trial 488 pruned. 
[I 2026-02-26 11:24:08,630] Trial 489 pruned. 
[I 2026-02-26 11:24:14,269] Trial 490 pruned. 
[I 2026-02-26 11:24:19,224] Trial 491 pruned. 
[I 2026-02-26 11:24:25,275] Trial 492 pruned. 
[I 2026-02-26 11:24:28,866] Trial 493 pruned. 
[I 2026-02-26 11:24:34,154] Trial 494 pruned. 
[I 2026-02-26 11:24:39,945] Trial 495 pruned. 
[I 2026-02-26 11:24:42,592] Trial 496 pruned. 
[I 2026-02-26 11:24:46,258] Trial 497 pruned. 
[I 2026-02-26 11:24:52,067] Trial 498 pruned. 
[I 2026-02-26 11:24:57,222] Trial 499 pruned. 
[I 2026-02-26 11:25:02,049] Trial 500 finished with value: 1.0485676022807013 and parameters: {'n_estimators': 1132, 'max_depth': None, 'min_samples_leaf': 8, 'min_samples_split': 54, 'max_features': 0.28063886407043415, 'max_samples': 0.5002967246670215, 'criterion': 'entropy', 'class_weight': None}. Best is trial 234 with value: 1.0473222925367989.
[I 2026-02-26 11:25:06,768] Trial 501 pruned. 
[I 2026-02-26 11:25:11,545] Trial 502 pruned. 
[I 2026-02-26 11:25:15,742] Trial 503 pruned. 
[I 2026-02-26 11:25:20,089] Trial 504 pruned. 
[I 2026-02-26 11:25:21,910] Trial 505 pruned. 
[I 2026-02-26 11:25:26,814] Trial 506 pruned. 
[I 2026-02-26 11:25:31,344] Trial 507 finished with value: 1.0491012588375548 and parameters: {'n_estimators': 1081, 'max_depth': 12, 'min_samples_leaf': 8, 'min_samples_split': 56, 'max_features': 0.24157583408183456, 'max_samples': 0.545699431099149, 'criterion': 'entropy', 'class_weight': None}. Best is trial 234 with value: 1.0473222925367989.
[I 2026-02-26 11:25:35,658] Trial 508 pruned. 
[I 2026-02-26 11:25:40,566] Trial 509 pruned. 
[I 2026-02-26 11:25:45,246] Trial 510 pruned. 
[I 2026-02-26 11:25:49,796] Trial 511 pruned. 
[I 2026-02-26 11:25:55,113] Trial 512 finished with value: 1.0496295947917529 and parameters: {'n_estimators': 1217, 'max_depth': None, 'min_samples_leaf': 8, 'min_samples_split': 53, 'max_features': 0.26732015873874765, 'max_samples': 0.5227565907032568, 'criterion': 'entropy', 'class_weight': None}. Best is trial 234 with value: 1.0473222925367989.
[I 2026-02-26 11:26:01,333] Trial 513 pruned. 
[I 2026-02-26 11:26:05,703] Trial 514 pruned. 
[I 2026-02-26 11:26:09,566] Trial 515 pruned. 
[I 2026-02-26 11:26:12,718] Trial 516 pruned. 
[I 2026-02-26 11:26:19,298] Trial 517 finished with value: 1.0489918679562156 and parameters: {'n_estimators': 1613, 'max_depth': 16, 'min_samples_leaf': 8, 'min_samples_split': 50, 'max_features': 0.2560442216747085, 'max_samples': 0.5096036819110356, 'criterion': 'entropy', 'class_weight': None}. Best is trial 234 with value: 1.0473222925367989.
[I 2026-02-26 11:26:24,579] Trial 518 pruned. 
[I 2026-02-26 11:26:29,522] Trial 519 finished with value: 1.049561496706691 and parameters: {'n_estimators': 1178, 'max_depth': 12, 'min_samples_leaf': 8, 'min_samples_split': 55, 'max_features': 0.236713801505591, 'max_samples': 0.5323177848135131, 'criterion': 'entropy', 'class_weight': None}. Best is trial 234 with value: 1.0473222925367989.
[I 2026-02-26 11:26:34,093] Trial 520 pruned. 
[I 2026-02-26 11:26:40,369] Trial 521 pruned. 
[I 2026-02-26 11:26:44,949] Trial 522 pruned. 
[I 2026-02-26 11:26:50,940] Trial 523 pruned. 
[I 2026-02-26 11:26:55,903] Trial 524 pruned. 
[I 2026-02-26 11:27:02,322] Trial 525 finished with value: 1.0490585451724872 and parameters: {'n_estimators': 1562, 'max_depth': 12, 'min_samples_leaf': 8, 'min_samples_split': 56, 'max_features': 0.3251001854656064, 'max_samples': 0.5083515736905164, 'criterion': 'entropy', 'class_weight': None}. Best is trial 234 with value: 1.0473222925367989.
[I 2026-02-26 11:27:06,948] Trial 526 pruned. 
[I 2026-02-26 11:27:11,042] Trial 527 pruned. 
[I 2026-02-26 11:27:16,113] Trial 528 pruned. 
[I 2026-02-26 11:27:21,132] Trial 529 pruned. 
[I 2026-02-26 11:27:25,435] Trial 530 pruned. 
[I 2026-02-26 11:27:30,308] Trial 531 finished with value: 1.0483271844531024 and parameters: {'n_estimators': 1178, 'max_depth': 26, 'min_samples_leaf': 8, 'min_samples_split': 54, 'max_features': 0.25288728218092593, 'max_samples': 0.5370824241318239, 'criterion': 'gini', 'class_weight': None}. Best is trial 234 with value: 1.0473222925367989.
[I 2026-02-26 11:27:35,290] Trial 532 pruned. 
[I 2026-02-26 11:27:40,408] Trial 533 pruned. 
[I 2026-02-26 11:27:47,007] Trial 534 pruned. 
[I 2026-02-26 11:27:54,318] Trial 535 pruned. 
[I 2026-02-26 11:27:59,376] Trial 536 pruned. 
[I 2026-02-26 11:28:06,977] Trial 537 pruned. 
[I 2026-02-26 11:28:11,745] Trial 538 finished with value: 1.0472202813157694 and parameters: {'n_estimators': 1155, 'max_depth': 26, 'min_samples_leaf': 8, 'min_samples_split': 56, 'max_features': 0.2233022065043174, 'max_samples': 0.5240069195243422, 'criterion': 'gini', 'class_weight': None}. Best is trial 538 with value: 1.0472202813157694.
[I 2026-02-26 11:28:17,893] Trial 539 pruned. 
[I 2026-02-26 11:28:23,213] Trial 540 pruned. 
[I 2026-02-26 11:28:25,518] Trial 541 pruned. 
[I 2026-02-26 11:28:30,289] Trial 542 pruned. 
[I 2026-02-26 11:28:36,824] Trial 543 pruned. 
[I 2026-02-26 11:28:42,683] Trial 544 pruned. 
[I 2026-02-26 11:28:47,732] Trial 545 pruned. 
[I 2026-02-26 11:28:53,458] Trial 546 pruned. 
[I 2026-02-26 11:28:58,748] Trial 547 pruned. 
[I 2026-02-26 11:29:03,611] Trial 548 finished with value: 1.0494240357453162 and parameters: {'n_estimators': 1177, 'max_depth': 26, 'min_samples_leaf': 8, 'min_samples_split': 56, 'max_features': 0.25461653799559625, 'max_samples': 0.5094991697632215, 'criterion': 'gini', 'class_weight': None}. Best is trial 538 with value: 1.0472202813157694.
[I 2026-02-26 11:29:09,567] Trial 549 pruned. 
[I 2026-02-26 11:29:15,742] Trial 550 pruned. 
[I 2026-02-26 11:29:20,861] Trial 551 pruned. 
[I 2026-02-26 11:29:26,394] Trial 552 pruned. 
[I 2026-02-26 11:29:29,206] Trial 553 pruned. 
[I 2026-02-26 11:29:32,755] Trial 554 pruned. 
[I 2026-02-26 11:29:38,625] Trial 555 pruned. 
[I 2026-02-26 11:29:45,946] Trial 556 pruned. 
[I 2026-02-26 11:29:50,705] Trial 557 pruned. 
[I 2026-02-26 11:29:56,704] Trial 558 pruned. 
[I 2026-02-26 11:30:06,405] Trial 559 pruned. 
[I 2026-02-26 11:30:13,016] Trial 560 pruned. 
[I 2026-02-26 11:30:18,032] Trial 561 pruned. 
[I 2026-02-26 11:30:23,167] Trial 562 pruned. 
[I 2026-02-26 11:30:27,527] Trial 563 pruned. 
[I 2026-02-26 11:30:33,433] Trial 564 pruned. 
[I 2026-02-26 11:30:38,163] Trial 565 pruned. 
[I 2026-02-26 11:30:44,649] Trial 566 pruned. 
[I 2026-02-26 11:30:51,035] Trial 567 pruned. 
[I 2026-02-26 11:30:56,635] Trial 568 pruned. 
[I 2026-02-26 11:31:02,170] Trial 569 pruned. 
[I 2026-02-26 11:31:07,145] Trial 570 pruned. 
[I 2026-02-26 11:31:10,584] Trial 571 pruned. 
[I 2026-02-26 11:31:15,056] Trial 572 pruned. 
[I 2026-02-26 11:31:24,820] Trial 573 pruned. 
[I 2026-02-26 11:31:30,616] Trial 574 pruned. 
[I 2026-02-26 11:31:35,686] Trial 575 finished with value: 1.0492297207973913 and parameters: {'n_estimators': 1166, 'max_depth': None, 'min_samples_leaf': 8, 'min_samples_split': 54, 'max_features': 0.24583716132638797, 'max_samples': 0.5619159454554445, 'criterion': 'log_loss', 'class_weight': None}. Best is trial 538 with value: 1.0472202813157694.
[I 2026-02-26 11:31:42,527] Trial 576 pruned. 
[I 2026-02-26 11:31:48,588] Trial 577 pruned. 
[I 2026-02-26 11:31:52,386] Trial 578 pruned. 
[I 2026-02-26 11:31:54,541] Trial 579 pruned. 
[I 2026-02-26 11:32:00,002] Trial 580 pruned. 
[I 2026-02-26 11:32:05,420] Trial 581 pruned. 
[I 2026-02-26 11:32:11,390] Trial 582 pruned. 
[I 2026-02-26 11:32:16,131] Trial 583 pruned. 
[I 2026-02-26 11:32:22,631] Trial 584 pruned. 
[I 2026-02-26 11:32:28,372] Trial 585 pruned. 
[I 2026-02-26 11:32:32,664] Trial 586 pruned. 
[I 2026-02-26 11:32:37,612] Trial 587 pruned. 
[I 2026-02-26 11:32:42,339] Trial 588 pruned. 
[I 2026-02-26 11:32:47,554] Trial 589 pruned. 
[I 2026-02-26 11:32:49,499] Trial 590 pruned. 
[I 2026-02-26 11:32:53,663] Trial 591 pruned. 
[I 2026-02-26 11:32:58,119] Trial 592 pruned. 
[I 2026-02-26 11:33:03,673] Trial 593 pruned. 
[I 2026-02-26 11:33:09,952] Trial 594 pruned. 
[I 2026-02-26 11:33:15,567] Trial 595 pruned. 
[I 2026-02-26 11:33:20,765] Trial 596 pruned. 
[I 2026-02-26 11:33:25,259] Trial 597 pruned. 
[I 2026-02-26 11:33:30,055] Trial 598 pruned. 
[I 2026-02-26 11:33:34,818] Trial 599 pruned. 
[I 2026-02-26 11:33:43,606] Trial 600 pruned. 
[I 2026-02-26 11:33:48,741] Trial 601 pruned. 
[I 2026-02-26 11:33:52,921] Trial 602 pruned. 
[I 2026-02-26 11:33:55,620] Trial 603 pruned. 
[I 2026-02-26 11:34:01,540] Trial 604 pruned. 
[I 2026-02-26 11:34:07,115] Trial 605 finished with value: 1.0484612864345473 and parameters: {'n_estimators': 1453, 'max_depth': 16, 'min_samples_leaf': 8, 'min_samples_split': 53, 'max_features': 0.2834476520743084, 'max_samples': 0.5117861252868775, 'criterion': 'log_loss', 'class_weight': None}. Best is trial 538 with value: 1.0472202813157694.
[I 2026-02-26 11:34:12,976] Trial 606 pruned. 
[I 2026-02-26 11:34:19,222] Trial 607 pruned. 
[I 2026-02-26 11:34:25,548] Trial 608 pruned. 
[I 2026-02-26 11:34:31,750] Trial 609 pruned. 
[I 2026-02-26 11:34:37,551] Trial 610 pruned. 
[I 2026-02-26 11:34:43,417] Trial 611 finished with value: 1.0488803125479937 and parameters: {'n_estimators': 1412, 'max_depth': 16, 'min_samples_leaf': 9, 'min_samples_split': 53, 'max_features': 0.27461191293663273, 'max_samples': 0.564869016901205, 'criterion': 'log_loss', 'class_weight': None}. Best is trial 538 with value: 1.0472202813157694.
[I 2026-02-26 11:34:50,600] Trial 612 pruned. 
[I 2026-02-26 11:34:57,619] Trial 613 pruned. 
[I 2026-02-26 11:35:03,566] Trial 614 pruned. 
[I 2026-02-26 11:35:09,858] Trial 615 pruned. 
[I 2026-02-26 11:35:15,131] Trial 616 pruned. 
[I 2026-02-26 11:35:20,857] Trial 617 pruned. 
[I 2026-02-26 11:35:25,995] Trial 618 pruned. 
[I 2026-02-26 11:35:29,651] Trial 619 pruned. 
[I 2026-02-26 11:35:35,785] Trial 620 pruned. 
[I 2026-02-26 11:35:41,092] Trial 621 pruned. 
[I 2026-02-26 11:35:48,646] Trial 622 pruned. 
[I 2026-02-26 11:35:50,877] Trial 623 pruned. 
[I 2026-02-26 11:35:55,651] Trial 624 pruned. 
[I 2026-02-26 11:36:01,469] Trial 625 pruned. 
[I 2026-02-26 11:36:04,792] Trial 626 pruned. 
[I 2026-02-26 11:36:09,878] Trial 627 pruned. 
[I 2026-02-26 11:36:16,026] Trial 628 pruned. 
[I 2026-02-26 11:36:20,767] Trial 629 pruned. 
[I 2026-02-26 11:36:26,416] Trial 630 pruned. 
[I 2026-02-26 11:36:31,669] Trial 631 pruned. 
[I 2026-02-26 11:36:37,055] Trial 632 pruned. 
[I 2026-02-26 11:36:38,602] Trial 633 finished with value: 1.0479013135178177 and parameters: {'n_estimators': 339, 'max_depth': 16, 'min_samples_leaf': 8, 'min_samples_split': 54, 'max_features': 0.23042041276547, 'max_samples': 0.5308605899805758, 'criterion': 'log_loss', 'class_weight': None}. Best is trial 538 with value: 1.0472202813157694.
[I 2026-02-26 11:36:40,124] Trial 634 pruned. 
[I 2026-02-26 11:36:42,125] Trial 635 pruned. 
[I 2026-02-26 11:36:44,083] Trial 636 pruned. 
[I 2026-02-26 11:36:47,101] Trial 637 pruned. 
[I 2026-02-26 11:36:48,506] Trial 638 pruned. 
[I 2026-02-26 11:36:52,149] Trial 639 pruned. 
[I 2026-02-26 11:36:54,237] Trial 640 pruned. 
[I 2026-02-26 11:36:55,856] Trial 641 pruned. 
[I 2026-02-26 11:36:57,457] Trial 642 pruned. 
[I 2026-02-26 11:36:58,883] Trial 643 pruned. 
[I 2026-02-26 11:37:03,395] Trial 644 pruned. 
[I 2026-02-26 11:37:04,842] Trial 645 pruned. 
[I 2026-02-26 11:37:06,551] Trial 646 pruned. 
[I 2026-02-26 11:37:08,959] Trial 647 pruned. 
[I 2026-02-26 11:37:10,744] Trial 648 pruned. 
[I 2026-02-26 11:37:12,103] Trial 649 pruned. 
[I 2026-02-26 11:37:18,290] Trial 650 pruned. 
[I 2026-02-26 11:37:22,675] Trial 651 pruned. 
[I 2026-02-26 11:37:30,286] Trial 652 pruned. 
[I 2026-02-26 11:37:33,304] Trial 653 pruned. 
[I 2026-02-26 11:37:38,170] Trial 654 pruned. 
[I 2026-02-26 11:37:42,783] Trial 655 pruned. 
[I 2026-02-26 11:37:46,705] Trial 656 pruned. 
[I 2026-02-26 11:37:51,349] Trial 657 pruned. 
[I 2026-02-26 11:37:55,454] Trial 658 pruned. 
[I 2026-02-26 11:37:58,975] Trial 659 pruned. 
[I 2026-02-26 11:38:02,323] Trial 660 pruned. 
[I 2026-02-26 11:38:07,172] Trial 661 pruned. 
[I 2026-02-26 11:38:12,851] Trial 662 finished with value: 1.0488600416046823 and parameters: {'n_estimators': 1552, 'max_depth': 12, 'min_samples_leaf': 8, 'min_samples_split': 56, 'max_features': 0.25131973770426025, 'max_samples': 0.5430024871003443, 'criterion': 'entropy', 'class_weight': None}. Best is trial 538 with value: 1.0472202813157694.
[I 2026-02-26 11:38:17,132] Trial 663 pruned. 
[I 2026-02-26 11:38:22,013] Trial 664 pruned. 
[I 2026-02-26 11:38:26,492] Trial 665 pruned. 
[I 2026-02-26 11:38:28,701] Trial 666 pruned. 
[I 2026-02-26 11:38:37,369] Trial 667 pruned. 
[I 2026-02-26 11:38:38,895] Trial 668 pruned. 
[I 2026-02-26 11:38:44,836] Trial 669 pruned. 
[I 2026-02-26 11:38:48,877] Trial 670 pruned. 
[I 2026-02-26 11:38:53,145] Trial 671 pruned. 
[I 2026-02-26 11:38:57,634] Trial 672 pruned. 
[I 2026-02-26 11:39:03,723] Trial 673 pruned. 
[I 2026-02-26 11:39:09,187] Trial 674 pruned. 
[I 2026-02-26 11:39:12,072] Trial 675 pruned. 
[I 2026-02-26 11:39:17,870] Trial 676 pruned. 
[I 2026-02-26 11:39:22,834] Trial 677 pruned. 
[I 2026-02-26 11:39:28,352] Trial 678 pruned. 
[I 2026-02-26 11:39:32,594] Trial 679 pruned. 
[I 2026-02-26 11:39:36,977] Trial 680 pruned. 
[I 2026-02-26 11:39:41,747] Trial 681 finished with value: 1.0487732368074223 and parameters: {'n_estimators': 1252, 'max_depth': None, 'min_samples_leaf': 8, 'min_samples_split': 54, 'max_features': 0.23993397743570818, 'max_samples': 0.5431088893120347, 'criterion': 'entropy', 'class_weight': None}. Best is trial 538 with value: 1.0472202813157694.
[I 2026-02-26 11:39:46,886] Trial 682 pruned. 
[I 2026-02-26 11:39:52,110] Trial 683 pruned. 
[I 2026-02-26 11:39:57,695] Trial 684 pruned. 
[I 2026-02-26 11:40:01,907] Trial 685 pruned. 
[I 2026-02-26 11:40:07,322] Trial 686 pruned. 
[I 2026-02-26 11:40:14,231] Trial 687 pruned. 
[I 2026-02-26 11:40:17,848] Trial 688 pruned. 
[I 2026-02-26 11:40:21,155] Trial 689 pruned. 
[I 2026-02-26 11:40:23,249] Trial 690 pruned. 
[I 2026-02-26 11:40:31,667] Trial 691 pruned. 
[I 2026-02-26 11:40:36,059] Trial 692 pruned. 
[I 2026-02-26 11:40:40,005] Trial 693 pruned. 
[I 2026-02-26 11:40:44,574] Trial 694 pruned. 
[I 2026-02-26 11:40:49,340] Trial 695 pruned. 
[I 2026-02-26 11:40:55,092] Trial 696 pruned. 
[I 2026-02-26 11:41:01,221] Trial 697 pruned. 
[I 2026-02-26 11:41:06,544] Trial 698 pruned. 
[I 2026-02-26 11:41:12,082] Trial 699 pruned. 
[I 2026-02-26 11:41:16,337] Trial 700 pruned. 
[I 2026-02-26 11:41:21,735] Trial 701 pruned. 
[I 2026-02-26 11:41:26,618] Trial 702 pruned. 
[I 2026-02-26 11:41:29,569] Trial 703 pruned. 
[I 2026-02-26 11:41:33,520] Trial 704 pruned. 
[I 2026-02-26 11:41:35,362] Trial 705 pruned. 
[I 2026-02-26 11:41:36,902] Trial 706 pruned. 
[I 2026-02-26 11:41:40,243] Trial 707 pruned. 
[I 2026-02-26 11:41:45,593] Trial 708 pruned. 
[I 2026-02-26 11:41:50,190] Trial 709 pruned. 
[I 2026-02-26 11:41:54,951] Trial 710 pruned. 
[I 2026-02-26 11:42:00,982] Trial 711 pruned. 
[I 2026-02-26 11:42:07,179] Trial 712 pruned. 
[I 2026-02-26 11:42:11,595] Trial 713 finished with value: 1.0487003633930876 and parameters: {'n_estimators': 1158, 'max_depth': None, 'min_samples_leaf': 7, 'min_samples_split': 54, 'max_features': 0.25683542977513585, 'max_samples': 0.5515093580860065, 'criterion': 'entropy', 'class_weight': None}. Best is trial 538 with value: 1.0472202813157694.
[I 2026-02-26 11:42:15,646] Trial 714 pruned. 
[I 2026-02-26 11:42:21,469] Trial 715 pruned. 
[I 2026-02-26 11:42:26,006] Trial 716 pruned. 
[I 2026-02-26 11:42:34,801] Trial 717 pruned. 
[I 2026-02-26 11:42:39,902] Trial 718 pruned. 
[I 2026-02-26 11:42:45,328] Trial 719 pruned. 
[I 2026-02-26 11:42:50,346] Trial 720 finished with value: 1.0491097274594765 and parameters: {'n_estimators': 1346, 'max_depth': None, 'min_samples_leaf': 9, 'min_samples_split': 53, 'max_features': 0.2641209957772929, 'max_samples': 0.515868445720132, 'criterion': 'log_loss', 'class_weight': None}. Best is trial 538 with value: 1.0472202813157694.
[I 2026-02-26 11:42:55,947] Trial 721 pruned. 
[I 2026-02-26 11:43:04,845] Trial 722 pruned. 
[I 2026-02-26 11:43:09,532] Trial 723 pruned. 
[I 2026-02-26 11:43:14,070] Trial 724 finished with value: 1.0493836954505191 and parameters: {'n_estimators': 1193, 'max_depth': None, 'min_samples_leaf': 9, 'min_samples_split': 54, 'max_features': 0.2327528969723068, 'max_samples': 0.5289206233160736, 'criterion': 'log_loss', 'class_weight': None}. Best is trial 538 with value: 1.0472202813157694.
[I 2026-02-26 11:43:19,433] Trial 725 pruned. 
[I 2026-02-26 11:43:23,597] Trial 726 pruned. 
[I 2026-02-26 11:43:28,794] Trial 727 pruned. 
[I 2026-02-26 11:43:34,862] Trial 728 pruned. 
[I 2026-02-26 11:43:40,622] Trial 729 pruned. 
[I 2026-02-26 11:43:44,177] Trial 730 pruned. 
[I 2026-02-26 11:43:48,045] Trial 731 pruned. 
[I 2026-02-26 11:43:54,395] Trial 732 pruned. 
[I 2026-02-26 11:43:59,034] Trial 733 pruned. 
[I 2026-02-26 11:44:06,602] Trial 734 pruned. 
[I 2026-02-26 11:44:11,952] Trial 735 pruned. 
[I 2026-02-26 11:44:16,329] Trial 736 pruned. 
[I 2026-02-26 11:44:22,242] Trial 737 pruned. 
[I 2026-02-26 11:44:23,871] Trial 738 pruned. 
[I 2026-02-26 11:44:28,242] Trial 739 pruned. 
[I 2026-02-26 11:44:33,877] Trial 740 pruned. 
[I 2026-02-26 11:44:38,837] Trial 741 pruned. 
[I 2026-02-26 11:44:40,681] Trial 742 pruned. 
[I 2026-02-26 11:44:44,991] Trial 743 pruned. 
[I 2026-02-26 11:44:49,780] Trial 744 pruned. 
[I 2026-02-26 11:44:57,377] Trial 745 finished with value: 1.0489249448611497 and parameters: {'n_estimators': 2022, 'max_depth': None, 'min_samples_leaf': 8, 'min_samples_split': 53, 'max_features': 0.2642254487043611, 'max_samples': 0.530182679612583, 'criterion': 'entropy', 'class_weight': None}. Best is trial 538 with value: 1.0472202813157694.
[I 2026-02-26 11:45:01,072] Trial 746 pruned. 
[I 2026-02-26 11:45:06,279] Trial 747 pruned. 
[I 2026-02-26 11:45:12,008] Trial 748 pruned. 
[I 2026-02-26 11:45:14,786] Trial 749 pruned. 
[I 2026-02-26 11:45:19,364] Trial 750 pruned. 
[I 2026-02-26 11:45:24,975] Trial 751 pruned. 
[I 2026-02-26 11:45:30,331] Trial 752 pruned. 
[I 2026-02-26 11:45:34,773] Trial 753 finished with value: 1.0489458628844646 and parameters: {'n_estimators': 1195, 'max_depth': 26, 'min_samples_leaf': 8, 'min_samples_split': 54, 'max_features': 0.20930221806109262, 'max_samples': 0.5449926323469817, 'criterion': 'entropy', 'class_weight': None}. Best is trial 538 with value: 1.0472202813157694.
[I 2026-02-26 11:45:40,352] Trial 754 pruned. 
[I 2026-02-26 11:45:44,341] Trial 755 pruned. 
[I 2026-02-26 11:45:49,267] Trial 756 pruned. 
[I 2026-02-26 11:45:54,628] Trial 757 pruned. 
[I 2026-02-26 11:45:56,130] Trial 758 pruned. 
[I 2026-02-26 11:46:00,780] Trial 759 pruned. 
[I 2026-02-26 11:46:03,996] Trial 760 pruned. 
[I 2026-02-26 11:46:08,345] Trial 761 pruned. 
[I 2026-02-26 11:46:12,250] Trial 762 pruned. 
[I 2026-02-26 11:46:18,847] Trial 763 finished with value: 1.0475218118402476 and parameters: {'n_estimators': 1813, 'max_depth': None, 'min_samples_leaf': 8, 'min_samples_split': 52, 'max_features': 0.24997362707771106, 'max_samples': 0.5283566655468698, 'criterion': 'gini', 'class_weight': None}. Best is trial 538 with value: 1.0472202813157694.
[I 2026-02-26 11:46:25,653] Trial 764 pruned. 
[I 2026-02-26 11:46:32,810] Trial 765 pruned. 
[I 2026-02-26 11:46:38,750] Trial 766 pruned. 
[I 2026-02-26 11:46:45,247] Trial 767 pruned. 
[I 2026-02-26 11:46:52,302] Trial 768 pruned. 
[I 2026-02-26 11:46:57,662] Trial 769 pruned. 
[I 2026-02-26 11:47:04,024] Trial 770 pruned. 
[I 2026-02-26 11:47:10,712] Trial 771 pruned. 
[I 2026-02-26 11:47:16,537] Trial 772 pruned. 
[I 2026-02-26 11:47:23,232] Trial 773 pruned. 
[I 2026-02-26 11:47:28,706] Trial 774 pruned. 
[I 2026-02-26 11:47:37,385] Trial 775 pruned. 
[I 2026-02-26 11:47:42,441] Trial 776 pruned. 
[I 2026-02-26 11:47:50,890] Trial 777 pruned. 
[I 2026-02-26 11:47:56,675] Trial 778 pruned. 
[I 2026-02-26 11:48:02,311] Trial 779 pruned. 
[I 2026-02-26 11:48:08,903] Trial 780 pruned. 
[I 2026-02-26 11:48:13,719] Trial 781 pruned. 
[I 2026-02-26 11:48:19,320] Trial 782 pruned. 
[I 2026-02-26 11:48:24,585] Trial 783 pruned. 
[I 2026-02-26 11:48:29,893] Trial 784 pruned. 
[I 2026-02-26 11:48:36,353] Trial 785 pruned. 
[I 2026-02-26 11:48:40,898] Trial 786 pruned. 
[I 2026-02-26 11:48:45,393] Trial 787 pruned. 
[I 2026-02-26 11:48:51,448] Trial 788 pruned. 
[I 2026-02-26 11:48:57,144] Trial 789 pruned. 
[I 2026-02-26 11:49:01,688] Trial 790 finished with value: 1.0492009061032401 and parameters: {'n_estimators': 1150, 'max_depth': None, 'min_samples_leaf': 9, 'min_samples_split': 53, 'max_features': 0.2933664304939902, 'max_samples': 0.5256126579506664, 'criterion': 'log_loss', 'class_weight': None}. Best is trial 538 with value: 1.0472202813157694.
[I 2026-02-26 11:49:06,870] Trial 791 pruned. 
[I 2026-02-26 11:49:12,373] Trial 792 pruned. 
[I 2026-02-26 11:49:17,073] Trial 793 pruned. 
[I 2026-02-26 11:49:22,440] Trial 794 pruned. 
[I 2026-02-26 11:49:29,974] Trial 795 pruned. 
[I 2026-02-26 11:49:37,665] Trial 796 pruned. 
[I 2026-02-26 11:49:42,320] Trial 797 pruned. 
[I 2026-02-26 11:49:46,398] Trial 798 pruned. 
[I 2026-02-26 11:49:51,155] Trial 799 pruned. 
[I 2026-02-26 11:49:57,541] Trial 800 pruned. 
[I 2026-02-26 11:50:02,106] Trial 801 pruned. 
[I 2026-02-26 11:50:07,225] Trial 802 pruned. 
[I 2026-02-26 11:50:13,139] Trial 803 pruned. 
[I 2026-02-26 11:50:22,033] Trial 804 pruned. 
[I 2026-02-26 11:50:27,681] Trial 805 pruned. 
{
  "study": "stage2_multiclass_rf",
  "optimised_objective": "logloss",
  "best_value_logloss_mean": 1.0472202813157694,
  "best_params": {
    "n_estimators": 1155,
    "max_depth": 26,
    "min_samples_leaf": 8,
    "min_samples_split": 56,
    "max_features": 0.2233022065043174,
    "max_samples": 0.5240069195243422,
    "criterion": "gini",
    "class_weight": null
  },
  "n_trials": 806,
  "n_splits": 5,
  "holdout_race_ids_excluded": [
    2,
    24,
    53,
    73,
    75
  ],
  "sample_frac": 1.0,
  "max_races": 80,
  "early_stopping_rounds": 50
}
{
  "study": "stage2_multiclass_rf",
  "task": "multiclass",
  "model": "rf",
  "metrics": {
    "accuracy_mean": 0.5561303488426438,
    "accuracy_std": 0.08284942900754344,
    "precision_macro_mean": 0.46656283335685844,
    "precision_macro_std": 0.11706449718613196,
    "recall_macro_mean": 0.4734179248538387,
    "recall_macro_std": 0.1406415994725994,
    "f1_macro_mean": 0.45164883579938825,
    "f1_macro_std": 0.11587641181293228,
    "logloss_mean": 1.0472202813157692,
    "logloss_std": 0.10039737405832769
  }
}
Job finished at Thu 26 Feb 11:50:32 GMT 2026
