Job: tune-binary-xgb
Repo: /dcs/23/u5514578/cs310/y3p
PWD: /dcs/23/u5514578/cs310/y3p
Python: /dcs/23/u5514578/cs310/y3p/venv/bin/python
src import OK
Task=binary Model=xgb DataFile=data/processed/dataset1.csv NTrials=100
Running on tiger-02
[I 2026-03-20 01:07:12,386] Trial 0 finished with value: 0.24477892889705993 and parameters: {'n_estimators': 250, 'learning_rate': 0.11207488496994687, 'max_depth': 5, 'min_child_weight': 5, 'subsample': 0.7468055921327309, 'colsample_bytree': 0.662397808134481, 'gamma': 0.11616722433639892, 'reg_alpha': 0.21766241123453672, 'reg_lambda': 0.6358358856676253, 'max_bin': 128}. Best is trial 0 with value: 0.24477892889705993.
[I 2026-03-20 01:08:26,037] Trial 1 finished with value: 0.3020581053764458 and parameters: {'n_estimators': 488, 'learning_rate': 0.0951265319412623, 'max_depth': 3, 'min_child_weight': 2, 'subsample': 0.7550213529560301, 'colsample_bytree': 0.7216968971838151, 'gamma': 1.0495128632644757, 'reg_alpha': 0.014648955132800727, 'reg_lambda': 0.07476312062252301, 'max_bin': 128}. Best is trial 0 with value: 0.24477892889705993.
[I 2026-03-20 01:08:59,785] Trial 2 finished with value: 0.3567430530220747 and parameters: {'n_estimators': 217, 'learning_rate': 0.04985320260355172, 'max_depth': 4, 'min_child_weight': 7, 'subsample': 0.7599021346475079, 'colsample_bytree': 0.8056937753654446, 'gamma': 1.184829137724085, 'reg_alpha': 0.0013346527038305934, 'reg_lambda': 0.6647135865318028, 'max_bin': 128}. Best is trial 0 with value: 0.24477892889705993.
[I 2026-03-20 01:10:31,477] Trial 3 finished with value: 0.1459990436785768 and parameters: {'n_estimators': 480, 'learning_rate': 0.11441676598611811, 'max_depth': 6, 'min_child_weight': 3, 'subsample': 0.7293016342019151, 'colsample_bytree': 0.8736932106048627, 'gamma': 0.8803049874792026, 'reg_alpha': 0.0021348999901951954, 'reg_lambda': 0.3058656666978526, 'max_bin': 256}. Best is trial 3 with value: 0.1459990436785768.
[I 2026-03-20 01:11:14,622] Trial 4 finished with value: 0.3370508927529225 and parameters: {'n_estimators': 203, 'learning_rate': 0.07516218824258078, 'max_depth': 4, 'min_child_weight': 5, 'subsample': 0.8640130838029838, 'colsample_bytree': 0.6739417822102108, 'gamma': 1.9391692555291171, 'reg_alpha': 0.12361188797337339, 'reg_lambda': 6.58410616012161, 'max_bin': 128}. Best is trial 3 with value: 0.1459990436785768.
[I 2026-03-20 01:12:48,061] Trial 5 finished with value: 0.3764936977010659 and parameters: {'n_estimators': 469, 'learning_rate': 0.03391556448121213, 'max_depth': 3, 'min_child_weight': 1, 'subsample': 0.7975990992289793, 'colsample_bytree': 0.7554709158757928, 'gamma': 0.5426980635477918, 'reg_alpha': 0.17247957710046016, 'reg_lambda': 0.11756010900231852, 'max_bin': 256}. Best is trial 3 with value: 0.1459990436785768.
[I 2026-03-20 01:13:13,978] Trial 6 finished with value: 0.3834156258247855 and parameters: {'n_estimators': 156, 'learning_rate': 0.09122039783913956, 'max_depth': 3, 'min_child_weight': 8, 'subsample': 0.9316734307889972, 'colsample_bytree': 0.679486272613669, 'gamma': 0.011044234247204798, 'reg_alpha': 0.15882027186184094, 'reg_lambda': 1.3199942261535018, 'max_bin': 256}. Best is trial 3 with value: 0.1459990436785768.
[I 2026-03-20 01:13:34,723] Trial 7 finished with value: 0.43829253384769223 and parameters: {'n_estimators': 129, 'learning_rate': 0.04931046842561624, 'max_depth': 3, 'min_child_weight': 7, 'subsample': 0.8869894380482674, 'colsample_bytree': 0.7323592099410596, 'gamma': 0.12711670057204727, 'reg_alpha': 0.00690767598589619, 'reg_lambda': 0.09452571391072308, 'max_bin': 128}. Best is trial 3 with value: 0.1459990436785768.
[I 2026-03-20 01:14:45,492] Trial 8 finished with value: 0.3428771165158546 and parameters: {'n_estimators': 455, 'learning_rate': 0.05773284619252536, 'max_depth': 3, 'min_child_weight': 6, 'subsample': 0.9282355145850693, 'colsample_bytree': 0.8245108790277985, 'gamma': 1.541934359909122, 'reg_alpha': 0.021514908471959405, 'reg_lambda': 0.3699972431463809, 'max_bin': 128}. Best is trial 3 with value: 0.1459990436785768.
[I 2026-03-20 01:15:14,777] Trial 9 finished with value: 0.38528761230122627 and parameters: {'n_estimators': 143, 'learning_rate': 0.03133599649634507, 'max_depth': 5, 'min_child_weight': 3, 'subsample': 0.8525712073494108, 'colsample_bytree': 0.9630265895704372, 'gamma': 0.4985844582977499, 'reg_alpha': 0.012811830949395147, 'reg_lambda': 1.8477934173519253, 'max_bin': 128}. Best is trial 3 with value: 0.1459990436785768.
[I 2026-03-20 01:16:28,804] Trial 10 finished with value: 0.18737313025609642 and parameters: {'n_estimators': 363, 'learning_rate': 0.07719666886398444, 'max_depth': 6, 'min_child_weight': 3, 'subsample': 0.7044020776021219, 'colsample_bytree': 0.9151370382614827, 'gamma': 0.7226239928836183, 'reg_alpha': 0.0010718234851077452, 'reg_lambda': 0.019539180247408968, 'max_bin': 256}. Best is trial 3 with value: 0.1459990436785768.
[I 2026-03-20 01:17:37,078] Trial 11 finished with value: 0.19636758108379448 and parameters: {'n_estimators': 371, 'learning_rate': 0.07163337823947238, 'max_depth': 6, 'min_child_weight': 3, 'subsample': 0.7051014797716735, 'colsample_bytree': 0.9144299083451704, 'gamma': 0.7726657138713667, 'reg_alpha': 0.0010267734133499124, 'reg_lambda': 0.01115883444238637, 'max_bin': 256}. Best is trial 3 with value: 0.1459990436785768.
[I 2026-03-20 01:18:39,840] Trial 12 finished with value: 0.16287922811020014 and parameters: {'n_estimators': 361, 'learning_rate': 0.11986515297386252, 'max_depth': 6, 'min_child_weight': 3, 'subsample': 0.704503107579504, 'colsample_bytree': 0.889475491836307, 'gamma': 0.7645551229315923, 'reg_alpha': 0.004102431887951974, 'reg_lambda': 0.017056874451587812, 'max_bin': 256}. Best is trial 3 with value: 0.1459990436785768.
[I 2026-03-20 01:19:47,813] Trial 13 finished with value: 0.15660643747611813 and parameters: {'n_estimators': 389, 'learning_rate': 0.11769724009678491, 'max_depth': 6, 'min_child_weight': 4, 'subsample': 0.7943265851274819, 'colsample_bytree': 0.8632287614130689, 'gamma': 1.377207847399199, 'reg_alpha': 0.0037722607526372047, 'reg_lambda': 0.03595664962278216, 'max_bin': 256}. Best is trial 3 with value: 0.1459990436785768.
[I 2026-03-20 01:20:59,129] Trial 14 finished with value: 0.20343500860223887 and parameters: {'n_estimators': 413, 'learning_rate': 0.09756626974779771, 'max_depth': 5, 'min_child_weight': 4, 'subsample': 0.8108175354731206, 'colsample_bytree': 0.8520908478148111, 'gamma': 1.3525281263544753, 'reg_alpha': 0.0034917179189196987, 'reg_lambda': 0.04240016688429311, 'max_bin': 256}. Best is trial 3 with value: 0.1459990436785768.
[I 2026-03-20 01:21:50,062] Trial 15 finished with value: 0.1883757202533889 and parameters: {'n_estimators': 293, 'learning_rate': 0.10560177414748316, 'max_depth': 6, 'min_child_weight': 1, 'subsample': 0.8110933074847656, 'colsample_bytree': 0.6083654265933616, 'gamma': 1.6426217349520589, 'reg_alpha': 0.048927116538340705, 'reg_lambda': 0.271317133547416, 'max_bin': 256}. Best is trial 3 with value: 0.1459990436785768.
[I 2026-03-20 01:23:01,548] Trial 16 finished with value: 0.21284470787465679 and parameters: {'n_estimators': 411, 'learning_rate': 0.08574660237773458, 'max_depth': 5, 'min_child_weight': 4, 'subsample': 0.7798867004081451, 'colsample_bytree': 0.9727267280588003, 'gamma': 1.364802316328089, 'reg_alpha': 0.0031111823735664353, 'reg_lambda': 0.04490908036902682, 'max_bin': 256}. Best is trial 3 with value: 0.1459990436785768.
[I 2026-03-20 01:24:12,677] Trial 17 finished with value: 0.14739082714728932 and parameters: {'n_estimators': 427, 'learning_rate': 0.11956675215618111, 'max_depth': 6, 'min_child_weight': 2, 'subsample': 0.8293651266505387, 'colsample_bytree': 0.8582233051728901, 'gamma': 0.9769735429749176, 'reg_alpha': 0.04857051760160809, 'reg_lambda': 0.18992706895443165, 'max_bin': 256}. Best is trial 3 with value: 0.1459990436785768.
[I 2026-03-20 01:25:27,354] Trial 18 finished with value: 0.20275591222946923 and parameters: {'n_estimators': 436, 'learning_rate': 0.06271962225471223, 'max_depth': 6, 'min_child_weight': 2, 'subsample': 0.9973831588430799, 'colsample_bytree': 0.764088169035724, 'gamma': 0.9756786991250765, 'reg_alpha': 0.05883370640230318, 'reg_lambda': 0.20307845885721867, 'max_bin': 256}. Best is trial 3 with value: 0.1459990436785768.
[I 2026-03-20 01:25:37,601] Trial 19 pruned. 
[I 2026-03-20 01:25:55,407] Trial 20 pruned. 
[I 2026-03-20 01:27:08,579] Trial 21 finished with value: 0.15793319915940254 and parameters: {'n_estimators': 403, 'learning_rate': 0.11901015471650826, 'max_depth': 6, 'min_child_weight': 4, 'subsample': 0.7345442393946746, 'colsample_bytree': 0.8759710886560624, 'gamma': 1.1654305212456317, 'reg_alpha': 0.0020053035851561687, 'reg_lambda': 0.16432609518031163, 'max_bin': 256}. Best is trial 3 with value: 0.1459990436785768.
[I 2026-03-20 01:28:02,647] Trial 22 finished with value: 0.17547416673221766 and parameters: {'n_estimators': 325, 'learning_rate': 0.10161313298922602, 'max_depth': 6, 'min_child_weight': 2, 'subsample': 0.7811412128730648, 'colsample_bytree': 0.7914354816084525, 'gamma': 1.3889766844849045, 'reg_alpha': 0.006734672666298762, 'reg_lambda': 0.058209483878030634, 'max_bin': 256}. Best is trial 3 with value: 0.1459990436785768.
[I 2026-03-20 01:29:21,969] Trial 23 finished with value: 0.15488260488281752 and parameters: {'n_estimators': 438, 'learning_rate': 0.1080264506498951, 'max_depth': 6, 'min_child_weight': 5, 'subsample': 0.8360110646801222, 'colsample_bytree': 0.9990627500953957, 'gamma': 1.7567422771627264, 'reg_alpha': 0.035683879466299584, 'reg_lambda': 0.5108721527149817, 'max_bin': 256}. Best is trial 3 with value: 0.1459990436785768.
[I 2026-03-20 01:30:50,101] Trial 24 finished with value: 0.18757867257173863 and parameters: {'n_estimators': 500, 'learning_rate': 0.10141049882067653, 'max_depth': 5, 'min_child_weight': 6, 'subsample': 0.8345776272117531, 'colsample_bytree': 0.9772145172619293, 'gamma': 1.9184053863034163, 'reg_alpha': 0.029732637358805002, 'reg_lambda': 0.47659650722564934, 'max_bin': 256}. Best is trial 3 with value: 0.1459990436785768.
[I 2026-03-20 01:32:06,122] Trial 25 finished with value: 0.15732403599553124 and parameters: {'n_estimators': 434, 'learning_rate': 0.10745703427655534, 'max_depth': 6, 'min_child_weight': 5, 'subsample': 0.8726802577947284, 'colsample_bytree': 0.94225374715288, 'gamma': 1.6786637534720317, 'reg_alpha': 0.03346417447255881, 'reg_lambda': 1.1240938430098, 'max_bin': 256}. Best is trial 3 with value: 0.1459990436785768.
[I 2026-03-20 01:33:25,460] Trial 26 finished with value: 0.17412636480985574 and parameters: {'n_estimators': 443, 'learning_rate': 0.08572704369740493, 'max_depth': 6, 'min_child_weight': 6, 'subsample': 0.9097277358493546, 'colsample_bytree': 0.8900565737976383, 'gamma': 1.1776873089319113, 'reg_alpha': 0.07775002565070392, 'reg_lambda': 0.16056187422590487, 'max_bin': 256}. Best is trial 3 with value: 0.1459990436785768.
[I 2026-03-20 01:33:37,754] Trial 27 pruned. 
[I 2026-03-20 01:34:58,411] Trial 28 finished with value: 0.15825148321681787 and parameters: {'n_estimators': 454, 'learning_rate': 0.09275015317467672, 'max_depth': 6, 'min_child_weight': 2, 'subsample': 0.8375059673261736, 'colsample_bytree': 0.820637578903432, 'gamma': 0.9079501305516972, 'reg_alpha': 0.0376806633533494, 'reg_lambda': 0.8432375054180579, 'max_bin': 256}. Best is trial 3 with value: 0.1459990436785768.
[I 2026-03-20 01:35:08,047] Trial 29 pruned. 
[I 2026-03-20 01:36:30,841] Trial 30 finished with value: 0.1652533911387082 and parameters: {'n_estimators': 473, 'learning_rate': 0.08228710857706588, 'max_depth': 6, 'min_child_weight': 4, 'subsample': 0.7749412677768743, 'colsample_bytree': 0.9183791216729527, 'gamma': 1.0676678748160393, 'reg_alpha': 0.3600690363142101, 'reg_lambda': 0.333620782682999, 'max_bin': 256}. Best is trial 3 with value: 0.1459990436785768.
[I 2026-03-20 01:37:39,982] Trial 31 finished with value: 0.1597778153249534 and parameters: {'n_estimators': 386, 'learning_rate': 0.11604151743792035, 'max_depth': 6, 'min_child_weight': 4, 'subsample': 0.7983920363657343, 'colsample_bytree': 0.859519550945008, 'gamma': 1.7356424278100175, 'reg_alpha': 0.006967083652983027, 'reg_lambda': 0.031537048914851144, 'max_bin': 256}. Best is trial 3 with value: 0.1459990436785768.
[I 2026-03-20 01:38:51,658] Trial 32 finished with value: 0.1597770438801824 and parameters: {'n_estimators': 399, 'learning_rate': 0.11103841141172284, 'max_depth': 6, 'min_child_weight': 5, 'subsample': 0.8539595143055548, 'colsample_bytree': 0.7846331227447034, 'gamma': 1.4720931104374448, 'reg_alpha': 0.0020346119400589664, 'reg_lambda': 0.2392261848254503, 'max_bin': 256}. Best is trial 3 with value: 0.1459990436785768.
[I 2026-03-20 01:40:33,731] Trial 33 finished with value: 0.16591448927235103 and parameters: {'n_estimators': 428, 'learning_rate': 0.09465253691057246, 'max_depth': 6, 'min_child_weight': 3, 'subsample': 0.7287827955228918, 'colsample_bytree': 0.8738815717996078, 'gamma': 1.8070316240432946, 'reg_alpha': 0.018263021393362767, 'reg_lambda': 0.7239140295339129, 'max_bin': 256}. Best is trial 3 with value: 0.1459990436785768.
[I 2026-03-20 01:42:20,247] Trial 34 finished with value: 0.1868040219811998 and parameters: {'n_estimators': 472, 'learning_rate': 0.11237945381562868, 'max_depth': 5, 'min_child_weight': 4, 'subsample': 0.7607216203226479, 'colsample_bytree': 0.8338943810272136, 'gamma': 1.273466240661841, 'reg_alpha': 0.010758476410237205, 'reg_lambda': 0.09903539262874564, 'max_bin': 128}. Best is trial 3 with value: 0.1459990436785768.
[I 2026-03-20 01:42:38,998] Trial 35 pruned. 
[I 2026-03-20 01:43:03,029] Trial 36 pruned. 
[I 2026-03-20 01:44:14,261] Trial 37 finished with value: 0.17299060649536616 and parameters: {'n_estimators': 335, 'learning_rate': 0.11995231507801417, 'max_depth': 6, 'min_child_weight': 6, 'subsample': 0.7939314240136338, 'colsample_bytree': 0.7111485732157405, 'gamma': 1.8829614530664183, 'reg_alpha': 0.04699873189647298, 'reg_lambda': 0.1396585030424254, 'max_bin': 256}. Best is trial 3 with value: 0.1459990436785768.
[I 2026-03-20 01:44:22,263] Trial 38 pruned. 
[I 2026-03-20 01:44:40,334] Trial 39 pruned. 
[I 2026-03-20 01:44:55,475] Trial 40 pruned. 
[I 2026-03-20 01:46:23,161] Trial 41 finished with value: 0.15664613366350805 and parameters: {'n_estimators': 442, 'learning_rate': 0.1066875439923944, 'max_depth': 6, 'min_child_weight': 5, 'subsample': 0.8764426954734956, 'colsample_bytree': 0.9477880940908365, 'gamma': 1.706252929282869, 'reg_alpha': 0.02154958755210573, 'reg_lambda': 1.1115910286098718, 'max_bin': 256}. Best is trial 3 with value: 0.1459990436785768.
[I 2026-03-20 01:48:02,578] Trial 42 finished with value: 0.15179777995423807 and parameters: {'n_estimators': 476, 'learning_rate': 0.1073421821065325, 'max_depth': 6, 'min_child_weight': 6, 'subsample': 0.8628027517345817, 'colsample_bytree': 0.9564536948962394, 'gamma': 1.601435361343816, 'reg_alpha': 0.0026935150992028443, 'reg_lambda': 1.068643504612387, 'max_bin': 256}. Best is trial 3 with value: 0.1459990436785768.
[I 2026-03-20 01:49:40,861] Trial 43 finished with value: 0.156327665066269 and parameters: {'n_estimators': 477, 'learning_rate': 0.11100042125259865, 'max_depth': 6, 'min_child_weight': 8, 'subsample': 0.8557067732822069, 'colsample_bytree': 0.9617117985636786, 'gamma': 1.9941757442772217, 'reg_alpha': 0.001650852047040565, 'reg_lambda': 1.9335483004916378, 'max_bin': 256}. Best is trial 3 with value: 0.1459990436785768.
[I 2026-03-20 01:51:06,467] Trial 44 finished with value: 0.1586915580899967 and parameters: {'n_estimators': 478, 'learning_rate': 0.10150649943198597, 'max_depth': 6, 'min_child_weight': 7, 'subsample': 0.857484943921674, 'colsample_bytree': 0.9573135187382655, 'gamma': 1.9914793708137537, 'reg_alpha': 0.0013954655672051165, 'reg_lambda': 1.8942424344395044, 'max_bin': 256}. Best is trial 3 with value: 0.1459990436785768.
[I 2026-03-20 01:52:24,965] Trial 45 finished with value: 0.15800416234169984 and parameters: {'n_estimators': 461, 'learning_rate': 0.11021762596630211, 'max_depth': 6, 'min_child_weight': 8, 'subsample': 0.8901269603037356, 'colsample_bytree': 0.9764813262842097, 'gamma': 1.797963938500753, 'reg_alpha': 0.002675123205859527, 'reg_lambda': 0.6043235754327109, 'max_bin': 128}. Best is trial 3 with value: 0.1459990436785768.
[I 2026-03-20 01:52:28,966] Trial 46 pruned. 
[I 2026-03-20 01:52:46,997] Trial 47 pruned. 
[I 2026-03-20 01:54:12,888] Trial 48 finished with value: 0.1583909521920519 and parameters: {'n_estimators': 455, 'learning_rate': 0.11304494173989253, 'max_depth': 6, 'min_child_weight': 8, 'subsample': 0.8471773769991787, 'colsample_bytree': 0.9569834245935745, 'gamma': 1.5770109261083247, 'reg_alpha': 0.0047888883727087595, 'reg_lambda': 4.420130345380344, 'max_bin': 256}. Best is trial 3 with value: 0.1459990436785768.
[I 2026-03-20 01:54:32,097] Trial 49 pruned. 
[I 2026-03-20 01:56:20,785] Trial 50 finished with value: 0.16339274117264985 and parameters: {'n_estimators': 475, 'learning_rate': 0.09661147127701573, 'max_depth': 6, 'min_child_weight': 8, 'subsample': 0.9031727526076004, 'colsample_bytree': 0.9312539359142601, 'gamma': 0.9858416457962952, 'reg_alpha': 0.0017294434356836688, 'reg_lambda': 0.38303277759292514, 'max_bin': 256}. Best is trial 3 with value: 0.1459990436785768.
[I 2026-03-20 01:57:45,829] Trial 51 finished with value: 0.1608839610775493 and parameters: {'n_estimators': 386, 'learning_rate': 0.11296014646025852, 'max_depth': 6, 'min_child_weight': 3, 'subsample': 0.8178494729296251, 'colsample_bytree': 0.863653201255003, 'gamma': 1.462586460069961, 'reg_alpha': 0.0026663055899737733, 'reg_lambda': 1.4018427218304848, 'max_bin': 256}. Best is trial 3 with value: 0.1459990436785768.
[I 2026-03-20 01:59:17,995] Trial 52 finished with value: 0.14847657305946174 and parameters: {'n_estimators': 445, 'learning_rate': 0.11766038628989232, 'max_depth': 6, 'min_child_weight': 4, 'subsample': 0.8281445099131333, 'colsample_bytree': 0.8303941350157783, 'gamma': 1.635052266645756, 'reg_alpha': 0.0010688410895386997, 'reg_lambda': 0.011024338531653223, 'max_bin': 256}. Best is trial 3 with value: 0.1459990436785768.
[I 2026-03-20 02:00:38,379] Trial 53 finished with value: 0.15149348409535016 and parameters: {'n_estimators': 446, 'learning_rate': 0.11956483325003701, 'max_depth': 6, 'min_child_weight': 6, 'subsample': 0.8310066025059221, 'colsample_bytree': 0.8200930548540576, 'gamma': 1.7410991338239594, 'reg_alpha': 0.001080946969488392, 'reg_lambda': 0.010879601013401793, 'max_bin': 256}. Best is trial 3 with value: 0.1459990436785768.
[I 2026-03-20 02:01:58,345] Trial 54 finished with value: 0.15131879847631308 and parameters: {'n_estimators': 445, 'learning_rate': 0.11593410984665517, 'max_depth': 6, 'min_child_weight': 6, 'subsample': 0.8340920450030872, 'colsample_bytree': 0.8306431703826337, 'gamma': 1.6242628584819776, 'reg_alpha': 0.0010565108721028256, 'reg_lambda': 0.010575928732121643, 'max_bin': 256}. Best is trial 3 with value: 0.1459990436785768.
[I 2026-03-20 02:03:20,669] Trial 55 finished with value: 0.15106403667006468 and parameters: {'n_estimators': 460, 'learning_rate': 0.11923591993390328, 'max_depth': 6, 'min_child_weight': 6, 'subsample': 0.805621378658246, 'colsample_bytree': 0.8269181570615584, 'gamma': 1.6199568825072501, 'reg_alpha': 0.0010814403720416977, 'reg_lambda': 0.010448166290821403, 'max_bin': 256}. Best is trial 3 with value: 0.1459990436785768.
[I 2026-03-20 02:04:04,782] Trial 56 pruned. 
[I 2026-03-20 02:04:25,139] Trial 57 pruned. 
[I 2026-03-20 02:06:02,126] Trial 58 finished with value: 0.15602330580415122 and parameters: {'n_estimators': 425, 'learning_rate': 0.11575634244388665, 'max_depth': 6, 'min_child_weight': 6, 'subsample': 0.8274362993862315, 'colsample_bytree': 0.8143713191931921, 'gamma': 1.6425458892174367, 'reg_alpha': 0.001077830282794311, 'reg_lambda': 0.024472270797338765, 'max_bin': 256}. Best is trial 3 with value: 0.1459990436785768.
[I 2026-03-20 02:06:26,187] Trial 59 pruned. 
[I 2026-03-20 02:06:46,710] Trial 60 pruned. 
[I 2026-03-20 02:07:33,984] Trial 61 pruned. 
[I 2026-03-20 02:09:35,356] Trial 62 finished with value: 0.15194202194062384 and parameters: {'n_estimators': 486, 'learning_rate': 0.10451018637641338, 'max_depth': 6, 'min_child_weight': 6, 'subsample': 0.8677414142452926, 'colsample_bytree': 0.8816061891507754, 'gamma': 1.7450675462060197, 'reg_alpha': 0.002133013097055106, 'reg_lambda': 0.015596280231390878, 'max_bin': 256}. Best is trial 3 with value: 0.1459990436785768.
[I 2026-03-20 02:11:27,273] Trial 63 finished with value: 0.15886476790480097 and parameters: {'n_estimators': 443, 'learning_rate': 0.11536719932956355, 'max_depth': 6, 'min_child_weight': 7, 'subsample': 0.7869832596579137, 'colsample_bytree': 0.8106854674981434, 'gamma': 1.4065161080117008, 'reg_alpha': 0.001458751987825128, 'reg_lambda': 0.012818976710474857, 'max_bin': 256}. Best is trial 3 with value: 0.1459990436785768.
[I 2026-03-20 02:13:10,445] Trial 64 finished with value: 0.15944641665366308 and parameters: {'n_estimators': 413, 'learning_rate': 0.10766498019690118, 'max_depth': 6, 'min_child_weight': 5, 'subsample': 0.8052750437835847, 'colsample_bytree': 0.8550542013491144, 'gamma': 1.5361284428070971, 'reg_alpha': 0.003395250484476974, 'reg_lambda': 0.0194383883829383, 'max_bin': 256}. Best is trial 3 with value: 0.1459990436785768.
[I 2026-03-20 02:14:57,601] Trial 65 finished with value: 0.154603336851393 and parameters: {'n_estimators': 430, 'learning_rate': 0.11913632326515552, 'max_depth': 6, 'min_child_weight': 6, 'subsample': 0.8321065495181635, 'colsample_bytree': 0.8382566441351548, 'gamma': 1.64370580366504, 'reg_alpha': 0.0016889749129358053, 'reg_lambda': 0.025191815332414755, 'max_bin': 256}. Best is trial 3 with value: 0.1459990436785768.
[I 2026-03-20 02:16:50,516] Trial 66 finished with value: 0.1503386323795984 and parameters: {'n_estimators': 486, 'learning_rate': 0.09952328645943656, 'max_depth': 6, 'min_child_weight': 3, 'subsample': 0.8617081126992843, 'colsample_bytree': 0.8317348599961852, 'gamma': 0.9312629591169417, 'reg_alpha': 0.0010001155419392415, 'reg_lambda': 0.05005308952192333, 'max_bin': 256}. Best is trial 3 with value: 0.1459990436785768.
[I 2026-03-20 02:18:30,637] Trial 67 finished with value: 0.15577519507118592 and parameters: {'n_estimators': 464, 'learning_rate': 0.10033227263052051, 'max_depth': 6, 'min_child_weight': 3, 'subsample': 0.7688040992703424, 'colsample_bytree': 0.8299354136106039, 'gamma': 0.7461852758872629, 'reg_alpha': 0.0010132643591008455, 'reg_lambda': 0.042899540614933694, 'max_bin': 256}. Best is trial 3 with value: 0.1459990436785768.
[I 2026-03-20 02:18:52,143] Trial 68 pruned. 
[I 2026-03-20 02:19:00,012] Trial 69 pruned. 
[I 2026-03-20 02:19:10,707] Trial 70 pruned. 
[I 2026-03-20 02:20:36,058] Trial 71 finished with value: 0.15472961731523954 and parameters: {'n_estimators': 450, 'learning_rate': 0.11096989726523702, 'max_depth': 6, 'min_child_weight': 4, 'subsample': 0.8616759748712207, 'colsample_bytree': 0.8260782601127499, 'gamma': 0.9372588966670351, 'reg_alpha': 0.0012421021872937215, 'reg_lambda': 0.03455403289329699, 'max_bin': 256}. Best is trial 3 with value: 0.1459990436785768.
[I 2026-03-20 02:22:05,430] Trial 72 finished with value: 0.15081097971477983 and parameters: {'n_estimators': 484, 'learning_rate': 0.103686994045739, 'max_depth': 6, 'min_child_weight': 3, 'subsample': 0.8828323400159946, 'colsample_bytree': 0.7846916458737118, 'gamma': 0.9291531509232023, 'reg_alpha': 0.005468208622807799, 'reg_lambda': 0.2881871569064077, 'max_bin': 256}. Best is trial 3 with value: 0.1459990436785768.
[I 2026-03-20 02:23:33,545] Trial 73 finished with value: 0.14982399937422552 and parameters: {'n_estimators': 489, 'learning_rate': 0.10235922741830981, 'max_depth': 6, 'min_child_weight': 3, 'subsample': 0.8820383208796276, 'colsample_bytree': 0.7523891098464883, 'gamma': 1.0007290097515407, 'reg_alpha': 0.23861672567874864, 'reg_lambda': 0.2409438957405415, 'max_bin': 256}. Best is trial 3 with value: 0.1459990436785768.
[I 2026-03-20 02:23:51,011] Trial 74 pruned. 
[I 2026-03-20 02:24:06,928] Trial 75 pruned. 
[I 2026-03-20 02:25:28,344] Trial 76 finished with value: 0.1502372170434702 and parameters: {'n_estimators': 484, 'learning_rate': 0.10413173546159765, 'max_depth': 6, 'min_child_weight': 3, 'subsample': 0.8931394037327643, 'colsample_bytree': 0.7011874166785805, 'gamma': 0.12259135360348561, 'reg_alpha': 0.00519540523204793, 'reg_lambda': 0.13649516873631262, 'max_bin': 256}. Best is trial 3 with value: 0.1459990436785768.
[I 2026-03-20 02:27:04,254] Trial 77 finished with value: 0.15291127028295443 and parameters: {'n_estimators': 481, 'learning_rate': 0.10364739163039711, 'max_depth': 6, 'min_child_weight': 3, 'subsample': 0.8951004432788354, 'colsample_bytree': 0.7138123681074844, 'gamma': 0.12309301461845767, 'reg_alpha': 0.005691191765230769, 'reg_lambda': 0.14386874010924783, 'max_bin': 256}. Best is trial 3 with value: 0.1459990436785768.
[I 2026-03-20 02:27:27,414] Trial 78 pruned. 
[I 2026-03-20 02:27:48,339] Trial 79 pruned. 
[I 2026-03-20 02:28:10,834] Trial 80 pruned. 
[I 2026-03-20 02:29:41,844] Trial 81 finished with value: 0.15380262115167243 and parameters: {'n_estimators': 435, 'learning_rate': 0.114349640453583, 'max_depth': 6, 'min_child_weight': 3, 'subsample': 0.8907563949797264, 'colsample_bytree': 0.7699427612116928, 'gamma': 1.0357816199544743, 'reg_alpha': 0.2276500488838361, 'reg_lambda': 0.32712990096331185, 'max_bin': 256}. Best is trial 3 with value: 0.1459990436785768.
[I 2026-03-20 02:31:21,488] Trial 82 finished with value: 0.14511727548399017 and parameters: {'n_estimators': 469, 'learning_rate': 0.10934656142438419, 'max_depth': 6, 'min_child_weight': 2, 'subsample': 0.8406507528138978, 'colsample_bytree': 0.7318670875985085, 'gamma': 0.8808306415506197, 'reg_alpha': 0.00888399485712417, 'reg_lambda': 0.2707713602235789, 'max_bin': 256}. Best is trial 82 with value: 0.14511727548399017.
[I 2026-03-20 02:32:54,648] Trial 83 finished with value: 0.14784324877173433 and parameters: {'n_estimators': 466, 'learning_rate': 0.10877623670079434, 'max_depth': 6, 'min_child_weight': 2, 'subsample': 0.8431599346895244, 'colsample_bytree': 0.729676103160618, 'gamma': 0.9302926825523655, 'reg_alpha': 0.008522334503335732, 'reg_lambda': 0.27319017168561366, 'max_bin': 256}. Best is trial 82 with value: 0.14511727548399017.
[I 2026-03-20 02:33:12,122] Trial 84 pruned. 
[I 2026-03-20 02:34:36,362] Trial 85 finished with value: 0.15319421854581874 and parameters: {'n_estimators': 500, 'learning_rate': 0.09306079792952539, 'max_depth': 6, 'min_child_weight': 2, 'subsample': 0.8807130273449418, 'colsample_bytree': 0.7244005613168896, 'gamma': 0.7864662107840587, 'reg_alpha': 0.003829461052222182, 'reg_lambda': 0.4112861866318411, 'max_bin': 256}. Best is trial 82 with value: 0.14511727548399017.
[I 2026-03-20 02:36:14,349] Trial 86 finished with value: 0.1482879602229381 and parameters: {'n_estimators': 480, 'learning_rate': 0.1088567122672448, 'max_depth': 6, 'min_child_weight': 2, 'subsample': 0.9014190222788334, 'colsample_bytree': 0.7458671759115654, 'gamma': 0.004948246620955207, 'reg_alpha': 0.011397949528827165, 'reg_lambda': 0.2855457442402917, 'max_bin': 128}. Best is trial 82 with value: 0.14511727548399017.
[I 2026-03-20 02:38:00,878] Trial 87 finished with value: 0.15318937169724053 and parameters: {'n_estimators': 454, 'learning_rate': 0.11085692595511862, 'max_depth': 6, 'min_child_weight': 2, 'subsample': 0.9005849110720661, 'colsample_bytree': 0.7542836542248813, 'gamma': 0.006017026733014895, 'reg_alpha': 0.012169592747514646, 'reg_lambda': 0.19867693305461442, 'max_bin': 128}. Best is trial 82 with value: 0.14511727548399017.
[I 2026-03-20 02:39:58,921] Trial 88 finished with value: 0.15080413444108368 and parameters: {'n_estimators': 468, 'learning_rate': 0.1082478750798527, 'max_depth': 6, 'min_child_weight': 1, 'subsample': 0.9366922323556267, 'colsample_bytree': 0.7318004440205595, 'gamma': 0.0623250167510813, 'reg_alpha': 0.01004010900397117, 'reg_lambda': 0.11991679946680577, 'max_bin': 128}. Best is trial 82 with value: 0.14511727548399017.
[I 2026-03-20 02:42:02,987] Trial 89 finished with value: 0.1536756754805858 and parameters: {'n_estimators': 492, 'learning_rate': 0.09831368754007727, 'max_depth': 6, 'min_child_weight': 2, 'subsample': 0.9096780961192106, 'colsample_bytree': 0.6623090695452325, 'gamma': 0.690519863044967, 'reg_alpha': 0.014546758867173843, 'reg_lambda': 0.5727092668627064, 'max_bin': 128}. Best is trial 82 with value: 0.14511727548399017.
[I 2026-03-20 02:42:18,800] Trial 90 pruned. 
[I 2026-03-20 02:44:17,312] Trial 91 finished with value: 0.14850777453905617 and parameters: {'n_estimators': 470, 'learning_rate': 0.10742938620940057, 'max_depth': 6, 'min_child_weight': 1, 'subsample': 0.9420532767346567, 'colsample_bytree': 0.7344760325787155, 'gamma': 0.07299119354347816, 'reg_alpha': 0.006746179443879303, 'reg_lambda': 0.1374658072171659, 'max_bin': 128}. Best is trial 82 with value: 0.14511727548399017.
[I 2026-03-20 02:46:18,333] Trial 92 finished with value: 0.15426766997089975 and parameters: {'n_estimators': 480, 'learning_rate': 0.10268492910248235, 'max_depth': 6, 'min_child_weight': 1, 'subsample': 0.9784329738510774, 'colsample_bytree': 0.742433071495072, 'gamma': 0.07587570809547828, 'reg_alpha': 0.007489839603373717, 'reg_lambda': 0.08245162281748482, 'max_bin': 128}. Best is trial 82 with value: 0.14511727548399017.
[I 2026-03-20 02:48:13,055] Trial 93 finished with value: 0.15192489899098396 and parameters: {'n_estimators': 455, 'learning_rate': 0.10884977178524943, 'max_depth': 6, 'min_child_weight': 1, 'subsample': 0.9550991387708634, 'colsample_bytree': 0.7269706862678218, 'gamma': 0.20492113299263437, 'reg_alpha': 0.0063453506548221865, 'reg_lambda': 0.1361250090028141, 'max_bin': 128}. Best is trial 82 with value: 0.14511727548399017.
[I 2026-03-20 02:50:03,126] Trial 94 finished with value: 0.15128251571295015 and parameters: {'n_estimators': 437, 'learning_rate': 0.11241836609405509, 'max_depth': 6, 'min_child_weight': 2, 'subsample': 0.8665197131024949, 'colsample_bytree': 0.7536249832897604, 'gamma': 0.8706742715406485, 'reg_alpha': 0.4703489136853002, 'reg_lambda': 0.17270903620262487, 'max_bin': 128}. Best is trial 82 with value: 0.14511727548399017.
[I 2026-03-20 02:52:00,821] Trial 95 finished with value: 0.153339040205182 and parameters: {'n_estimators': 468, 'learning_rate': 0.10618594335766626, 'max_depth': 6, 'min_child_weight': 3, 'subsample': 0.9261210310714539, 'colsample_bytree': 0.7159824251464291, 'gamma': 0.04599138434896331, 'reg_alpha': 0.0063273778696503495, 'reg_lambda': 0.35920632547736475, 'max_bin': 128}. Best is trial 82 with value: 0.14511727548399017.
[I 2026-03-20 02:52:22,402] Trial 96 pruned. 
[I 2026-03-20 02:54:22,892] Trial 97 finished with value: 0.15530801656854465 and parameters: {'n_estimators': 479, 'learning_rate': 0.0981367270651793, 'max_depth': 6, 'min_child_weight': 2, 'subsample': 0.8581875357218112, 'colsample_bytree': 0.7020802325243843, 'gamma': 0.16810037080006934, 'reg_alpha': 0.017648587496051752, 'reg_lambda': 0.06479257588144863, 'max_bin': 128}. Best is trial 82 with value: 0.14511727548399017.
[I 2026-03-20 02:54:38,994] Trial 98 pruned. 
[I 2026-03-20 02:56:20,380] Trial 99 finished with value: 0.14736270490147266 and parameters: {'n_estimators': 493, 'learning_rate': 0.11596121924164741, 'max_depth': 6, 'min_child_weight': 3, 'subsample': 0.8200338940659537, 'colsample_bytree': 0.7205975450755505, 'gamma': 0.9946822802894093, 'reg_alpha': 0.004586114246194769, 'reg_lambda': 0.10301177925893745, 'max_bin': 256}. Best is trial 82 with value: 0.14511727548399017.
{
  "study": "binary_xgb",
  "best_logloss": 0.14511727548399017,
  "best_metrics": {
    "accuracy": 0.9422567596174674,
    "precision": 0.23432403325089676,
    "recall": 0.5232101299715557,
    "f1": 0.3201930135183937,
    "roc_auc": 0.895264623953766,
    "pr_auc": 0.3100511201893922,
    "logloss": 0.14511727548399017
  },
  "best_params": {
    "n_estimators": 469,
    "learning_rate": 0.10934656142438419,
    "max_depth": 6,
    "min_child_weight": 2,
    "subsample": 0.8406507528138978,
    "colsample_bytree": 0.7318670875985085,
    "gamma": 0.8808306415506197,
    "reg_alpha": 0.00888399485712417,
    "reg_lambda": 0.2707713602235789,
    "max_bin": 256
  },
  "n_trials": 100
}
