2026-02-23 00:31:13.478772: I tensorflow/core/util/port.cc:153] oneDNN custom operations are on. You may see slightly different numerical results due to floating-point round-off errors from different computation orders. To turn them off, set the environment variable `TF_ENABLE_ONEDNN_OPTS=0`.
2026-02-23 00:31:13.508374: I tensorflow/core/platform/cpu_feature_guard.cc:210] This TensorFlow binary is optimized to use available CPU instructions in performance-critical operations.
To enable the following instructions: AVX2 AVX512F AVX512_VNNI AVX512_BF16 AVX_VNNI FMA, in other operations, rebuild TensorFlow with the appropriate compiler flags.
2026-02-23 00:31:16.278331: I tensorflow/core/util/port.cc:153] oneDNN custom operations are on. You may see slightly different numerical results due to floating-point round-off errors from different computation orders. To turn them off, set the environment variable `TF_ENABLE_ONEDNN_OPTS=0`.
2026-02-23 00:31:19.077159: E external/local_xla/xla/stream_executor/cuda/cuda_platform.cc:51] failed call to cuInit: INTERNAL: CUDA error: Failed call to cuInit: UNKNOWN ERROR (303)
/dcs/23/u5514578/cs310/y3p/src/utils/ablation_eval.py:51: DeprecationWarning: 
Pyarrow will become a required dependency of pandas in the next major release of pandas (pandas 3.0),
(to allow more performant data types, such as the Arrow string type, and better interoperability with other libraries)
but was not found to be installed on your system.
If this would cause problems for you,
please provide us feedback at https://github.com/pandas-dev/pandas/issues/54466
        
  import pandas as pd
2026-02-23 00:31:20.756778: I tensorflow/core/util/port.cc:153] oneDNN custom operations are on. You may see slightly different numerical results due to floating-point round-off errors from different computation orders. To turn them off, set the environment variable `TF_ENABLE_ONEDNN_OPTS=0`.
2026-02-23 00:31:20.798257: I tensorflow/core/platform/cpu_feature_guard.cc:210] This TensorFlow binary is optimized to use available CPU instructions in performance-critical operations.
To enable the following instructions: AVX2 AVX512F AVX512_VNNI AVX512_BF16 AVX_VNNI FMA, in other operations, rebuild TensorFlow with the appropriate compiler flags.
2026-02-23 00:31:22.905131: I tensorflow/core/util/port.cc:153] oneDNN custom operations are on. You may see slightly different numerical results due to floating-point round-off errors from different computation orders. To turn them off, set the environment variable `TF_ENABLE_ONEDNN_OPTS=0`.
Traceback (most recent call last):
  File "/usr/lib64/python3.9/runpy.py", line 197, in _run_module_as_main
    return _run_code(code, main_globals, None,
  File "/usr/lib64/python3.9/runpy.py", line 87, in _run_code
    exec(code, run_globals)
  File "/dcs/23/u5514578/cs310/y3p/src/utils/ablation_eval.py", line 1172, in <module>
    main()
  File "/dcs/23/u5514578/cs310/y3p/src/utils/ablation_eval.py", line 1116, in main
    base_results, base_specs, base_feature_sets = run_tabular_ablation_cv(
  File "/dcs/23/u5514578/cs310/y3p/src/utils/ablation_eval.py", line 727, in run_tabular_ablation_cv
    proba_tr = pipe.predict_proba(X_tr)[:, 1].astype(float)
  File "/dcs/23/u5514578/cs310/y3p/venv/lib64/python3.9/site-packages/sklearn/pipeline.py", line 904, in predict_proba
    return self.steps[-1][1].predict_proba(Xt, **params)
  File "/usr/lib64/python3.9/contextlib.py", line 126, in __exit__
    next(self.gen)
  File "/dcs/23/u5514578/cs310/y3p/venv/lib64/python3.9/site-packages/sklearn/pipeline.py", line 60, in _raise_or_warn_if_not_fitted
    check_is_fitted(estimator)
  File "/dcs/23/u5514578/cs310/y3p/venv/lib64/python3.9/site-packages/sklearn/utils/validation.py", line 1756, in check_is_fitted
    if not _is_fitted(estimator, attributes, all_or_any):
  File "/dcs/23/u5514578/cs310/y3p/venv/lib64/python3.9/site-packages/sklearn/utils/validation.py", line 1665, in _is_fitted
    return estimator.__sklearn_is_fitted__()
  File "/dcs/23/u5514578/cs310/y3p/venv/lib64/python3.9/site-packages/sklearn/pipeline.py", line 1321, in __sklearn_is_fitted__
    check_is_fitted(last_step)
  File "/dcs/23/u5514578/cs310/y3p/venv/lib64/python3.9/site-packages/sklearn/utils/validation.py", line 1751, in check_is_fitted
    tags = get_tags(estimator)
  File "/dcs/23/u5514578/cs310/y3p/venv/lib64/python3.9/site-packages/sklearn/utils/_tags.py", line 430, in get_tags
    sklearn_tags_provider[klass] = klass.__sklearn_tags__(estimator)  # type: ignore[attr-defined]
  File "/dcs/23/u5514578/cs310/y3p/venv/lib64/python3.9/site-packages/sklearn/base.py", line 540, in __sklearn_tags__
    tags = super().__sklearn_tags__()
AttributeError: 'super' object has no attribute '__sklearn_tags__'
