[ablation_eval] out_root: runs/ablation/stage1_ablation
[ablation_eval] seed=42 n_splits=5 seq_len=8 pad_left=False tmask=False
[ablation_eval] HOLDOUT_RACE_IDS=[53, 73, 24, 75, 2]
[BASE] running tabular ablation for model=svm
[BASE][reports] wrote: runs/ablation/stage1_ablation/reports/base_svm_ablation_results.csv
[BASE][reports] wrote: runs/ablation/stage1_ablation/reports/base_svm_ablation_summary.csv

[BASE:svm] Damage rankings
Top-5 most damaging ablations (by PR-AUC drop):
  drop_G_pace: PR_AUC_drop=0.1821 (mean_PR_AUC=0.0936)
  drop_G_track: PR_AUC_drop=0.1321 (mean_PR_AUC=0.1436)
  drop_G_tyre_state: PR_AUC_drop=0.0496 (mean_PR_AUC=0.2261)
  drop_ENGINEERED_ALL: PR_AUC_drop=0.0347 (mean_PR_AUC=0.2410)
  drop_UNDERCUT_PACK: PR_AUC_drop=0.0253 (mean_PR_AUC=0.2504)

Top-5 most damaging ablations (by LogLoss increase):
  drop_ENGINEERED_ALL: LogLoss_increase=0.0665 (mean_LogLoss=0.2050)
  drop_UNDERCUT_PACK: LogLoss_increase=0.0462 (mean_LogLoss=0.1848)
  drop_G_undercut_window: LogLoss_increase=0.0367 (mean_LogLoss=0.1752)
  drop_G_traffic_proximity: LogLoss_increase=0.0313 (mean_LogLoss=0.1699)
  drop_G_tyre_state: LogLoss_increase=0.0239 (mean_LogLoss=0.1625)
[BASE] running tabular ablation for model=xgb
