2026-03-22 20:57:18.025104: I tensorflow/core/util/port.cc:153] oneDNN custom operations are on. You may see slightly different numerical results due to floating-point round-off errors from different computation orders. To turn them off, set the environment variable `TF_ENABLE_ONEDNN_OPTS=0`.
2026-03-22 20:57:18.060192: I tensorflow/core/platform/cpu_feature_guard.cc:210] This TensorFlow binary is optimized to use available CPU instructions in performance-critical operations.
To enable the following instructions: AVX2 AVX512F AVX512_VNNI AVX512_BF16 AVX_VNNI FMA, in other operations, rebuild TensorFlow with the appropriate compiler flags.
2026-03-22 20:57:20.164998: I tensorflow/core/util/port.cc:153] oneDNN custom operations are on. You may see slightly different numerical results due to floating-point round-off errors from different computation orders. To turn them off, set the environment variable `TF_ENABLE_ONEDNN_OPTS=0`.
2026-03-22 20:57:22.607602: I tensorflow/core/util/port.cc:153] oneDNN custom operations are on. You may see slightly different numerical results due to floating-point round-off errors from different computation orders. To turn them off, set the environment variable `TF_ENABLE_ONEDNN_OPTS=0`.
2026-03-22 20:57:22.650798: I tensorflow/core/platform/cpu_feature_guard.cc:210] This TensorFlow binary is optimized to use available CPU instructions in performance-critical operations.
To enable the following instructions: AVX2 AVX512F AVX512_VNNI AVX512_BF16 AVX_VNNI FMA, in other operations, rebuild TensorFlow with the appropriate compiler flags.
2026-03-22 20:57:24.043350: I tensorflow/core/util/port.cc:153] oneDNN custom operations are on. You may see slightly different numerical results due to floating-point round-off errors from different computation orders. To turn them off, set the environment variable `TF_ENABLE_ONEDNN_OPTS=0`.
/dcs/23/u5514578/cs310/y3p/src/utils/base_ablation_eval.py:310: UserWarning: load_stage2_dataset dropped 21 rows with missing y_compound.
  df_raw = load_stage2_dataset(args.data_path)
/dcs/23/u5514578/cs310/y3p/venv/lib64/python3.9/site-packages/sklearn/metrics/_classification.py:2981: UserWarning: The y_pred values do not sum to one. Starting from 1.5 thiswill result in an error.
  warnings.warn(
/dcs/23/u5514578/cs310/y3p/venv/lib64/python3.9/site-packages/sklearn/metrics/_classification.py:2981: UserWarning: The y_pred values do not sum to one. Starting from 1.5 thiswill result in an error.
  warnings.warn(
/dcs/23/u5514578/cs310/y3p/venv/lib64/python3.9/site-packages/sklearn/metrics/_classification.py:2981: UserWarning: The y_pred values do not sum to one. Starting from 1.5 thiswill result in an error.
  warnings.warn(
/dcs/23/u5514578/cs310/y3p/venv/lib64/python3.9/site-packages/sklearn/metrics/_ranking.py:993: UserWarning: No positive class found in y_true, recall is set to one for all thresholds.
  warnings.warn(
/dcs/23/u5514578/cs310/y3p/venv/lib64/python3.9/site-packages/sklearn/metrics/_classification.py:2981: UserWarning: The y_pred values do not sum to one. Starting from 1.5 thiswill result in an error.
  warnings.warn(
/dcs/23/u5514578/cs310/y3p/venv/lib64/python3.9/site-packages/sklearn/metrics/_classification.py:2981: UserWarning: The y_pred values do not sum to one. Starting from 1.5 thiswill result in an error.
  warnings.warn(
/dcs/23/u5514578/cs310/y3p/venv/lib64/python3.9/site-packages/sklearn/metrics/_classification.py:2981: UserWarning: The y_pred values do not sum to one. Starting from 1.5 thiswill result in an error.
  warnings.warn(
/dcs/23/u5514578/cs310/y3p/venv/lib64/python3.9/site-packages/sklearn/metrics/_classification.py:2981: UserWarning: The y_pred values do not sum to one. Starting from 1.5 thiswill result in an error.
  warnings.warn(
/dcs/23/u5514578/cs310/y3p/venv/lib64/python3.9/site-packages/sklearn/metrics/_ranking.py:993: UserWarning: No positive class found in y_true, recall is set to one for all thresholds.
  warnings.warn(
/dcs/23/u5514578/cs310/y3p/venv/lib64/python3.9/site-packages/sklearn/metrics/_classification.py:2981: UserWarning: The y_pred values do not sum to one. Starting from 1.5 thiswill result in an error.
  warnings.warn(
/dcs/23/u5514578/cs310/y3p/venv/lib64/python3.9/site-packages/sklearn/metrics/_classification.py:2981: UserWarning: The y_pred values do not sum to one. Starting from 1.5 thiswill result in an error.
  warnings.warn(
/dcs/23/u5514578/cs310/y3p/venv/lib64/python3.9/site-packages/sklearn/metrics/_classification.py:2981: UserWarning: The y_pred values do not sum to one. Starting from 1.5 thiswill result in an error.
  warnings.warn(
/dcs/23/u5514578/cs310/y3p/venv/lib64/python3.9/site-packages/sklearn/metrics/_classification.py:2981: UserWarning: The y_pred values do not sum to one. Starting from 1.5 thiswill result in an error.
  warnings.warn(
/dcs/23/u5514578/cs310/y3p/venv/lib64/python3.9/site-packages/sklearn/metrics/_classification.py:2981: UserWarning: The y_pred values do not sum to one. Starting from 1.5 thiswill result in an error.
  warnings.warn(
/dcs/23/u5514578/cs310/y3p/venv/lib64/python3.9/site-packages/sklearn/metrics/_ranking.py:993: UserWarning: No positive class found in y_true, recall is set to one for all thresholds.
  warnings.warn(
/dcs/23/u5514578/cs310/y3p/venv/lib64/python3.9/site-packages/sklearn/metrics/_classification.py:2981: UserWarning: The y_pred values do not sum to one. Starting from 1.5 thiswill result in an error.
  warnings.warn(
/dcs/23/u5514578/cs310/y3p/venv/lib64/python3.9/site-packages/sklearn/metrics/_ranking.py:993: UserWarning: No positive class found in y_true, recall is set to one for all thresholds.
  warnings.warn(
/dcs/23/u5514578/cs310/y3p/venv/lib64/python3.9/site-packages/sklearn/metrics/_classification.py:2981: UserWarning: The y_pred values do not sum to one. Starting from 1.5 thiswill result in an error.
  warnings.warn(
/dcs/23/u5514578/cs310/y3p/venv/lib64/python3.9/site-packages/sklearn/metrics/_classification.py:2981: UserWarning: The y_pred values do not sum to one. Starting from 1.5 thiswill result in an error.
  warnings.warn(
/dcs/23/u5514578/cs310/y3p/venv/lib64/python3.9/site-packages/sklearn/metrics/_classification.py:2981: UserWarning: The y_pred values do not sum to one. Starting from 1.5 thiswill result in an error.
  warnings.warn(
/dcs/23/u5514578/cs310/y3p/venv/lib64/python3.9/site-packages/sklearn/metrics/_ranking.py:993: UserWarning: No positive class found in y_true, recall is set to one for all thresholds.
  warnings.warn(
/dcs/23/u5514578/cs310/y3p/venv/lib64/python3.9/site-packages/sklearn/metrics/_classification.py:2981: UserWarning: The y_pred values do not sum to one. Starting from 1.5 thiswill result in an error.
  warnings.warn(
/dcs/23/u5514578/cs310/y3p/venv/lib64/python3.9/site-packages/sklearn/metrics/_classification.py:2981: UserWarning: The y_pred values do not sum to one. Starting from 1.5 thiswill result in an error.
  warnings.warn(
/dcs/23/u5514578/cs310/y3p/venv/lib64/python3.9/site-packages/sklearn/metrics/_classification.py:2981: UserWarning: The y_pred values do not sum to one. Starting from 1.5 thiswill result in an error.
  warnings.warn(
/dcs/23/u5514578/cs310/y3p/venv/lib64/python3.9/site-packages/sklearn/metrics/_classification.py:2981: UserWarning: The y_pred values do not sum to one. Starting from 1.5 thiswill result in an error.
  warnings.warn(
/dcs/23/u5514578/cs310/y3p/venv/lib64/python3.9/site-packages/sklearn/metrics/_classification.py:2981: UserWarning: The y_pred values do not sum to one. Starting from 1.5 thiswill result in an error.
  warnings.warn(
/dcs/23/u5514578/cs310/y3p/venv/lib64/python3.9/site-packages/sklearn/metrics/_ranking.py:993: UserWarning: No positive class found in y_true, recall is set to one for all thresholds.
  warnings.warn(
/dcs/23/u5514578/cs310/y3p/venv/lib64/python3.9/site-packages/sklearn/metrics/_classification.py:2981: UserWarning: The y_pred values do not sum to one. Starting from 1.5 thiswill result in an error.
  warnings.warn(
/dcs/23/u5514578/cs310/y3p/venv/lib64/python3.9/site-packages/sklearn/metrics/_classification.py:2981: UserWarning: The y_pred values do not sum to one. Starting from 1.5 thiswill result in an error.
  warnings.warn(
/dcs/23/u5514578/cs310/y3p/venv/lib64/python3.9/site-packages/sklearn/metrics/_classification.py:2981: UserWarning: The y_pred values do not sum to one. Starting from 1.5 thiswill result in an error.
  warnings.warn(
/dcs/23/u5514578/cs310/y3p/venv/lib64/python3.9/site-packages/sklearn/metrics/_classification.py:2981: UserWarning: The y_pred values do not sum to one. Starting from 1.5 thiswill result in an error.
  warnings.warn(
/dcs/23/u5514578/cs310/y3p/venv/lib64/python3.9/site-packages/sklearn/metrics/_classification.py:2981: UserWarning: The y_pred values do not sum to one. Starting from 1.5 thiswill result in an error.
  warnings.warn(
/dcs/23/u5514578/cs310/y3p/venv/lib64/python3.9/site-packages/sklearn/metrics/_ranking.py:993: UserWarning: No positive class found in y_true, recall is set to one for all thresholds.
  warnings.warn(
/dcs/23/u5514578/cs310/y3p/venv/lib64/python3.9/site-packages/sklearn/metrics/_classification.py:2981: UserWarning: The y_pred values do not sum to one. Starting from 1.5 thiswill result in an error.
  warnings.warn(
/dcs/23/u5514578/cs310/y3p/venv/lib64/python3.9/site-packages/sklearn/metrics/_classification.py:2981: UserWarning: The y_pred values do not sum to one. Starting from 1.5 thiswill result in an error.
  warnings.warn(
/dcs/23/u5514578/cs310/y3p/venv/lib64/python3.9/site-packages/sklearn/metrics/_classification.py:2981: UserWarning: The y_pred values do not sum to one. Starting from 1.5 thiswill result in an error.
  warnings.warn(
/dcs/23/u5514578/cs310/y3p/venv/lib64/python3.9/site-packages/sklearn/metrics/_classification.py:2981: UserWarning: The y_pred values do not sum to one. Starting from 1.5 thiswill result in an error.
  warnings.warn(
/dcs/23/u5514578/cs310/y3p/venv/lib64/python3.9/site-packages/sklearn/metrics/_classification.py:2981: UserWarning: The y_pred values do not sum to one. Starting from 1.5 thiswill result in an error.
  warnings.warn(
/dcs/23/u5514578/cs310/y3p/venv/lib64/python3.9/site-packages/sklearn/metrics/_ranking.py:993: UserWarning: No positive class found in y_true, recall is set to one for all thresholds.
  warnings.warn(
/dcs/23/u5514578/cs310/y3p/venv/lib64/python3.9/site-packages/sklearn/metrics/_classification.py:2981: UserWarning: The y_pred values do not sum to one. Starting from 1.5 thiswill result in an error.
  warnings.warn(
/dcs/23/u5514578/cs310/y3p/venv/lib64/python3.9/site-packages/sklearn/metrics/_classification.py:2981: UserWarning: The y_pred values do not sum to one. Starting from 1.5 thiswill result in an error.
  warnings.warn(
/dcs/23/u5514578/cs310/y3p/venv/lib64/python3.9/site-packages/sklearn/metrics/_classification.py:2981: UserWarning: The y_pred values do not sum to one. Starting from 1.5 thiswill result in an error.
  warnings.warn(
/dcs/23/u5514578/cs310/y3p/venv/lib64/python3.9/site-packages/sklearn/metrics/_classification.py:2981: UserWarning: The y_pred values do not sum to one. Starting from 1.5 thiswill result in an error.
  warnings.warn(
/dcs/23/u5514578/cs310/y3p/venv/lib64/python3.9/site-packages/sklearn/metrics/_ranking.py:993: UserWarning: No positive class found in y_true, recall is set to one for all thresholds.
  warnings.warn(
/dcs/23/u5514578/cs310/y3p/venv/lib64/python3.9/site-packages/sklearn/metrics/_classification.py:2981: UserWarning: The y_pred values do not sum to one. Starting from 1.5 thiswill result in an error.
  warnings.warn(
/dcs/23/u5514578/cs310/y3p/venv/lib64/python3.9/site-packages/sklearn/metrics/_classification.py:2981: UserWarning: The y_pred values do not sum to one. Starting from 1.5 thiswill result in an error.
  warnings.warn(
/dcs/23/u5514578/cs310/y3p/venv/lib64/python3.9/site-packages/sklearn/metrics/_classification.py:2981: UserWarning: The y_pred values do not sum to one. Starting from 1.5 thiswill result in an error.
  warnings.warn(
/dcs/23/u5514578/cs310/y3p/venv/lib64/python3.9/site-packages/sklearn/metrics/_classification.py:2981: UserWarning: The y_pred values do not sum to one. Starting from 1.5 thiswill result in an error.
  warnings.warn(
/dcs/23/u5514578/cs310/y3p/venv/lib64/python3.9/site-packages/sklearn/metrics/_classification.py:2981: UserWarning: The y_pred values do not sum to one. Starting from 1.5 thiswill result in an error.
  warnings.warn(
/dcs/23/u5514578/cs310/y3p/venv/lib64/python3.9/site-packages/sklearn/metrics/_ranking.py:993: UserWarning: No positive class found in y_true, recall is set to one for all thresholds.
  warnings.warn(
/dcs/23/u5514578/cs310/y3p/venv/lib64/python3.9/site-packages/sklearn/metrics/_classification.py:2981: UserWarning: The y_pred values do not sum to one. Starting from 1.5 thiswill result in an error.
  warnings.warn(
/dcs/23/u5514578/cs310/y3p/venv/lib64/python3.9/site-packages/sklearn/metrics/_classification.py:2981: UserWarning: The y_pred values do not sum to one. Starting from 1.5 thiswill result in an error.
  warnings.warn(
/dcs/23/u5514578/cs310/y3p/venv/lib64/python3.9/site-packages/sklearn/metrics/_classification.py:2981: UserWarning: The y_pred values do not sum to one. Starting from 1.5 thiswill result in an error.
  warnings.warn(
/dcs/23/u5514578/cs310/y3p/venv/lib64/python3.9/site-packages/sklearn/metrics/_classification.py:2981: UserWarning: The y_pred values do not sum to one. Starting from 1.5 thiswill result in an error.
  warnings.warn(
/dcs/23/u5514578/cs310/y3p/venv/lib64/python3.9/site-packages/sklearn/metrics/_classification.py:2981: UserWarning: The y_pred values do not sum to one. Starting from 1.5 thiswill result in an error.
  warnings.warn(
/dcs/23/u5514578/cs310/y3p/venv/lib64/python3.9/site-packages/sklearn/metrics/_ranking.py:993: UserWarning: No positive class found in y_true, recall is set to one for all thresholds.
  warnings.warn(
/dcs/23/u5514578/cs310/y3p/venv/lib64/python3.9/site-packages/sklearn/metrics/_classification.py:2981: UserWarning: The y_pred values do not sum to one. Starting from 1.5 thiswill result in an error.
  warnings.warn(
/dcs/23/u5514578/cs310/y3p/venv/lib64/python3.9/site-packages/sklearn/metrics/_classification.py:2981: UserWarning: The y_pred values do not sum to one. Starting from 1.5 thiswill result in an error.
  warnings.warn(
/dcs/23/u5514578/cs310/y3p/venv/lib64/python3.9/site-packages/sklearn/metrics/_classification.py:2981: UserWarning: The y_pred values do not sum to one. Starting from 1.5 thiswill result in an error.
  warnings.warn(
/dcs/23/u5514578/cs310/y3p/venv/lib64/python3.9/site-packages/sklearn/metrics/_classification.py:2981: UserWarning: The y_pred values do not sum to one. Starting from 1.5 thiswill result in an error.
  warnings.warn(
/dcs/23/u5514578/cs310/y3p/venv/lib64/python3.9/site-packages/sklearn/metrics/_classification.py:2981: UserWarning: The y_pred values do not sum to one. Starting from 1.5 thiswill result in an error.
  warnings.warn(
/dcs/23/u5514578/cs310/y3p/venv/lib64/python3.9/site-packages/sklearn/metrics/_ranking.py:993: UserWarning: No positive class found in y_true, recall is set to one for all thresholds.
  warnings.warn(
/dcs/23/u5514578/cs310/y3p/venv/lib64/python3.9/site-packages/sklearn/metrics/_classification.py:2981: UserWarning: The y_pred values do not sum to one. Starting from 1.5 thiswill result in an error.
  warnings.warn(
/dcs/23/u5514578/cs310/y3p/venv/lib64/python3.9/site-packages/sklearn/metrics/_classification.py:2981: UserWarning: The y_pred values do not sum to one. Starting from 1.5 thiswill result in an error.
  warnings.warn(
/dcs/23/u5514578/cs310/y3p/venv/lib64/python3.9/site-packages/sklearn/metrics/_classification.py:2981: UserWarning: The y_pred values do not sum to one. Starting from 1.5 thiswill result in an error.
  warnings.warn(
/dcs/23/u5514578/cs310/y3p/venv/lib64/python3.9/site-packages/sklearn/metrics/_classification.py:2981: UserWarning: The y_pred values do not sum to one. Starting from 1.5 thiswill result in an error.
  warnings.warn(
/dcs/23/u5514578/cs310/y3p/venv/lib64/python3.9/site-packages/sklearn/metrics/_classification.py:2981: UserWarning: The y_pred values do not sum to one. Starting from 1.5 thiswill result in an error.
  warnings.warn(
/dcs/23/u5514578/cs310/y3p/venv/lib64/python3.9/site-packages/sklearn/metrics/_ranking.py:993: UserWarning: No positive class found in y_true, recall is set to one for all thresholds.
  warnings.warn(
/dcs/23/u5514578/cs310/y3p/venv/lib64/python3.9/site-packages/sklearn/metrics/_classification.py:2981: UserWarning: The y_pred values do not sum to one. Starting from 1.5 thiswill result in an error.
  warnings.warn(
/dcs/23/u5514578/cs310/y3p/venv/lib64/python3.9/site-packages/sklearn/metrics/_classification.py:2981: UserWarning: The y_pred values do not sum to one. Starting from 1.5 thiswill result in an error.
  warnings.warn(
/dcs/23/u5514578/cs310/y3p/venv/lib64/python3.9/site-packages/sklearn/metrics/_classification.py:2981: UserWarning: The y_pred values do not sum to one. Starting from 1.5 thiswill result in an error.
  warnings.warn(
/dcs/23/u5514578/cs310/y3p/venv/lib64/python3.9/site-packages/sklearn/metrics/_classification.py:2981: UserWarning: The y_pred values do not sum to one. Starting from 1.5 thiswill result in an error.
  warnings.warn(
/dcs/23/u5514578/cs310/y3p/venv/lib64/python3.9/site-packages/sklearn/metrics/_classification.py:2981: UserWarning: The y_pred values do not sum to one. Starting from 1.5 thiswill result in an error.
  warnings.warn(
/dcs/23/u5514578/cs310/y3p/venv/lib64/python3.9/site-packages/sklearn/metrics/_ranking.py:993: UserWarning: No positive class found in y_true, recall is set to one for all thresholds.
  warnings.warn(
/dcs/23/u5514578/cs310/y3p/venv/lib64/python3.9/site-packages/sklearn/metrics/_classification.py:2981: UserWarning: The y_pred values do not sum to one. Starting from 1.5 thiswill result in an error.
  warnings.warn(
/dcs/23/u5514578/cs310/y3p/venv/lib64/python3.9/site-packages/sklearn/metrics/_classification.py:2981: UserWarning: The y_pred values do not sum to one. Starting from 1.5 thiswill result in an error.
  warnings.warn(
/dcs/23/u5514578/cs310/y3p/venv/lib64/python3.9/site-packages/sklearn/metrics/_classification.py:2981: UserWarning: The y_pred values do not sum to one. Starting from 1.5 thiswill result in an error.
  warnings.warn(
/dcs/23/u5514578/cs310/y3p/venv/lib64/python3.9/site-packages/sklearn/metrics/_classification.py:2981: UserWarning: The y_pred values do not sum to one. Starting from 1.5 thiswill result in an error.
  warnings.warn(
/dcs/23/u5514578/cs310/y3p/venv/lib64/python3.9/site-packages/sklearn/metrics/_classification.py:2981: UserWarning: The y_pred values do not sum to one. Starting from 1.5 thiswill result in an error.
  warnings.warn(
/dcs/23/u5514578/cs310/y3p/venv/lib64/python3.9/site-packages/sklearn/metrics/_ranking.py:993: UserWarning: No positive class found in y_true, recall is set to one for all thresholds.
  warnings.warn(
/dcs/23/u5514578/cs310/y3p/venv/lib64/python3.9/site-packages/sklearn/metrics/_classification.py:2981: UserWarning: The y_pred values do not sum to one. Starting from 1.5 thiswill result in an error.
  warnings.warn(
/dcs/23/u5514578/cs310/y3p/venv/lib64/python3.9/site-packages/sklearn/metrics/_classification.py:2981: UserWarning: The y_pred values do not sum to one. Starting from 1.5 thiswill result in an error.
  warnings.warn(
/dcs/23/u5514578/cs310/y3p/venv/lib64/python3.9/site-packages/sklearn/metrics/_classification.py:2981: UserWarning: The y_pred values do not sum to one. Starting from 1.5 thiswill result in an error.
  warnings.warn(
/dcs/23/u5514578/cs310/y3p/venv/lib64/python3.9/site-packages/sklearn/metrics/_classification.py:2981: UserWarning: The y_pred values do not sum to one. Starting from 1.5 thiswill result in an error.
  warnings.warn(
/dcs/23/u5514578/cs310/y3p/venv/lib64/python3.9/site-packages/sklearn/metrics/_classification.py:2981: UserWarning: The y_pred values do not sum to one. Starting from 1.5 thiswill result in an error.
  warnings.warn(
/dcs/23/u5514578/cs310/y3p/venv/lib64/python3.9/site-packages/sklearn/metrics/_ranking.py:993: UserWarning: No positive class found in y_true, recall is set to one for all thresholds.
  warnings.warn(
/dcs/23/u5514578/cs310/y3p/venv/lib64/python3.9/site-packages/sklearn/metrics/_classification.py:2981: UserWarning: The y_pred values do not sum to one. Starting from 1.5 thiswill result in an error.
  warnings.warn(
/dcs/23/u5514578/cs310/y3p/venv/lib64/python3.9/site-packages/sklearn/metrics/_classification.py:2981: UserWarning: The y_pred values do not sum to one. Starting from 1.5 thiswill result in an error.
  warnings.warn(
/dcs/23/u5514578/cs310/y3p/venv/lib64/python3.9/site-packages/sklearn/metrics/_ranking.py:993: UserWarning: No positive class found in y_true, recall is set to one for all thresholds.
  warnings.warn(
/dcs/23/u5514578/cs310/y3p/venv/lib64/python3.9/site-packages/sklearn/metrics/_ranking.py:993: UserWarning: No positive class found in y_true, recall is set to one for all thresholds.
  warnings.warn(
/dcs/23/u5514578/cs310/y3p/venv/lib64/python3.9/site-packages/sklearn/metrics/_ranking.py:993: UserWarning: No positive class found in y_true, recall is set to one for all thresholds.
  warnings.warn(
/dcs/23/u5514578/cs310/y3p/venv/lib64/python3.9/site-packages/sklearn/metrics/_ranking.py:993: UserWarning: No positive class found in y_true, recall is set to one for all thresholds.
  warnings.warn(
/dcs/23/u5514578/cs310/y3p/venv/lib64/python3.9/site-packages/sklearn/metrics/_ranking.py:993: UserWarning: No positive class found in y_true, recall is set to one for all thresholds.
  warnings.warn(
/dcs/23/u5514578/cs310/y3p/venv/lib64/python3.9/site-packages/sklearn/metrics/_ranking.py:993: UserWarning: No positive class found in y_true, recall is set to one for all thresholds.
  warnings.warn(
/dcs/23/u5514578/cs310/y3p/venv/lib64/python3.9/site-packages/sklearn/metrics/_ranking.py:993: UserWarning: No positive class found in y_true, recall is set to one for all thresholds.
  warnings.warn(
/dcs/23/u5514578/cs310/y3p/venv/lib64/python3.9/site-packages/sklearn/metrics/_ranking.py:993: UserWarning: No positive class found in y_true, recall is set to one for all thresholds.
  warnings.warn(
2026-03-22 20:59:18.989439: E external/local_xla/xla/stream_executor/cuda/cuda_platform.cc:51] failed call to cuInit: INTERNAL: CUDA error: Failed call to cuInit: UNKNOWN ERROR (303)
2026-03-22 20:59:19.160487: E tensorflow/core/framework/node_def_util.cc:680] NodeDef mentions attribute use_unbounded_threadpool which is not in the op definition: Op<name=MapDataset; signature=input_dataset:variant, other_arguments: -> handle:variant; attr=f:func; attr=Targuments:list(type),min=0; attr=output_types:list(type),min=1; attr=output_shapes:list(shape),min=1; attr=use_inter_op_parallelism:bool,default=true; attr=preserve_cardinality:bool,default=false; attr=force_synchronous:bool,default=false; attr=metadata:string,default=""> This may be expected if your graph generating binary is newer  than this binary. Unknown attributes will be ignored. NodeDef: {{node ParallelMapDatasetV2/_15}}
2026-03-22 20:59:26.964064: E tensorflow/core/framework/node_def_util.cc:680] NodeDef mentions attribute use_unbounded_threadpool which is not in the op definition: Op<name=MapDataset; signature=input_dataset:variant, other_arguments: -> handle:variant; attr=f:func; attr=Targuments:list(type),min=0; attr=output_types:list(type),min=1; attr=output_shapes:list(shape),min=1; attr=use_inter_op_parallelism:bool,default=true; attr=preserve_cardinality:bool,default=false; attr=force_synchronous:bool,default=false; attr=metadata:string,default=""> This may be expected if your graph generating binary is newer  than this binary. Unknown attributes will be ignored. NodeDef: {{node ParallelMapDatasetV2/_14}}
/dcs/23/u5514578/cs310/y3p/venv/lib64/python3.9/site-packages/sklearn/metrics/_classification.py:2981: UserWarning: The y_pred values do not sum to one. Starting from 1.5 thiswill result in an error.
  warnings.warn(
2026-03-22 20:59:35.964607: E tensorflow/core/framework/node_def_util.cc:680] NodeDef mentions attribute use_unbounded_threadpool which is not in the op definition: Op<name=MapDataset; signature=input_dataset:variant, other_arguments: -> handle:variant; attr=f:func; attr=Targuments:list(type),min=0; attr=output_types:list(type),min=1; attr=output_shapes:list(shape),min=1; attr=use_inter_op_parallelism:bool,default=true; attr=preserve_cardinality:bool,default=false; attr=force_synchronous:bool,default=false; attr=metadata:string,default=""> This may be expected if your graph generating binary is newer  than this binary. Unknown attributes will be ignored. NodeDef: {{node ParallelMapDatasetV2/_14}}
/dcs/23/u5514578/cs310/y3p/venv/lib64/python3.9/site-packages/sklearn/metrics/_classification.py:2981: UserWarning: The y_pred values do not sum to one. Starting from 1.5 thiswill result in an error.
  warnings.warn(
2026-03-22 20:59:49.902289: E tensorflow/core/framework/node_def_util.cc:680] NodeDef mentions attribute use_unbounded_threadpool which is not in the op definition: Op<name=MapDataset; signature=input_dataset:variant, other_arguments: -> handle:variant; attr=f:func; attr=Targuments:list(type),min=0; attr=output_types:list(type),min=1; attr=output_shapes:list(shape),min=1; attr=use_inter_op_parallelism:bool,default=true; attr=preserve_cardinality:bool,default=false; attr=force_synchronous:bool,default=false; attr=metadata:string,default=""> This may be expected if your graph generating binary is newer  than this binary. Unknown attributes will be ignored. NodeDef: {{node ParallelMapDatasetV2/_14}}
WARNING:tensorflow:5 out of the last 15 calls to <function TensorFlowTrainer.make_predict_function.<locals>.one_step_on_data_distributed at 0x7f0b3cfae940> triggered tf.function retracing. Tracing is expensive and the excessive number of tracings could be due to (1) creating @tf.function repeatedly in a loop, (2) passing tensors with different shapes, (3) passing Python objects instead of tensors. For (1), please define your @tf.function outside of the loop. For (2), @tf.function has reduce_retracing=True option that can avoid unnecessary retracing. For (3), please refer to https://www.tensorflow.org/guide/function#controlling_retracing and https://www.tensorflow.org/api_docs/python/tf/function for  more details.
/dcs/23/u5514578/cs310/y3p/venv/lib64/python3.9/site-packages/sklearn/metrics/_classification.py:2981: UserWarning: The y_pred values do not sum to one. Starting from 1.5 thiswill result in an error.
  warnings.warn(
2026-03-22 21:00:04.202934: E tensorflow/core/framework/node_def_util.cc:680] NodeDef mentions attribute use_unbounded_threadpool which is not in the op definition: Op<name=MapDataset; signature=input_dataset:variant, other_arguments: -> handle:variant; attr=f:func; attr=Targuments:list(type),min=0; attr=output_types:list(type),min=1; attr=output_shapes:list(shape),min=1; attr=use_inter_op_parallelism:bool,default=true; attr=preserve_cardinality:bool,default=false; attr=force_synchronous:bool,default=false; attr=metadata:string,default=""> This may be expected if your graph generating binary is newer  than this binary. Unknown attributes will be ignored. NodeDef: {{node ParallelMapDatasetV2/_14}}
WARNING:tensorflow:5 out of the last 15 calls to <function TensorFlowTrainer.make_predict_function.<locals>.one_step_on_data_distributed at 0x7f0b18fb88b0> triggered tf.function retracing. Tracing is expensive and the excessive number of tracings could be due to (1) creating @tf.function repeatedly in a loop, (2) passing tensors with different shapes, (3) passing Python objects instead of tensors. For (1), please define your @tf.function outside of the loop. For (2), @tf.function has reduce_retracing=True option that can avoid unnecessary retracing. For (3), please refer to https://www.tensorflow.org/guide/function#controlling_retracing and https://www.tensorflow.org/api_docs/python/tf/function for  more details.
/dcs/23/u5514578/cs310/y3p/venv/lib64/python3.9/site-packages/sklearn/metrics/_ranking.py:993: UserWarning: No positive class found in y_true, recall is set to one for all thresholds.
  warnings.warn(
/dcs/23/u5514578/cs310/y3p/venv/lib64/python3.9/site-packages/sklearn/metrics/_classification.py:2981: UserWarning: The y_pred values do not sum to one. Starting from 1.5 thiswill result in an error.
  warnings.warn(
2026-03-22 21:00:19.215864: E tensorflow/core/framework/node_def_util.cc:680] NodeDef mentions attribute use_unbounded_threadpool which is not in the op definition: Op<name=MapDataset; signature=input_dataset:variant, other_arguments: -> handle:variant; attr=f:func; attr=Targuments:list(type),min=0; attr=output_types:list(type),min=1; attr=output_shapes:list(shape),min=1; attr=use_inter_op_parallelism:bool,default=true; attr=preserve_cardinality:bool,default=false; attr=force_synchronous:bool,default=false; attr=metadata:string,default=""> This may be expected if your graph generating binary is newer  than this binary. Unknown attributes will be ignored. NodeDef: {{node ParallelMapDatasetV2/_14}}
/dcs/23/u5514578/cs310/y3p/venv/lib64/python3.9/site-packages/sklearn/metrics/_classification.py:2981: UserWarning: The y_pred values do not sum to one. Starting from 1.5 thiswill result in an error.
  warnings.warn(
2026-03-22 21:00:28.741579: E tensorflow/core/framework/node_def_util.cc:680] NodeDef mentions attribute use_unbounded_threadpool which is not in the op definition: Op<name=MapDataset; signature=input_dataset:variant, other_arguments: -> handle:variant; attr=f:func; attr=Targuments:list(type),min=0; attr=output_types:list(type),min=1; attr=output_shapes:list(shape),min=1; attr=use_inter_op_parallelism:bool,default=true; attr=preserve_cardinality:bool,default=false; attr=force_synchronous:bool,default=false; attr=metadata:string,default=""> This may be expected if your graph generating binary is newer  than this binary. Unknown attributes will be ignored. NodeDef: {{node ParallelMapDatasetV2/_14}}
/dcs/23/u5514578/cs310/y3p/venv/lib64/python3.9/site-packages/sklearn/metrics/_classification.py:2981: UserWarning: The y_pred values do not sum to one. Starting from 1.5 thiswill result in an error.
  warnings.warn(
2026-03-22 21:00:38.407060: E tensorflow/core/framework/node_def_util.cc:680] NodeDef mentions attribute use_unbounded_threadpool which is not in the op definition: Op<name=MapDataset; signature=input_dataset:variant, other_arguments: -> handle:variant; attr=f:func; attr=Targuments:list(type),min=0; attr=output_types:list(type),min=1; attr=output_shapes:list(shape),min=1; attr=use_inter_op_parallelism:bool,default=true; attr=preserve_cardinality:bool,default=false; attr=force_synchronous:bool,default=false; attr=metadata:string,default=""> This may be expected if your graph generating binary is newer  than this binary. Unknown attributes will be ignored. NodeDef: {{node ParallelMapDatasetV2/_14}}
/dcs/23/u5514578/cs310/y3p/venv/lib64/python3.9/site-packages/sklearn/metrics/_classification.py:2981: UserWarning: The y_pred values do not sum to one. Starting from 1.5 thiswill result in an error.
  warnings.warn(
2026-03-22 21:00:46.528623: E tensorflow/core/framework/node_def_util.cc:680] NodeDef mentions attribute use_unbounded_threadpool which is not in the op definition: Op<name=MapDataset; signature=input_dataset:variant, other_arguments: -> handle:variant; attr=f:func; attr=Targuments:list(type),min=0; attr=output_types:list(type),min=1; attr=output_shapes:list(shape),min=1; attr=use_inter_op_parallelism:bool,default=true; attr=preserve_cardinality:bool,default=false; attr=force_synchronous:bool,default=false; attr=metadata:string,default=""> This may be expected if your graph generating binary is newer  than this binary. Unknown attributes will be ignored. NodeDef: {{node ParallelMapDatasetV2/_14}}
/dcs/23/u5514578/cs310/y3p/venv/lib64/python3.9/site-packages/sklearn/metrics/_classification.py:2981: UserWarning: The y_pred values do not sum to one. Starting from 1.5 thiswill result in an error.
  warnings.warn(
2026-03-22 21:00:58.275298: E tensorflow/core/framework/node_def_util.cc:680] NodeDef mentions attribute use_unbounded_threadpool which is not in the op definition: Op<name=MapDataset; signature=input_dataset:variant, other_arguments: -> handle:variant; attr=f:func; attr=Targuments:list(type),min=0; attr=output_types:list(type),min=1; attr=output_shapes:list(shape),min=1; attr=use_inter_op_parallelism:bool,default=true; attr=preserve_cardinality:bool,default=false; attr=force_synchronous:bool,default=false; attr=metadata:string,default=""> This may be expected if your graph generating binary is newer  than this binary. Unknown attributes will be ignored. NodeDef: {{node ParallelMapDatasetV2/_14}}
/dcs/23/u5514578/cs310/y3p/venv/lib64/python3.9/site-packages/sklearn/metrics/_ranking.py:993: UserWarning: No positive class found in y_true, recall is set to one for all thresholds.
  warnings.warn(
/dcs/23/u5514578/cs310/y3p/venv/lib64/python3.9/site-packages/sklearn/metrics/_classification.py:2981: UserWarning: The y_pred values do not sum to one. Starting from 1.5 thiswill result in an error.
  warnings.warn(
2026-03-22 21:01:06.586633: E tensorflow/core/framework/node_def_util.cc:680] NodeDef mentions attribute use_unbounded_threadpool which is not in the op definition: Op<name=MapDataset; signature=input_dataset:variant, other_arguments: -> handle:variant; attr=f:func; attr=Targuments:list(type),min=0; attr=output_types:list(type),min=1; attr=output_shapes:list(shape),min=1; attr=use_inter_op_parallelism:bool,default=true; attr=preserve_cardinality:bool,default=false; attr=force_synchronous:bool,default=false; attr=metadata:string,default=""> This may be expected if your graph generating binary is newer  than this binary. Unknown attributes will be ignored. NodeDef: {{node ParallelMapDatasetV2/_14}}
/dcs/23/u5514578/cs310/y3p/venv/lib64/python3.9/site-packages/sklearn/metrics/_classification.py:2981: UserWarning: The y_pred values do not sum to one. Starting from 1.5 thiswill result in an error.
  warnings.warn(
2026-03-22 21:01:21.757330: E tensorflow/core/framework/node_def_util.cc:680] NodeDef mentions attribute use_unbounded_threadpool which is not in the op definition: Op<name=MapDataset; signature=input_dataset:variant, other_arguments: -> handle:variant; attr=f:func; attr=Targuments:list(type),min=0; attr=output_types:list(type),min=1; attr=output_shapes:list(shape),min=1; attr=use_inter_op_parallelism:bool,default=true; attr=preserve_cardinality:bool,default=false; attr=force_synchronous:bool,default=false; attr=metadata:string,default=""> This may be expected if your graph generating binary is newer  than this binary. Unknown attributes will be ignored. NodeDef: {{node ParallelMapDatasetV2/_14}}
/dcs/23/u5514578/cs310/y3p/venv/lib64/python3.9/site-packages/sklearn/metrics/_classification.py:2981: UserWarning: The y_pred values do not sum to one. Starting from 1.5 thiswill result in an error.
  warnings.warn(
2026-03-22 21:01:31.175807: E tensorflow/core/framework/node_def_util.cc:680] NodeDef mentions attribute use_unbounded_threadpool which is not in the op definition: Op<name=MapDataset; signature=input_dataset:variant, other_arguments: -> handle:variant; attr=f:func; attr=Targuments:list(type),min=0; attr=output_types:list(type),min=1; attr=output_shapes:list(shape),min=1; attr=use_inter_op_parallelism:bool,default=true; attr=preserve_cardinality:bool,default=false; attr=force_synchronous:bool,default=false; attr=metadata:string,default=""> This may be expected if your graph generating binary is newer  than this binary. Unknown attributes will be ignored. NodeDef: {{node ParallelMapDatasetV2/_14}}
/dcs/23/u5514578/cs310/y3p/venv/lib64/python3.9/site-packages/sklearn/metrics/_classification.py:2981: UserWarning: The y_pred values do not sum to one. Starting from 1.5 thiswill result in an error.
  warnings.warn(
2026-03-22 21:01:41.894902: E tensorflow/core/framework/node_def_util.cc:680] NodeDef mentions attribute use_unbounded_threadpool which is not in the op definition: Op<name=MapDataset; signature=input_dataset:variant, other_arguments: -> handle:variant; attr=f:func; attr=Targuments:list(type),min=0; attr=output_types:list(type),min=1; attr=output_shapes:list(shape),min=1; attr=use_inter_op_parallelism:bool,default=true; attr=preserve_cardinality:bool,default=false; attr=force_synchronous:bool,default=false; attr=metadata:string,default=""> This may be expected if your graph generating binary is newer  than this binary. Unknown attributes will be ignored. NodeDef: {{node ParallelMapDatasetV2/_14}}
/dcs/23/u5514578/cs310/y3p/venv/lib64/python3.9/site-packages/sklearn/metrics/_classification.py:2981: UserWarning: The y_pred values do not sum to one. Starting from 1.5 thiswill result in an error.
  warnings.warn(
2026-03-22 21:01:47.096494: E tensorflow/core/framework/node_def_util.cc:680] NodeDef mentions attribute use_unbounded_threadpool which is not in the op definition: Op<name=MapDataset; signature=input_dataset:variant, other_arguments: -> handle:variant; attr=f:func; attr=Targuments:list(type),min=0; attr=output_types:list(type),min=1; attr=output_shapes:list(shape),min=1; attr=use_inter_op_parallelism:bool,default=true; attr=preserve_cardinality:bool,default=false; attr=force_synchronous:bool,default=false; attr=metadata:string,default=""> This may be expected if your graph generating binary is newer  than this binary. Unknown attributes will be ignored. NodeDef: {{node ParallelMapDatasetV2/_15}}
2026-03-22 21:01:56.563874: E tensorflow/core/framework/node_def_util.cc:680] NodeDef mentions attribute use_unbounded_threadpool which is not in the op definition: Op<name=MapDataset; signature=input_dataset:variant, other_arguments: -> handle:variant; attr=f:func; attr=Targuments:list(type),min=0; attr=output_types:list(type),min=1; attr=output_shapes:list(shape),min=1; attr=use_inter_op_parallelism:bool,default=true; attr=preserve_cardinality:bool,default=false; attr=force_synchronous:bool,default=false; attr=metadata:string,default=""> This may be expected if your graph generating binary is newer  than this binary. Unknown attributes will be ignored. NodeDef: {{node ParallelMapDatasetV2/_14}}
/dcs/23/u5514578/cs310/y3p/venv/lib64/python3.9/site-packages/sklearn/metrics/_ranking.py:993: UserWarning: No positive class found in y_true, recall is set to one for all thresholds.
  warnings.warn(
/dcs/23/u5514578/cs310/y3p/venv/lib64/python3.9/site-packages/sklearn/metrics/_classification.py:2981: UserWarning: The y_pred values do not sum to one. Starting from 1.5 thiswill result in an error.
  warnings.warn(
2026-03-22 21:02:07.750756: E tensorflow/core/framework/node_def_util.cc:680] NodeDef mentions attribute use_unbounded_threadpool which is not in the op definition: Op<name=MapDataset; signature=input_dataset:variant, other_arguments: -> handle:variant; attr=f:func; attr=Targuments:list(type),min=0; attr=output_types:list(type),min=1; attr=output_shapes:list(shape),min=1; attr=use_inter_op_parallelism:bool,default=true; attr=preserve_cardinality:bool,default=false; attr=force_synchronous:bool,default=false; attr=metadata:string,default=""> This may be expected if your graph generating binary is newer  than this binary. Unknown attributes will be ignored. NodeDef: {{node ParallelMapDatasetV2/_14}}
/dcs/23/u5514578/cs310/y3p/venv/lib64/python3.9/site-packages/sklearn/metrics/_classification.py:2981: UserWarning: The y_pred values do not sum to one. Starting from 1.5 thiswill result in an error.
  warnings.warn(
2026-03-22 21:02:16.842172: E tensorflow/core/framework/node_def_util.cc:680] NodeDef mentions attribute use_unbounded_threadpool which is not in the op definition: Op<name=MapDataset; signature=input_dataset:variant, other_arguments: -> handle:variant; attr=f:func; attr=Targuments:list(type),min=0; attr=output_types:list(type),min=1; attr=output_shapes:list(shape),min=1; attr=use_inter_op_parallelism:bool,default=true; attr=preserve_cardinality:bool,default=false; attr=force_synchronous:bool,default=false; attr=metadata:string,default=""> This may be expected if your graph generating binary is newer  than this binary. Unknown attributes will be ignored. NodeDef: {{node ParallelMapDatasetV2/_14}}
/dcs/23/u5514578/cs310/y3p/venv/lib64/python3.9/site-packages/sklearn/metrics/_classification.py:2981: UserWarning: The y_pred values do not sum to one. Starting from 1.5 thiswill result in an error.
  warnings.warn(
2026-03-22 21:02:22.639138: E tensorflow/core/framework/node_def_util.cc:680] NodeDef mentions attribute use_unbounded_threadpool which is not in the op definition: Op<name=MapDataset; signature=input_dataset:variant, other_arguments: -> handle:variant; attr=f:func; attr=Targuments:list(type),min=0; attr=output_types:list(type),min=1; attr=output_shapes:list(shape),min=1; attr=use_inter_op_parallelism:bool,default=true; attr=preserve_cardinality:bool,default=false; attr=force_synchronous:bool,default=false; attr=metadata:string,default=""> This may be expected if your graph generating binary is newer  than this binary. Unknown attributes will be ignored. NodeDef: {{node ParallelMapDatasetV2/_15}}
/dcs/23/u5514578/cs310/y3p/venv/lib64/python3.9/site-packages/sklearn/metrics/_classification.py:2981: UserWarning: The y_pred values do not sum to one. Starting from 1.5 thiswill result in an error.
  warnings.warn(
2026-03-22 21:02:30.087624: E tensorflow/core/framework/node_def_util.cc:680] NodeDef mentions attribute use_unbounded_threadpool which is not in the op definition: Op<name=MapDataset; signature=input_dataset:variant, other_arguments: -> handle:variant; attr=f:func; attr=Targuments:list(type),min=0; attr=output_types:list(type),min=1; attr=output_shapes:list(shape),min=1; attr=use_inter_op_parallelism:bool,default=true; attr=preserve_cardinality:bool,default=false; attr=force_synchronous:bool,default=false; attr=metadata:string,default=""> This may be expected if your graph generating binary is newer  than this binary. Unknown attributes will be ignored. NodeDef: {{node ParallelMapDatasetV2/_15}}
/dcs/23/u5514578/cs310/y3p/venv/lib64/python3.9/site-packages/sklearn/metrics/_classification.py:2981: UserWarning: The y_pred values do not sum to one. Starting from 1.5 thiswill result in an error.
  warnings.warn(
2026-03-22 21:02:38.535375: E tensorflow/core/framework/node_def_util.cc:680] NodeDef mentions attribute use_unbounded_threadpool which is not in the op definition: Op<name=MapDataset; signature=input_dataset:variant, other_arguments: -> handle:variant; attr=f:func; attr=Targuments:list(type),min=0; attr=output_types:list(type),min=1; attr=output_shapes:list(shape),min=1; attr=use_inter_op_parallelism:bool,default=true; attr=preserve_cardinality:bool,default=false; attr=force_synchronous:bool,default=false; attr=metadata:string,default=""> This may be expected if your graph generating binary is newer  than this binary. Unknown attributes will be ignored. NodeDef: {{node ParallelMapDatasetV2/_15}}
2026-03-22 21:02:48.024276: E tensorflow/core/framework/node_def_util.cc:680] NodeDef mentions attribute use_unbounded_threadpool which is not in the op definition: Op<name=MapDataset; signature=input_dataset:variant, other_arguments: -> handle:variant; attr=f:func; attr=Targuments:list(type),min=0; attr=output_types:list(type),min=1; attr=output_shapes:list(shape),min=1; attr=use_inter_op_parallelism:bool,default=true; attr=preserve_cardinality:bool,default=false; attr=force_synchronous:bool,default=false; attr=metadata:string,default=""> This may be expected if your graph generating binary is newer  than this binary. Unknown attributes will be ignored. NodeDef: {{node ParallelMapDatasetV2/_14}}
/dcs/23/u5514578/cs310/y3p/venv/lib64/python3.9/site-packages/sklearn/metrics/_ranking.py:993: UserWarning: No positive class found in y_true, recall is set to one for all thresholds.
  warnings.warn(
/dcs/23/u5514578/cs310/y3p/venv/lib64/python3.9/site-packages/sklearn/metrics/_classification.py:2981: UserWarning: The y_pred values do not sum to one. Starting from 1.5 thiswill result in an error.
  warnings.warn(
2026-03-22 21:02:56.908174: E tensorflow/core/framework/node_def_util.cc:680] NodeDef mentions attribute use_unbounded_threadpool which is not in the op definition: Op<name=MapDataset; signature=input_dataset:variant, other_arguments: -> handle:variant; attr=f:func; attr=Targuments:list(type),min=0; attr=output_types:list(type),min=1; attr=output_shapes:list(shape),min=1; attr=use_inter_op_parallelism:bool,default=true; attr=preserve_cardinality:bool,default=false; attr=force_synchronous:bool,default=false; attr=metadata:string,default=""> This may be expected if your graph generating binary is newer  than this binary. Unknown attributes will be ignored. NodeDef: {{node ParallelMapDatasetV2/_14}}
/dcs/23/u5514578/cs310/y3p/venv/lib64/python3.9/site-packages/sklearn/metrics/_classification.py:2981: UserWarning: The y_pred values do not sum to one. Starting from 1.5 thiswill result in an error.
  warnings.warn(
2026-03-22 21:03:02.864297: E tensorflow/core/framework/node_def_util.cc:680] NodeDef mentions attribute use_unbounded_threadpool which is not in the op definition: Op<name=MapDataset; signature=input_dataset:variant, other_arguments: -> handle:variant; attr=f:func; attr=Targuments:list(type),min=0; attr=output_types:list(type),min=1; attr=output_shapes:list(shape),min=1; attr=use_inter_op_parallelism:bool,default=true; attr=preserve_cardinality:bool,default=false; attr=force_synchronous:bool,default=false; attr=metadata:string,default=""> This may be expected if your graph generating binary is newer  than this binary. Unknown attributes will be ignored. NodeDef: {{node ParallelMapDatasetV2/_15}}
2026-03-22 21:03:08.662749: E tensorflow/core/framework/node_def_util.cc:680] NodeDef mentions attribute use_unbounded_threadpool which is not in the op definition: Op<name=MapDataset; signature=input_dataset:variant, other_arguments: -> handle:variant; attr=f:func; attr=Targuments:list(type),min=0; attr=output_types:list(type),min=1; attr=output_shapes:list(shape),min=1; attr=use_inter_op_parallelism:bool,default=true; attr=preserve_cardinality:bool,default=false; attr=force_synchronous:bool,default=false; attr=metadata:string,default=""> This may be expected if your graph generating binary is newer  than this binary. Unknown attributes will be ignored. NodeDef: {{node ParallelMapDatasetV2/_14}}
/dcs/23/u5514578/cs310/y3p/venv/lib64/python3.9/site-packages/sklearn/metrics/_classification.py:2981: UserWarning: The y_pred values do not sum to one. Starting from 1.5 thiswill result in an error.
  warnings.warn(
2026-03-22 21:03:17.362301: E tensorflow/core/framework/node_def_util.cc:680] NodeDef mentions attribute use_unbounded_threadpool which is not in the op definition: Op<name=MapDataset; signature=input_dataset:variant, other_arguments: -> handle:variant; attr=f:func; attr=Targuments:list(type),min=0; attr=output_types:list(type),min=1; attr=output_shapes:list(shape),min=1; attr=use_inter_op_parallelism:bool,default=true; attr=preserve_cardinality:bool,default=false; attr=force_synchronous:bool,default=false; attr=metadata:string,default=""> This may be expected if your graph generating binary is newer  than this binary. Unknown attributes will be ignored. NodeDef: {{node ParallelMapDatasetV2/_14}}
/dcs/23/u5514578/cs310/y3p/venv/lib64/python3.9/site-packages/sklearn/metrics/_classification.py:2981: UserWarning: The y_pred values do not sum to one. Starting from 1.5 thiswill result in an error.
  warnings.warn(
2026-03-22 21:03:29.242864: E tensorflow/core/framework/node_def_util.cc:680] NodeDef mentions attribute use_unbounded_threadpool which is not in the op definition: Op<name=MapDataset; signature=input_dataset:variant, other_arguments: -> handle:variant; attr=f:func; attr=Targuments:list(type),min=0; attr=output_types:list(type),min=1; attr=output_shapes:list(shape),min=1; attr=use_inter_op_parallelism:bool,default=true; attr=preserve_cardinality:bool,default=false; attr=force_synchronous:bool,default=false; attr=metadata:string,default=""> This may be expected if your graph generating binary is newer  than this binary. Unknown attributes will be ignored. NodeDef: {{node ParallelMapDatasetV2/_14}}
/dcs/23/u5514578/cs310/y3p/venv/lib64/python3.9/site-packages/sklearn/metrics/_classification.py:2981: UserWarning: The y_pred values do not sum to one. Starting from 1.5 thiswill result in an error.
  warnings.warn(
2026-03-22 21:03:42.038958: E tensorflow/core/framework/node_def_util.cc:680] NodeDef mentions attribute use_unbounded_threadpool which is not in the op definition: Op<name=MapDataset; signature=input_dataset:variant, other_arguments: -> handle:variant; attr=f:func; attr=Targuments:list(type),min=0; attr=output_types:list(type),min=1; attr=output_shapes:list(shape),min=1; attr=use_inter_op_parallelism:bool,default=true; attr=preserve_cardinality:bool,default=false; attr=force_synchronous:bool,default=false; attr=metadata:string,default=""> This may be expected if your graph generating binary is newer  than this binary. Unknown attributes will be ignored. NodeDef: {{node ParallelMapDatasetV2/_14}}
/dcs/23/u5514578/cs310/y3p/venv/lib64/python3.9/site-packages/sklearn/metrics/_ranking.py:993: UserWarning: No positive class found in y_true, recall is set to one for all thresholds.
  warnings.warn(
/dcs/23/u5514578/cs310/y3p/venv/lib64/python3.9/site-packages/sklearn/metrics/_classification.py:2981: UserWarning: The y_pred values do not sum to one. Starting from 1.5 thiswill result in an error.
  warnings.warn(
2026-03-22 21:03:48.398864: E tensorflow/core/framework/node_def_util.cc:680] NodeDef mentions attribute use_unbounded_threadpool which is not in the op definition: Op<name=MapDataset; signature=input_dataset:variant, other_arguments: -> handle:variant; attr=f:func; attr=Targuments:list(type),min=0; attr=output_types:list(type),min=1; attr=output_shapes:list(shape),min=1; attr=use_inter_op_parallelism:bool,default=true; attr=preserve_cardinality:bool,default=false; attr=force_synchronous:bool,default=false; attr=metadata:string,default=""> This may be expected if your graph generating binary is newer  than this binary. Unknown attributes will be ignored. NodeDef: {{node ParallelMapDatasetV2/_15}}
2026-03-22 21:03:53.481556: E tensorflow/core/framework/node_def_util.cc:680] NodeDef mentions attribute use_unbounded_threadpool which is not in the op definition: Op<name=MapDataset; signature=input_dataset:variant, other_arguments: -> handle:variant; attr=f:func; attr=Targuments:list(type),min=0; attr=output_types:list(type),min=1; attr=output_shapes:list(shape),min=1; attr=use_inter_op_parallelism:bool,default=true; attr=preserve_cardinality:bool,default=false; attr=force_synchronous:bool,default=false; attr=metadata:string,default=""> This may be expected if your graph generating binary is newer  than this binary. Unknown attributes will be ignored. NodeDef: {{node ParallelMapDatasetV2/_14}}
/dcs/23/u5514578/cs310/y3p/venv/lib64/python3.9/site-packages/sklearn/metrics/_classification.py:2981: UserWarning: The y_pred values do not sum to one. Starting from 1.5 thiswill result in an error.
  warnings.warn(
2026-03-22 21:04:04.673604: E tensorflow/core/framework/node_def_util.cc:680] NodeDef mentions attribute use_unbounded_threadpool which is not in the op definition: Op<name=MapDataset; signature=input_dataset:variant, other_arguments: -> handle:variant; attr=f:func; attr=Targuments:list(type),min=0; attr=output_types:list(type),min=1; attr=output_shapes:list(shape),min=1; attr=use_inter_op_parallelism:bool,default=true; attr=preserve_cardinality:bool,default=false; attr=force_synchronous:bool,default=false; attr=metadata:string,default=""> This may be expected if your graph generating binary is newer  than this binary. Unknown attributes will be ignored. NodeDef: {{node ParallelMapDatasetV2/_14}}
/dcs/23/u5514578/cs310/y3p/venv/lib64/python3.9/site-packages/sklearn/metrics/_classification.py:2981: UserWarning: The y_pred values do not sum to one. Starting from 1.5 thiswill result in an error.
  warnings.warn(
2026-03-22 21:04:12.872575: E tensorflow/core/framework/node_def_util.cc:680] NodeDef mentions attribute use_unbounded_threadpool which is not in the op definition: Op<name=MapDataset; signature=input_dataset:variant, other_arguments: -> handle:variant; attr=f:func; attr=Targuments:list(type),min=0; attr=output_types:list(type),min=1; attr=output_shapes:list(shape),min=1; attr=use_inter_op_parallelism:bool,default=true; attr=preserve_cardinality:bool,default=false; attr=force_synchronous:bool,default=false; attr=metadata:string,default=""> This may be expected if your graph generating binary is newer  than this binary. Unknown attributes will be ignored. NodeDef: {{node ParallelMapDatasetV2/_14}}
/dcs/23/u5514578/cs310/y3p/venv/lib64/python3.9/site-packages/sklearn/metrics/_classification.py:2981: UserWarning: The y_pred values do not sum to one. Starting from 1.5 thiswill result in an error.
  warnings.warn(
2026-03-22 21:04:23.490252: E tensorflow/core/framework/node_def_util.cc:680] NodeDef mentions attribute use_unbounded_threadpool which is not in the op definition: Op<name=MapDataset; signature=input_dataset:variant, other_arguments: -> handle:variant; attr=f:func; attr=Targuments:list(type),min=0; attr=output_types:list(type),min=1; attr=output_shapes:list(shape),min=1; attr=use_inter_op_parallelism:bool,default=true; attr=preserve_cardinality:bool,default=false; attr=force_synchronous:bool,default=false; attr=metadata:string,default=""> This may be expected if your graph generating binary is newer  than this binary. Unknown attributes will be ignored. NodeDef: {{node ParallelMapDatasetV2/_14}}
/dcs/23/u5514578/cs310/y3p/venv/lib64/python3.9/site-packages/sklearn/metrics/_classification.py:2981: UserWarning: The y_pred values do not sum to one. Starting from 1.5 thiswill result in an error.
  warnings.warn(
2026-03-22 21:04:33.145831: E tensorflow/core/framework/node_def_util.cc:680] NodeDef mentions attribute use_unbounded_threadpool which is not in the op definition: Op<name=MapDataset; signature=input_dataset:variant, other_arguments: -> handle:variant; attr=f:func; attr=Targuments:list(type),min=0; attr=output_types:list(type),min=1; attr=output_shapes:list(shape),min=1; attr=use_inter_op_parallelism:bool,default=true; attr=preserve_cardinality:bool,default=false; attr=force_synchronous:bool,default=false; attr=metadata:string,default=""> This may be expected if your graph generating binary is newer  than this binary. Unknown attributes will be ignored. NodeDef: {{node ParallelMapDatasetV2/_14}}
/dcs/23/u5514578/cs310/y3p/venv/lib64/python3.9/site-packages/sklearn/metrics/_ranking.py:993: UserWarning: No positive class found in y_true, recall is set to one for all thresholds.
  warnings.warn(
/dcs/23/u5514578/cs310/y3p/venv/lib64/python3.9/site-packages/sklearn/metrics/_classification.py:2981: UserWarning: The y_pred values do not sum to one. Starting from 1.5 thiswill result in an error.
  warnings.warn(
2026-03-22 21:04:43.892711: E tensorflow/core/framework/node_def_util.cc:680] NodeDef mentions attribute use_unbounded_threadpool which is not in the op definition: Op<name=MapDataset; signature=input_dataset:variant, other_arguments: -> handle:variant; attr=f:func; attr=Targuments:list(type),min=0; attr=output_types:list(type),min=1; attr=output_shapes:list(shape),min=1; attr=use_inter_op_parallelism:bool,default=true; attr=preserve_cardinality:bool,default=false; attr=force_synchronous:bool,default=false; attr=metadata:string,default=""> This may be expected if your graph generating binary is newer  than this binary. Unknown attributes will be ignored. NodeDef: {{node ParallelMapDatasetV2/_14}}
/dcs/23/u5514578/cs310/y3p/venv/lib64/python3.9/site-packages/sklearn/metrics/_classification.py:2981: UserWarning: The y_pred values do not sum to one. Starting from 1.5 thiswill result in an error.
  warnings.warn(
2026-03-22 21:04:52.729685: E tensorflow/core/framework/node_def_util.cc:680] NodeDef mentions attribute use_unbounded_threadpool which is not in the op definition: Op<name=MapDataset; signature=input_dataset:variant, other_arguments: -> handle:variant; attr=f:func; attr=Targuments:list(type),min=0; attr=output_types:list(type),min=1; attr=output_shapes:list(shape),min=1; attr=use_inter_op_parallelism:bool,default=true; attr=preserve_cardinality:bool,default=false; attr=force_synchronous:bool,default=false; attr=metadata:string,default=""> This may be expected if your graph generating binary is newer  than this binary. Unknown attributes will be ignored. NodeDef: {{node ParallelMapDatasetV2/_14}}
/dcs/23/u5514578/cs310/y3p/venv/lib64/python3.9/site-packages/sklearn/metrics/_classification.py:2981: UserWarning: The y_pred values do not sum to one. Starting from 1.5 thiswill result in an error.
  warnings.warn(
2026-03-22 21:05:04.649548: E tensorflow/core/framework/node_def_util.cc:680] NodeDef mentions attribute use_unbounded_threadpool which is not in the op definition: Op<name=MapDataset; signature=input_dataset:variant, other_arguments: -> handle:variant; attr=f:func; attr=Targuments:list(type),min=0; attr=output_types:list(type),min=1; attr=output_shapes:list(shape),min=1; attr=use_inter_op_parallelism:bool,default=true; attr=preserve_cardinality:bool,default=false; attr=force_synchronous:bool,default=false; attr=metadata:string,default=""> This may be expected if your graph generating binary is newer  than this binary. Unknown attributes will be ignored. NodeDef: {{node ParallelMapDatasetV2/_14}}
/dcs/23/u5514578/cs310/y3p/venv/lib64/python3.9/site-packages/sklearn/metrics/_classification.py:2981: UserWarning: The y_pred values do not sum to one. Starting from 1.5 thiswill result in an error.
  warnings.warn(
2026-03-22 21:05:12.545021: E tensorflow/core/framework/node_def_util.cc:680] NodeDef mentions attribute use_unbounded_threadpool which is not in the op definition: Op<name=MapDataset; signature=input_dataset:variant, other_arguments: -> handle:variant; attr=f:func; attr=Targuments:list(type),min=0; attr=output_types:list(type),min=1; attr=output_shapes:list(shape),min=1; attr=use_inter_op_parallelism:bool,default=true; attr=preserve_cardinality:bool,default=false; attr=force_synchronous:bool,default=false; attr=metadata:string,default=""> This may be expected if your graph generating binary is newer  than this binary. Unknown attributes will be ignored. NodeDef: {{node ParallelMapDatasetV2/_14}}
/dcs/23/u5514578/cs310/y3p/venv/lib64/python3.9/site-packages/sklearn/metrics/_classification.py:2981: UserWarning: The y_pred values do not sum to one. Starting from 1.5 thiswill result in an error.
  warnings.warn(
2026-03-22 21:05:21.996524: E tensorflow/core/framework/node_def_util.cc:680] NodeDef mentions attribute use_unbounded_threadpool which is not in the op definition: Op<name=MapDataset; signature=input_dataset:variant, other_arguments: -> handle:variant; attr=f:func; attr=Targuments:list(type),min=0; attr=output_types:list(type),min=1; attr=output_shapes:list(shape),min=1; attr=use_inter_op_parallelism:bool,default=true; attr=preserve_cardinality:bool,default=false; attr=force_synchronous:bool,default=false; attr=metadata:string,default=""> This may be expected if your graph generating binary is newer  than this binary. Unknown attributes will be ignored. NodeDef: {{node ParallelMapDatasetV2/_14}}
/dcs/23/u5514578/cs310/y3p/venv/lib64/python3.9/site-packages/sklearn/metrics/_ranking.py:993: UserWarning: No positive class found in y_true, recall is set to one for all thresholds.
  warnings.warn(
/dcs/23/u5514578/cs310/y3p/venv/lib64/python3.9/site-packages/sklearn/metrics/_classification.py:2981: UserWarning: The y_pred values do not sum to one. Starting from 1.5 thiswill result in an error.
  warnings.warn(
2026-03-22 21:05:31.927228: E tensorflow/core/framework/node_def_util.cc:680] NodeDef mentions attribute use_unbounded_threadpool which is not in the op definition: Op<name=MapDataset; signature=input_dataset:variant, other_arguments: -> handle:variant; attr=f:func; attr=Targuments:list(type),min=0; attr=output_types:list(type),min=1; attr=output_shapes:list(shape),min=1; attr=use_inter_op_parallelism:bool,default=true; attr=preserve_cardinality:bool,default=false; attr=force_synchronous:bool,default=false; attr=metadata:string,default=""> This may be expected if your graph generating binary is newer  than this binary. Unknown attributes will be ignored. NodeDef: {{node ParallelMapDatasetV2/_14}}
/dcs/23/u5514578/cs310/y3p/venv/lib64/python3.9/site-packages/sklearn/metrics/_classification.py:2981: UserWarning: The y_pred values do not sum to one. Starting from 1.5 thiswill result in an error.
  warnings.warn(
2026-03-22 21:05:40.594336: E tensorflow/core/framework/node_def_util.cc:680] NodeDef mentions attribute use_unbounded_threadpool which is not in the op definition: Op<name=MapDataset; signature=input_dataset:variant, other_arguments: -> handle:variant; attr=f:func; attr=Targuments:list(type),min=0; attr=output_types:list(type),min=1; attr=output_shapes:list(shape),min=1; attr=use_inter_op_parallelism:bool,default=true; attr=preserve_cardinality:bool,default=false; attr=force_synchronous:bool,default=false; attr=metadata:string,default=""> This may be expected if your graph generating binary is newer  than this binary. Unknown attributes will be ignored. NodeDef: {{node ParallelMapDatasetV2/_14}}
/dcs/23/u5514578/cs310/y3p/venv/lib64/python3.9/site-packages/sklearn/metrics/_classification.py:2981: UserWarning: The y_pred values do not sum to one. Starting from 1.5 thiswill result in an error.
  warnings.warn(
2026-03-22 21:05:47.940675: E tensorflow/core/framework/node_def_util.cc:680] NodeDef mentions attribute use_unbounded_threadpool which is not in the op definition: Op<name=MapDataset; signature=input_dataset:variant, other_arguments: -> handle:variant; attr=f:func; attr=Targuments:list(type),min=0; attr=output_types:list(type),min=1; attr=output_shapes:list(shape),min=1; attr=use_inter_op_parallelism:bool,default=true; attr=preserve_cardinality:bool,default=false; attr=force_synchronous:bool,default=false; attr=metadata:string,default=""> This may be expected if your graph generating binary is newer  than this binary. Unknown attributes will be ignored. NodeDef: {{node ParallelMapDatasetV2/_15}}
/dcs/23/u5514578/cs310/y3p/venv/lib64/python3.9/site-packages/sklearn/metrics/_classification.py:2981: UserWarning: The y_pred values do not sum to one. Starting from 1.5 thiswill result in an error.
  warnings.warn(
2026-03-22 21:05:53.153132: E tensorflow/core/framework/node_def_util.cc:680] NodeDef mentions attribute use_unbounded_threadpool which is not in the op definition: Op<name=MapDataset; signature=input_dataset:variant, other_arguments: -> handle:variant; attr=f:func; attr=Targuments:list(type),min=0; attr=output_types:list(type),min=1; attr=output_shapes:list(shape),min=1; attr=use_inter_op_parallelism:bool,default=true; attr=preserve_cardinality:bool,default=false; attr=force_synchronous:bool,default=false; attr=metadata:string,default=""> This may be expected if your graph generating binary is newer  than this binary. Unknown attributes will be ignored. NodeDef: {{node ParallelMapDatasetV2/_15}}
2026-03-22 21:06:00.640620: E tensorflow/core/framework/node_def_util.cc:680] NodeDef mentions attribute use_unbounded_threadpool which is not in the op definition: Op<name=MapDataset; signature=input_dataset:variant, other_arguments: -> handle:variant; attr=f:func; attr=Targuments:list(type),min=0; attr=output_types:list(type),min=1; attr=output_shapes:list(shape),min=1; attr=use_inter_op_parallelism:bool,default=true; attr=preserve_cardinality:bool,default=false; attr=force_synchronous:bool,default=false; attr=metadata:string,default=""> This may be expected if your graph generating binary is newer  than this binary. Unknown attributes will be ignored. NodeDef: {{node ParallelMapDatasetV2/_14}}
/dcs/23/u5514578/cs310/y3p/venv/lib64/python3.9/site-packages/sklearn/metrics/_classification.py:2981: UserWarning: The y_pred values do not sum to one. Starting from 1.5 thiswill result in an error.
  warnings.warn(
2026-03-22 21:06:10.281281: E tensorflow/core/framework/node_def_util.cc:680] NodeDef mentions attribute use_unbounded_threadpool which is not in the op definition: Op<name=MapDataset; signature=input_dataset:variant, other_arguments: -> handle:variant; attr=f:func; attr=Targuments:list(type),min=0; attr=output_types:list(type),min=1; attr=output_shapes:list(shape),min=1; attr=use_inter_op_parallelism:bool,default=true; attr=preserve_cardinality:bool,default=false; attr=force_synchronous:bool,default=false; attr=metadata:string,default=""> This may be expected if your graph generating binary is newer  than this binary. Unknown attributes will be ignored. NodeDef: {{node ParallelMapDatasetV2/_14}}
/dcs/23/u5514578/cs310/y3p/venv/lib64/python3.9/site-packages/sklearn/metrics/_ranking.py:993: UserWarning: No positive class found in y_true, recall is set to one for all thresholds.
  warnings.warn(
/dcs/23/u5514578/cs310/y3p/venv/lib64/python3.9/site-packages/sklearn/metrics/_classification.py:2981: UserWarning: The y_pred values do not sum to one. Starting from 1.5 thiswill result in an error.
  warnings.warn(
2026-03-22 21:06:18.404623: E tensorflow/core/framework/node_def_util.cc:680] NodeDef mentions attribute use_unbounded_threadpool which is not in the op definition: Op<name=MapDataset; signature=input_dataset:variant, other_arguments: -> handle:variant; attr=f:func; attr=Targuments:list(type),min=0; attr=output_types:list(type),min=1; attr=output_shapes:list(shape),min=1; attr=use_inter_op_parallelism:bool,default=true; attr=preserve_cardinality:bool,default=false; attr=force_synchronous:bool,default=false; attr=metadata:string,default=""> This may be expected if your graph generating binary is newer  than this binary. Unknown attributes will be ignored. NodeDef: {{node ParallelMapDatasetV2/_14}}
/dcs/23/u5514578/cs310/y3p/venv/lib64/python3.9/site-packages/sklearn/metrics/_classification.py:2981: UserWarning: The y_pred values do not sum to one. Starting from 1.5 thiswill result in an error.
  warnings.warn(
