2026-03-22 01:18:18.343783: I tensorflow/core/util/port.cc:153] oneDNN custom operations are on. You may see slightly different numerical results due to floating-point round-off errors from different computation orders. To turn them off, set the environment variable `TF_ENABLE_ONEDNN_OPTS=0`.
2026-03-22 01:18:21.112169: I tensorflow/core/platform/cpu_feature_guard.cc:210] This TensorFlow binary is optimized to use available CPU instructions in performance-critical operations.
To enable the following instructions: AVX2 AVX512F AVX512_VNNI AVX512_BF16 AVX_VNNI FMA, in other operations, rebuild TensorFlow with the appropriate compiler flags.
2026-03-22 01:18:25.509036: I tensorflow/core/util/port.cc:153] oneDNN custom operations are on. You may see slightly different numerical results due to floating-point round-off errors from different computation orders. To turn them off, set the environment variable `TF_ENABLE_ONEDNN_OPTS=0`.
2026-03-22 01:18:29.209576: I tensorflow/core/util/port.cc:153] oneDNN custom operations are on. You may see slightly different numerical results due to floating-point round-off errors from different computation orders. To turn them off, set the environment variable `TF_ENABLE_ONEDNN_OPTS=0`.
2026-03-22 01:18:29.250996: I tensorflow/core/platform/cpu_feature_guard.cc:210] This TensorFlow binary is optimized to use available CPU instructions in performance-critical operations.
To enable the following instructions: AVX2 AVX512F AVX512_VNNI AVX512_BF16 AVX_VNNI FMA, in other operations, rebuild TensorFlow with the appropriate compiler flags.
2026-03-22 01:18:30.723124: I tensorflow/core/util/port.cc:153] oneDNN custom operations are on. You may see slightly different numerical results due to floating-point round-off errors from different computation orders. To turn them off, set the environment variable `TF_ENABLE_ONEDNN_OPTS=0`.
/dcs/23/u5514578/cs310/y3p/src/utils/base_ablation_eval.py:307: UserWarning: load_stage2_dataset dropped 21 rows with missing y_compound.
  df_raw = load_stage2_dataset(args.data_path)
/dcs/23/u5514578/cs310/y3p/venv/lib64/python3.9/site-packages/sklearn/metrics/_classification.py:2981: UserWarning: The y_pred values do not sum to one. Starting from 1.5 thiswill result in an error.
  warnings.warn(
/dcs/23/u5514578/cs310/y3p/venv/lib64/python3.9/site-packages/sklearn/metrics/_classification.py:2981: UserWarning: The y_pred values do not sum to one. Starting from 1.5 thiswill result in an error.
  warnings.warn(
/dcs/23/u5514578/cs310/y3p/venv/lib64/python3.9/site-packages/sklearn/metrics/_ranking.py:993: UserWarning: No positive class found in y_true, recall is set to one for all thresholds.
  warnings.warn(
/dcs/23/u5514578/cs310/y3p/venv/lib64/python3.9/site-packages/sklearn/metrics/_classification.py:2981: UserWarning: The y_pred values do not sum to one. Starting from 1.5 thiswill result in an error.
  warnings.warn(
/dcs/23/u5514578/cs310/y3p/venv/lib64/python3.9/site-packages/sklearn/metrics/_classification.py:2981: UserWarning: The y_pred values do not sum to one. Starting from 1.5 thiswill result in an error.
  warnings.warn(
/dcs/23/u5514578/cs310/y3p/venv/lib64/python3.9/site-packages/sklearn/metrics/_classification.py:2981: UserWarning: The y_pred values do not sum to one. Starting from 1.5 thiswill result in an error.
  warnings.warn(
/dcs/23/u5514578/cs310/y3p/venv/lib64/python3.9/site-packages/sklearn/metrics/_classification.py:2981: UserWarning: The y_pred values do not sum to one. Starting from 1.5 thiswill result in an error.
  warnings.warn(
/dcs/23/u5514578/cs310/y3p/venv/lib64/python3.9/site-packages/sklearn/metrics/_ranking.py:993: UserWarning: No positive class found in y_true, recall is set to one for all thresholds.
  warnings.warn(
/dcs/23/u5514578/cs310/y3p/venv/lib64/python3.9/site-packages/sklearn/metrics/_classification.py:2981: UserWarning: The y_pred values do not sum to one. Starting from 1.5 thiswill result in an error.
  warnings.warn(
/dcs/23/u5514578/cs310/y3p/venv/lib64/python3.9/site-packages/sklearn/metrics/_classification.py:2981: UserWarning: The y_pred values do not sum to one. Starting from 1.5 thiswill result in an error.
  warnings.warn(
/dcs/23/u5514578/cs310/y3p/venv/lib64/python3.9/site-packages/sklearn/metrics/_classification.py:2981: UserWarning: The y_pred values do not sum to one. Starting from 1.5 thiswill result in an error.
  warnings.warn(
/dcs/23/u5514578/cs310/y3p/venv/lib64/python3.9/site-packages/sklearn/metrics/_classification.py:2981: UserWarning: The y_pred values do not sum to one. Starting from 1.5 thiswill result in an error.
  warnings.warn(
/dcs/23/u5514578/cs310/y3p/venv/lib64/python3.9/site-packages/sklearn/metrics/_classification.py:2981: UserWarning: The y_pred values do not sum to one. Starting from 1.5 thiswill result in an error.
  warnings.warn(
/dcs/23/u5514578/cs310/y3p/venv/lib64/python3.9/site-packages/sklearn/metrics/_ranking.py:993: UserWarning: No positive class found in y_true, recall is set to one for all thresholds.
  warnings.warn(
/dcs/23/u5514578/cs310/y3p/venv/lib64/python3.9/site-packages/sklearn/metrics/_classification.py:2981: UserWarning: The y_pred values do not sum to one. Starting from 1.5 thiswill result in an error.
  warnings.warn(
/dcs/23/u5514578/cs310/y3p/venv/lib64/python3.9/site-packages/sklearn/metrics/_classification.py:2981: UserWarning: The y_pred values do not sum to one. Starting from 1.5 thiswill result in an error.
  warnings.warn(
/dcs/23/u5514578/cs310/y3p/venv/lib64/python3.9/site-packages/sklearn/metrics/_classification.py:2981: UserWarning: The y_pred values do not sum to one. Starting from 1.5 thiswill result in an error.
  warnings.warn(
/dcs/23/u5514578/cs310/y3p/venv/lib64/python3.9/site-packages/sklearn/metrics/_classification.py:2981: UserWarning: The y_pred values do not sum to one. Starting from 1.5 thiswill result in an error.
  warnings.warn(
/dcs/23/u5514578/cs310/y3p/venv/lib64/python3.9/site-packages/sklearn/metrics/_classification.py:2981: UserWarning: The y_pred values do not sum to one. Starting from 1.5 thiswill result in an error.
  warnings.warn(
/dcs/23/u5514578/cs310/y3p/venv/lib64/python3.9/site-packages/sklearn/metrics/_ranking.py:993: UserWarning: No positive class found in y_true, recall is set to one for all thresholds.
  warnings.warn(
/dcs/23/u5514578/cs310/y3p/venv/lib64/python3.9/site-packages/sklearn/metrics/_classification.py:2981: UserWarning: The y_pred values do not sum to one. Starting from 1.5 thiswill result in an error.
  warnings.warn(
/dcs/23/u5514578/cs310/y3p/venv/lib64/python3.9/site-packages/sklearn/metrics/_ranking.py:993: UserWarning: No positive class found in y_true, recall is set to one for all thresholds.
  warnings.warn(
/dcs/23/u5514578/cs310/y3p/venv/lib64/python3.9/site-packages/sklearn/metrics/_classification.py:2981: UserWarning: The y_pred values do not sum to one. Starting from 1.5 thiswill result in an error.
  warnings.warn(
/dcs/23/u5514578/cs310/y3p/venv/lib64/python3.9/site-packages/sklearn/metrics/_classification.py:2981: UserWarning: The y_pred values do not sum to one. Starting from 1.5 thiswill result in an error.
  warnings.warn(
/dcs/23/u5514578/cs310/y3p/venv/lib64/python3.9/site-packages/sklearn/metrics/_classification.py:2981: UserWarning: The y_pred values do not sum to one. Starting from 1.5 thiswill result in an error.
  warnings.warn(
/dcs/23/u5514578/cs310/y3p/venv/lib64/python3.9/site-packages/sklearn/metrics/_ranking.py:993: UserWarning: No positive class found in y_true, recall is set to one for all thresholds.
  warnings.warn(
/dcs/23/u5514578/cs310/y3p/venv/lib64/python3.9/site-packages/sklearn/metrics/_classification.py:2981: UserWarning: The y_pred values do not sum to one. Starting from 1.5 thiswill result in an error.
  warnings.warn(
/dcs/23/u5514578/cs310/y3p/venv/lib64/python3.9/site-packages/sklearn/metrics/_classification.py:2981: UserWarning: The y_pred values do not sum to one. Starting from 1.5 thiswill result in an error.
  warnings.warn(
/dcs/23/u5514578/cs310/y3p/venv/lib64/python3.9/site-packages/sklearn/metrics/_classification.py:2981: UserWarning: The y_pred values do not sum to one. Starting from 1.5 thiswill result in an error.
  warnings.warn(
/dcs/23/u5514578/cs310/y3p/venv/lib64/python3.9/site-packages/sklearn/metrics/_classification.py:2981: UserWarning: The y_pred values do not sum to one. Starting from 1.5 thiswill result in an error.
  warnings.warn(
/dcs/23/u5514578/cs310/y3p/venv/lib64/python3.9/site-packages/sklearn/metrics/_classification.py:2981: UserWarning: The y_pred values do not sum to one. Starting from 1.5 thiswill result in an error.
  warnings.warn(
/dcs/23/u5514578/cs310/y3p/venv/lib64/python3.9/site-packages/sklearn/metrics/_ranking.py:993: UserWarning: No positive class found in y_true, recall is set to one for all thresholds.
  warnings.warn(
/dcs/23/u5514578/cs310/y3p/venv/lib64/python3.9/site-packages/sklearn/metrics/_classification.py:2981: UserWarning: The y_pred values do not sum to one. Starting from 1.5 thiswill result in an error.
  warnings.warn(
/dcs/23/u5514578/cs310/y3p/venv/lib64/python3.9/site-packages/sklearn/metrics/_classification.py:2981: UserWarning: The y_pred values do not sum to one. Starting from 1.5 thiswill result in an error.
  warnings.warn(
/dcs/23/u5514578/cs310/y3p/venv/lib64/python3.9/site-packages/sklearn/metrics/_classification.py:2981: UserWarning: The y_pred values do not sum to one. Starting from 1.5 thiswill result in an error.
  warnings.warn(
/dcs/23/u5514578/cs310/y3p/venv/lib64/python3.9/site-packages/sklearn/metrics/_classification.py:2981: UserWarning: The y_pred values do not sum to one. Starting from 1.5 thiswill result in an error.
  warnings.warn(
/dcs/23/u5514578/cs310/y3p/venv/lib64/python3.9/site-packages/sklearn/metrics/_classification.py:2981: UserWarning: The y_pred values do not sum to one. Starting from 1.5 thiswill result in an error.
  warnings.warn(
/dcs/23/u5514578/cs310/y3p/venv/lib64/python3.9/site-packages/sklearn/metrics/_ranking.py:993: UserWarning: No positive class found in y_true, recall is set to one for all thresholds.
  warnings.warn(
/dcs/23/u5514578/cs310/y3p/venv/lib64/python3.9/site-packages/sklearn/metrics/_classification.py:2981: UserWarning: The y_pred values do not sum to one. Starting from 1.5 thiswill result in an error.
  warnings.warn(
/dcs/23/u5514578/cs310/y3p/venv/lib64/python3.9/site-packages/sklearn/metrics/_classification.py:2981: UserWarning: The y_pred values do not sum to one. Starting from 1.5 thiswill result in an error.
  warnings.warn(
/dcs/23/u5514578/cs310/y3p/venv/lib64/python3.9/site-packages/sklearn/metrics/_classification.py:2981: UserWarning: The y_pred values do not sum to one. Starting from 1.5 thiswill result in an error.
  warnings.warn(
/dcs/23/u5514578/cs310/y3p/venv/lib64/python3.9/site-packages/sklearn/metrics/_classification.py:2981: UserWarning: The y_pred values do not sum to one. Starting from 1.5 thiswill result in an error.
  warnings.warn(
/dcs/23/u5514578/cs310/y3p/venv/lib64/python3.9/site-packages/sklearn/metrics/_ranking.py:993: UserWarning: No positive class found in y_true, recall is set to one for all thresholds.
  warnings.warn(
/dcs/23/u5514578/cs310/y3p/venv/lib64/python3.9/site-packages/sklearn/metrics/_classification.py:2981: UserWarning: The y_pred values do not sum to one. Starting from 1.5 thiswill result in an error.
  warnings.warn(
/dcs/23/u5514578/cs310/y3p/venv/lib64/python3.9/site-packages/sklearn/metrics/_classification.py:2981: UserWarning: The y_pred values do not sum to one. Starting from 1.5 thiswill result in an error.
  warnings.warn(
/dcs/23/u5514578/cs310/y3p/venv/lib64/python3.9/site-packages/sklearn/metrics/_classification.py:2981: UserWarning: The y_pred values do not sum to one. Starting from 1.5 thiswill result in an error.
  warnings.warn(
/dcs/23/u5514578/cs310/y3p/venv/lib64/python3.9/site-packages/sklearn/metrics/_classification.py:2981: UserWarning: The y_pred values do not sum to one. Starting from 1.5 thiswill result in an error.
  warnings.warn(
/dcs/23/u5514578/cs310/y3p/venv/lib64/python3.9/site-packages/sklearn/metrics/_ranking.py:993: UserWarning: No positive class found in y_true, recall is set to one for all thresholds.
  warnings.warn(
/dcs/23/u5514578/cs310/y3p/venv/lib64/python3.9/site-packages/sklearn/metrics/_classification.py:2981: UserWarning: The y_pred values do not sum to one. Starting from 1.5 thiswill result in an error.
  warnings.warn(
/dcs/23/u5514578/cs310/y3p/venv/lib64/python3.9/site-packages/sklearn/metrics/_classification.py:2981: UserWarning: The y_pred values do not sum to one. Starting from 1.5 thiswill result in an error.
  warnings.warn(
/dcs/23/u5514578/cs310/y3p/venv/lib64/python3.9/site-packages/sklearn/metrics/_classification.py:2981: UserWarning: The y_pred values do not sum to one. Starting from 1.5 thiswill result in an error.
  warnings.warn(
/dcs/23/u5514578/cs310/y3p/venv/lib64/python3.9/site-packages/sklearn/metrics/_classification.py:2981: UserWarning: The y_pred values do not sum to one. Starting from 1.5 thiswill result in an error.
  warnings.warn(
/dcs/23/u5514578/cs310/y3p/venv/lib64/python3.9/site-packages/sklearn/metrics/_classification.py:2981: UserWarning: The y_pred values do not sum to one. Starting from 1.5 thiswill result in an error.
  warnings.warn(
/dcs/23/u5514578/cs310/y3p/venv/lib64/python3.9/site-packages/sklearn/metrics/_ranking.py:993: UserWarning: No positive class found in y_true, recall is set to one for all thresholds.
  warnings.warn(
/dcs/23/u5514578/cs310/y3p/venv/lib64/python3.9/site-packages/sklearn/metrics/_classification.py:2981: UserWarning: The y_pred values do not sum to one. Starting from 1.5 thiswill result in an error.
  warnings.warn(
/dcs/23/u5514578/cs310/y3p/venv/lib64/python3.9/site-packages/sklearn/metrics/_classification.py:2981: UserWarning: The y_pred values do not sum to one. Starting from 1.5 thiswill result in an error.
  warnings.warn(
/dcs/23/u5514578/cs310/y3p/venv/lib64/python3.9/site-packages/sklearn/metrics/_classification.py:2981: UserWarning: The y_pred values do not sum to one. Starting from 1.5 thiswill result in an error.
  warnings.warn(
/dcs/23/u5514578/cs310/y3p/venv/lib64/python3.9/site-packages/sklearn/metrics/_classification.py:2981: UserWarning: The y_pred values do not sum to one. Starting from 1.5 thiswill result in an error.
  warnings.warn(
/dcs/23/u5514578/cs310/y3p/venv/lib64/python3.9/site-packages/sklearn/metrics/_classification.py:2981: UserWarning: The y_pred values do not sum to one. Starting from 1.5 thiswill result in an error.
  warnings.warn(
/dcs/23/u5514578/cs310/y3p/venv/lib64/python3.9/site-packages/sklearn/metrics/_ranking.py:993: UserWarning: No positive class found in y_true, recall is set to one for all thresholds.
  warnings.warn(
/dcs/23/u5514578/cs310/y3p/venv/lib64/python3.9/site-packages/sklearn/metrics/_classification.py:2981: UserWarning: The y_pred values do not sum to one. Starting from 1.5 thiswill result in an error.
  warnings.warn(
/dcs/23/u5514578/cs310/y3p/venv/lib64/python3.9/site-packages/sklearn/metrics/_classification.py:2981: UserWarning: The y_pred values do not sum to one. Starting from 1.5 thiswill result in an error.
  warnings.warn(
/dcs/23/u5514578/cs310/y3p/venv/lib64/python3.9/site-packages/sklearn/metrics/_classification.py:2981: UserWarning: The y_pred values do not sum to one. Starting from 1.5 thiswill result in an error.
  warnings.warn(
/dcs/23/u5514578/cs310/y3p/venv/lib64/python3.9/site-packages/sklearn/metrics/_classification.py:2981: UserWarning: The y_pred values do not sum to one. Starting from 1.5 thiswill result in an error.
  warnings.warn(
/dcs/23/u5514578/cs310/y3p/venv/lib64/python3.9/site-packages/sklearn/metrics/_classification.py:2981: UserWarning: The y_pred values do not sum to one. Starting from 1.5 thiswill result in an error.
  warnings.warn(
/dcs/23/u5514578/cs310/y3p/venv/lib64/python3.9/site-packages/sklearn/metrics/_ranking.py:993: UserWarning: No positive class found in y_true, recall is set to one for all thresholds.
  warnings.warn(
/dcs/23/u5514578/cs310/y3p/venv/lib64/python3.9/site-packages/sklearn/metrics/_classification.py:2981: UserWarning: The y_pred values do not sum to one. Starting from 1.5 thiswill result in an error.
  warnings.warn(
/dcs/23/u5514578/cs310/y3p/venv/lib64/python3.9/site-packages/sklearn/metrics/_classification.py:2981: UserWarning: The y_pred values do not sum to one. Starting from 1.5 thiswill result in an error.
  warnings.warn(
/dcs/23/u5514578/cs310/y3p/venv/lib64/python3.9/site-packages/sklearn/metrics/_classification.py:2981: UserWarning: The y_pred values do not sum to one. Starting from 1.5 thiswill result in an error.
  warnings.warn(
/dcs/23/u5514578/cs310/y3p/venv/lib64/python3.9/site-packages/sklearn/metrics/_classification.py:2981: UserWarning: The y_pred values do not sum to one. Starting from 1.5 thiswill result in an error.
  warnings.warn(
/dcs/23/u5514578/cs310/y3p/venv/lib64/python3.9/site-packages/sklearn/metrics/_classification.py:2981: UserWarning: The y_pred values do not sum to one. Starting from 1.5 thiswill result in an error.
  warnings.warn(
/dcs/23/u5514578/cs310/y3p/venv/lib64/python3.9/site-packages/sklearn/metrics/_ranking.py:993: UserWarning: No positive class found in y_true, recall is set to one for all thresholds.
  warnings.warn(
/dcs/23/u5514578/cs310/y3p/venv/lib64/python3.9/site-packages/sklearn/metrics/_classification.py:2981: UserWarning: The y_pred values do not sum to one. Starting from 1.5 thiswill result in an error.
  warnings.warn(
/dcs/23/u5514578/cs310/y3p/venv/lib64/python3.9/site-packages/sklearn/metrics/_classification.py:2981: UserWarning: The y_pred values do not sum to one. Starting from 1.5 thiswill result in an error.
  warnings.warn(
/dcs/23/u5514578/cs310/y3p/venv/lib64/python3.9/site-packages/sklearn/metrics/_classification.py:2981: UserWarning: The y_pred values do not sum to one. Starting from 1.5 thiswill result in an error.
  warnings.warn(
/dcs/23/u5514578/cs310/y3p/venv/lib64/python3.9/site-packages/sklearn/metrics/_classification.py:2981: UserWarning: The y_pred values do not sum to one. Starting from 1.5 thiswill result in an error.
  warnings.warn(
/dcs/23/u5514578/cs310/y3p/venv/lib64/python3.9/site-packages/sklearn/metrics/_classification.py:2981: UserWarning: The y_pred values do not sum to one. Starting from 1.5 thiswill result in an error.
  warnings.warn(
/dcs/23/u5514578/cs310/y3p/venv/lib64/python3.9/site-packages/sklearn/metrics/_ranking.py:993: UserWarning: No positive class found in y_true, recall is set to one for all thresholds.
  warnings.warn(
/dcs/23/u5514578/cs310/y3p/venv/lib64/python3.9/site-packages/sklearn/metrics/_classification.py:2981: UserWarning: The y_pred values do not sum to one. Starting from 1.5 thiswill result in an error.
  warnings.warn(
/dcs/23/u5514578/cs310/y3p/venv/lib64/python3.9/site-packages/sklearn/metrics/_classification.py:2981: UserWarning: The y_pred values do not sum to one. Starting from 1.5 thiswill result in an error.
  warnings.warn(
/dcs/23/u5514578/cs310/y3p/venv/lib64/python3.9/site-packages/sklearn/metrics/_classification.py:2981: UserWarning: The y_pred values do not sum to one. Starting from 1.5 thiswill result in an error.
  warnings.warn(
/dcs/23/u5514578/cs310/y3p/venv/lib64/python3.9/site-packages/sklearn/metrics/_classification.py:2981: UserWarning: The y_pred values do not sum to one. Starting from 1.5 thiswill result in an error.
  warnings.warn(
/dcs/23/u5514578/cs310/y3p/venv/lib64/python3.9/site-packages/sklearn/metrics/_classification.py:2981: UserWarning: The y_pred values do not sum to one. Starting from 1.5 thiswill result in an error.
  warnings.warn(
/dcs/23/u5514578/cs310/y3p/venv/lib64/python3.9/site-packages/sklearn/metrics/_ranking.py:993: UserWarning: No positive class found in y_true, recall is set to one for all thresholds.
  warnings.warn(
/dcs/23/u5514578/cs310/y3p/venv/lib64/python3.9/site-packages/sklearn/metrics/_classification.py:2981: UserWarning: The y_pred values do not sum to one. Starting from 1.5 thiswill result in an error.
  warnings.warn(
/dcs/23/u5514578/cs310/y3p/venv/lib64/python3.9/site-packages/sklearn/metrics/_classification.py:2981: UserWarning: The y_pred values do not sum to one. Starting from 1.5 thiswill result in an error.
  warnings.warn(
/dcs/23/u5514578/cs310/y3p/venv/lib64/python3.9/site-packages/sklearn/metrics/_classification.py:2981: UserWarning: The y_pred values do not sum to one. Starting from 1.5 thiswill result in an error.
  warnings.warn(
/dcs/23/u5514578/cs310/y3p/venv/lib64/python3.9/site-packages/sklearn/metrics/_classification.py:2981: UserWarning: The y_pred values do not sum to one. Starting from 1.5 thiswill result in an error.
  warnings.warn(
/dcs/23/u5514578/cs310/y3p/venv/lib64/python3.9/site-packages/sklearn/metrics/_classification.py:2981: UserWarning: The y_pred values do not sum to one. Starting from 1.5 thiswill result in an error.
  warnings.warn(
/dcs/23/u5514578/cs310/y3p/venv/lib64/python3.9/site-packages/sklearn/metrics/_ranking.py:993: UserWarning: No positive class found in y_true, recall is set to one for all thresholds.
  warnings.warn(
/dcs/23/u5514578/cs310/y3p/venv/lib64/python3.9/site-packages/sklearn/metrics/_classification.py:2981: UserWarning: The y_pred values do not sum to one. Starting from 1.5 thiswill result in an error.
  warnings.warn(
/dcs/23/u5514578/cs310/y3p/venv/lib64/python3.9/site-packages/sklearn/metrics/_classification.py:2981: UserWarning: The y_pred values do not sum to one. Starting from 1.5 thiswill result in an error.
  warnings.warn(
/dcs/23/u5514578/cs310/y3p/venv/lib64/python3.9/site-packages/sklearn/metrics/_classification.py:2981: UserWarning: The y_pred values do not sum to one. Starting from 1.5 thiswill result in an error.
  warnings.warn(
/dcs/23/u5514578/cs310/y3p/venv/lib64/python3.9/site-packages/sklearn/metrics/_classification.py:2981: UserWarning: The y_pred values do not sum to one. Starting from 1.5 thiswill result in an error.
  warnings.warn(
/dcs/23/u5514578/cs310/y3p/venv/lib64/python3.9/site-packages/sklearn/metrics/_classification.py:2981: UserWarning: The y_pred values do not sum to one. Starting from 1.5 thiswill result in an error.
  warnings.warn(
/dcs/23/u5514578/cs310/y3p/venv/lib64/python3.9/site-packages/sklearn/metrics/_ranking.py:993: UserWarning: No positive class found in y_true, recall is set to one for all thresholds.
  warnings.warn(
/dcs/23/u5514578/cs310/y3p/venv/lib64/python3.9/site-packages/sklearn/metrics/_classification.py:2981: UserWarning: The y_pred values do not sum to one. Starting from 1.5 thiswill result in an error.
  warnings.warn(
/dcs/23/u5514578/cs310/y3p/venv/lib64/python3.9/site-packages/sklearn/metrics/_classification.py:2981: UserWarning: The y_pred values do not sum to one. Starting from 1.5 thiswill result in an error.
  warnings.warn(
/dcs/23/u5514578/cs310/y3p/venv/lib64/python3.9/site-packages/sklearn/metrics/_ranking.py:993: UserWarning: No positive class found in y_true, recall is set to one for all thresholds.
  warnings.warn(
/dcs/23/u5514578/cs310/y3p/venv/lib64/python3.9/site-packages/sklearn/metrics/_ranking.py:993: UserWarning: No positive class found in y_true, recall is set to one for all thresholds.
  warnings.warn(
/dcs/23/u5514578/cs310/y3p/venv/lib64/python3.9/site-packages/sklearn/metrics/_ranking.py:993: UserWarning: No positive class found in y_true, recall is set to one for all thresholds.
  warnings.warn(
/dcs/23/u5514578/cs310/y3p/venv/lib64/python3.9/site-packages/sklearn/metrics/_ranking.py:993: UserWarning: No positive class found in y_true, recall is set to one for all thresholds.
  warnings.warn(
/dcs/23/u5514578/cs310/y3p/venv/lib64/python3.9/site-packages/sklearn/metrics/_ranking.py:993: UserWarning: No positive class found in y_true, recall is set to one for all thresholds.
  warnings.warn(
/dcs/23/u5514578/cs310/y3p/venv/lib64/python3.9/site-packages/sklearn/metrics/_ranking.py:993: UserWarning: No positive class found in y_true, recall is set to one for all thresholds.
  warnings.warn(
/dcs/23/u5514578/cs310/y3p/venv/lib64/python3.9/site-packages/sklearn/metrics/_ranking.py:993: UserWarning: No positive class found in y_true, recall is set to one for all thresholds.
  warnings.warn(
/dcs/23/u5514578/cs310/y3p/venv/lib64/python3.9/site-packages/sklearn/metrics/_ranking.py:993: UserWarning: No positive class found in y_true, recall is set to one for all thresholds.
  warnings.warn(
/dcs/23/u5514578/cs310/y3p/venv/lib64/python3.9/site-packages/sklearn/metrics/_ranking.py:993: UserWarning: No positive class found in y_true, recall is set to one for all thresholds.
  warnings.warn(
2026-03-22 01:20:39.710006: E external/local_xla/xla/stream_executor/cuda/cuda_platform.cc:51] failed call to cuInit: INTERNAL: CUDA error: Failed call to cuInit: UNKNOWN ERROR (303)
2026-03-22 01:20:39.869654: E tensorflow/core/framework/node_def_util.cc:680] NodeDef mentions attribute use_unbounded_threadpool which is not in the op definition: Op<name=MapDataset; signature=input_dataset:variant, other_arguments: -> handle:variant; attr=f:func; attr=Targuments:list(type),min=0; attr=output_types:list(type),min=1; attr=output_shapes:list(shape),min=1; attr=use_inter_op_parallelism:bool,default=true; attr=preserve_cardinality:bool,default=false; attr=force_synchronous:bool,default=false; attr=metadata:string,default=""> This may be expected if your graph generating binary is newer  than this binary. Unknown attributes will be ignored. NodeDef: {{node ParallelMapDatasetV2/_15}}
2026-03-22 01:20:47.071033: E tensorflow/core/framework/node_def_util.cc:680] NodeDef mentions attribute use_unbounded_threadpool which is not in the op definition: Op<name=MapDataset; signature=input_dataset:variant, other_arguments: -> handle:variant; attr=f:func; attr=Targuments:list(type),min=0; attr=output_types:list(type),min=1; attr=output_shapes:list(shape),min=1; attr=use_inter_op_parallelism:bool,default=true; attr=preserve_cardinality:bool,default=false; attr=force_synchronous:bool,default=false; attr=metadata:string,default=""> This may be expected if your graph generating binary is newer  than this binary. Unknown attributes will be ignored. NodeDef: {{node ParallelMapDatasetV2/_14}}
/dcs/23/u5514578/cs310/y3p/venv/lib64/python3.9/site-packages/sklearn/metrics/_classification.py:2981: UserWarning: The y_pred values do not sum to one. Starting from 1.5 thiswill result in an error.
  warnings.warn(
2026-03-22 01:20:55.474306: E tensorflow/core/framework/node_def_util.cc:680] NodeDef mentions attribute use_unbounded_threadpool which is not in the op definition: Op<name=MapDataset; signature=input_dataset:variant, other_arguments: -> handle:variant; attr=f:func; attr=Targuments:list(type),min=0; attr=output_types:list(type),min=1; attr=output_shapes:list(shape),min=1; attr=use_inter_op_parallelism:bool,default=true; attr=preserve_cardinality:bool,default=false; attr=force_synchronous:bool,default=false; attr=metadata:string,default=""> This may be expected if your graph generating binary is newer  than this binary. Unknown attributes will be ignored. NodeDef: {{node ParallelMapDatasetV2/_14}}
/dcs/23/u5514578/cs310/y3p/venv/lib64/python3.9/site-packages/sklearn/metrics/_classification.py:2981: UserWarning: The y_pred values do not sum to one. Starting from 1.5 thiswill result in an error.
  warnings.warn(
2026-03-22 01:21:09.055625: E tensorflow/core/framework/node_def_util.cc:680] NodeDef mentions attribute use_unbounded_threadpool which is not in the op definition: Op<name=MapDataset; signature=input_dataset:variant, other_arguments: -> handle:variant; attr=f:func; attr=Targuments:list(type),min=0; attr=output_types:list(type),min=1; attr=output_shapes:list(shape),min=1; attr=use_inter_op_parallelism:bool,default=true; attr=preserve_cardinality:bool,default=false; attr=force_synchronous:bool,default=false; attr=metadata:string,default=""> This may be expected if your graph generating binary is newer  than this binary. Unknown attributes will be ignored. NodeDef: {{node ParallelMapDatasetV2/_14}}
WARNING:tensorflow:5 out of the last 15 calls to <function TensorFlowTrainer.make_predict_function.<locals>.one_step_on_data_distributed at 0x7ff0f61c89d0> triggered tf.function retracing. Tracing is expensive and the excessive number of tracings could be due to (1) creating @tf.function repeatedly in a loop, (2) passing tensors with different shapes, (3) passing Python objects instead of tensors. For (1), please define your @tf.function outside of the loop. For (2), @tf.function has reduce_retracing=True option that can avoid unnecessary retracing. For (3), please refer to https://www.tensorflow.org/guide/function#controlling_retracing and https://www.tensorflow.org/api_docs/python/tf/function for  more details.
/dcs/23/u5514578/cs310/y3p/venv/lib64/python3.9/site-packages/sklearn/metrics/_classification.py:2981: UserWarning: The y_pred values do not sum to one. Starting from 1.5 thiswill result in an error.
  warnings.warn(
2026-03-22 01:21:22.015074: E tensorflow/core/framework/node_def_util.cc:680] NodeDef mentions attribute use_unbounded_threadpool which is not in the op definition: Op<name=MapDataset; signature=input_dataset:variant, other_arguments: -> handle:variant; attr=f:func; attr=Targuments:list(type),min=0; attr=output_types:list(type),min=1; attr=output_shapes:list(shape),min=1; attr=use_inter_op_parallelism:bool,default=true; attr=preserve_cardinality:bool,default=false; attr=force_synchronous:bool,default=false; attr=metadata:string,default=""> This may be expected if your graph generating binary is newer  than this binary. Unknown attributes will be ignored. NodeDef: {{node ParallelMapDatasetV2/_14}}
WARNING:tensorflow:5 out of the last 15 calls to <function TensorFlowTrainer.make_predict_function.<locals>.one_step_on_data_distributed at 0x7ff0b8d83ca0> triggered tf.function retracing. Tracing is expensive and the excessive number of tracings could be due to (1) creating @tf.function repeatedly in a loop, (2) passing tensors with different shapes, (3) passing Python objects instead of tensors. For (1), please define your @tf.function outside of the loop. For (2), @tf.function has reduce_retracing=True option that can avoid unnecessary retracing. For (3), please refer to https://www.tensorflow.org/guide/function#controlling_retracing and https://www.tensorflow.org/api_docs/python/tf/function for  more details.
/dcs/23/u5514578/cs310/y3p/venv/lib64/python3.9/site-packages/sklearn/metrics/_ranking.py:993: UserWarning: No positive class found in y_true, recall is set to one for all thresholds.
  warnings.warn(
/dcs/23/u5514578/cs310/y3p/venv/lib64/python3.9/site-packages/sklearn/metrics/_classification.py:2981: UserWarning: The y_pred values do not sum to one. Starting from 1.5 thiswill result in an error.
  warnings.warn(
2026-03-22 01:21:36.628943: E tensorflow/core/framework/node_def_util.cc:680] NodeDef mentions attribute use_unbounded_threadpool which is not in the op definition: Op<name=MapDataset; signature=input_dataset:variant, other_arguments: -> handle:variant; attr=f:func; attr=Targuments:list(type),min=0; attr=output_types:list(type),min=1; attr=output_shapes:list(shape),min=1; attr=use_inter_op_parallelism:bool,default=true; attr=preserve_cardinality:bool,default=false; attr=force_synchronous:bool,default=false; attr=metadata:string,default=""> This may be expected if your graph generating binary is newer  than this binary. Unknown attributes will be ignored. NodeDef: {{node ParallelMapDatasetV2/_14}}
/dcs/23/u5514578/cs310/y3p/venv/lib64/python3.9/site-packages/sklearn/metrics/_classification.py:2981: UserWarning: The y_pred values do not sum to one. Starting from 1.5 thiswill result in an error.
  warnings.warn(
2026-03-22 01:21:46.554479: E tensorflow/core/framework/node_def_util.cc:680] NodeDef mentions attribute use_unbounded_threadpool which is not in the op definition: Op<name=MapDataset; signature=input_dataset:variant, other_arguments: -> handle:variant; attr=f:func; attr=Targuments:list(type),min=0; attr=output_types:list(type),min=1; attr=output_shapes:list(shape),min=1; attr=use_inter_op_parallelism:bool,default=true; attr=preserve_cardinality:bool,default=false; attr=force_synchronous:bool,default=false; attr=metadata:string,default=""> This may be expected if your graph generating binary is newer  than this binary. Unknown attributes will be ignored. NodeDef: {{node ParallelMapDatasetV2/_14}}
/dcs/23/u5514578/cs310/y3p/venv/lib64/python3.9/site-packages/sklearn/metrics/_classification.py:2981: UserWarning: The y_pred values do not sum to one. Starting from 1.5 thiswill result in an error.
  warnings.warn(
2026-03-22 01:21:55.401886: E tensorflow/core/framework/node_def_util.cc:680] NodeDef mentions attribute use_unbounded_threadpool which is not in the op definition: Op<name=MapDataset; signature=input_dataset:variant, other_arguments: -> handle:variant; attr=f:func; attr=Targuments:list(type),min=0; attr=output_types:list(type),min=1; attr=output_shapes:list(shape),min=1; attr=use_inter_op_parallelism:bool,default=true; attr=preserve_cardinality:bool,default=false; attr=force_synchronous:bool,default=false; attr=metadata:string,default=""> This may be expected if your graph generating binary is newer  than this binary. Unknown attributes will be ignored. NodeDef: {{node ParallelMapDatasetV2/_14}}
/dcs/23/u5514578/cs310/y3p/venv/lib64/python3.9/site-packages/sklearn/metrics/_classification.py:2981: UserWarning: The y_pred values do not sum to one. Starting from 1.5 thiswill result in an error.
  warnings.warn(
2026-03-22 01:22:04.023652: E tensorflow/core/framework/node_def_util.cc:680] NodeDef mentions attribute use_unbounded_threadpool which is not in the op definition: Op<name=MapDataset; signature=input_dataset:variant, other_arguments: -> handle:variant; attr=f:func; attr=Targuments:list(type),min=0; attr=output_types:list(type),min=1; attr=output_shapes:list(shape),min=1; attr=use_inter_op_parallelism:bool,default=true; attr=preserve_cardinality:bool,default=false; attr=force_synchronous:bool,default=false; attr=metadata:string,default=""> This may be expected if your graph generating binary is newer  than this binary. Unknown attributes will be ignored. NodeDef: {{node ParallelMapDatasetV2/_14}}
/dcs/23/u5514578/cs310/y3p/venv/lib64/python3.9/site-packages/sklearn/metrics/_classification.py:2981: UserWarning: The y_pred values do not sum to one. Starting from 1.5 thiswill result in an error.
  warnings.warn(
2026-03-22 01:22:14.641801: E tensorflow/core/framework/node_def_util.cc:680] NodeDef mentions attribute use_unbounded_threadpool which is not in the op definition: Op<name=MapDataset; signature=input_dataset:variant, other_arguments: -> handle:variant; attr=f:func; attr=Targuments:list(type),min=0; attr=output_types:list(type),min=1; attr=output_shapes:list(shape),min=1; attr=use_inter_op_parallelism:bool,default=true; attr=preserve_cardinality:bool,default=false; attr=force_synchronous:bool,default=false; attr=metadata:string,default=""> This may be expected if your graph generating binary is newer  than this binary. Unknown attributes will be ignored. NodeDef: {{node ParallelMapDatasetV2/_14}}
/dcs/23/u5514578/cs310/y3p/venv/lib64/python3.9/site-packages/sklearn/metrics/_ranking.py:993: UserWarning: No positive class found in y_true, recall is set to one for all thresholds.
  warnings.warn(
/dcs/23/u5514578/cs310/y3p/venv/lib64/python3.9/site-packages/sklearn/metrics/_classification.py:2981: UserWarning: The y_pred values do not sum to one. Starting from 1.5 thiswill result in an error.
  warnings.warn(
2026-03-22 01:22:22.776431: E tensorflow/core/framework/node_def_util.cc:680] NodeDef mentions attribute use_unbounded_threadpool which is not in the op definition: Op<name=MapDataset; signature=input_dataset:variant, other_arguments: -> handle:variant; attr=f:func; attr=Targuments:list(type),min=0; attr=output_types:list(type),min=1; attr=output_shapes:list(shape),min=1; attr=use_inter_op_parallelism:bool,default=true; attr=preserve_cardinality:bool,default=false; attr=force_synchronous:bool,default=false; attr=metadata:string,default=""> This may be expected if your graph generating binary is newer  than this binary. Unknown attributes will be ignored. NodeDef: {{node ParallelMapDatasetV2/_14}}
/dcs/23/u5514578/cs310/y3p/venv/lib64/python3.9/site-packages/sklearn/metrics/_classification.py:2981: UserWarning: The y_pred values do not sum to one. Starting from 1.5 thiswill result in an error.
  warnings.warn(
2026-03-22 01:22:27.789513: E tensorflow/core/framework/node_def_util.cc:680] NodeDef mentions attribute use_unbounded_threadpool which is not in the op definition: Op<name=MapDataset; signature=input_dataset:variant, other_arguments: -> handle:variant; attr=f:func; attr=Targuments:list(type),min=0; attr=output_types:list(type),min=1; attr=output_shapes:list(shape),min=1; attr=use_inter_op_parallelism:bool,default=true; attr=preserve_cardinality:bool,default=false; attr=force_synchronous:bool,default=false; attr=metadata:string,default=""> This may be expected if your graph generating binary is newer  than this binary. Unknown attributes will be ignored. NodeDef: {{node ParallelMapDatasetV2/_15}}
/dcs/23/u5514578/cs310/y3p/venv/lib64/python3.9/site-packages/sklearn/metrics/_classification.py:2981: UserWarning: The y_pred values do not sum to one. Starting from 1.5 thiswill result in an error.
  warnings.warn(
2026-03-22 01:22:35.674788: E tensorflow/core/framework/node_def_util.cc:680] NodeDef mentions attribute use_unbounded_threadpool which is not in the op definition: Op<name=MapDataset; signature=input_dataset:variant, other_arguments: -> handle:variant; attr=f:func; attr=Targuments:list(type),min=0; attr=output_types:list(type),min=1; attr=output_shapes:list(shape),min=1; attr=use_inter_op_parallelism:bool,default=true; attr=preserve_cardinality:bool,default=false; attr=force_synchronous:bool,default=false; attr=metadata:string,default=""> This may be expected if your graph generating binary is newer  than this binary. Unknown attributes will be ignored. NodeDef: {{node ParallelMapDatasetV2/_15}}
/dcs/23/u5514578/cs310/y3p/venv/lib64/python3.9/site-packages/sklearn/metrics/_classification.py:2981: UserWarning: The y_pred values do not sum to one. Starting from 1.5 thiswill result in an error.
  warnings.warn(
2026-03-22 01:23:13.154687: E tensorflow/core/framework/node_def_util.cc:680] NodeDef mentions attribute use_unbounded_threadpool which is not in the op definition: Op<name=MapDataset; signature=input_dataset:variant, other_arguments: -> handle:variant; attr=f:func; attr=Targuments:list(type),min=0; attr=output_types:list(type),min=1; attr=output_shapes:list(shape),min=1; attr=use_inter_op_parallelism:bool,default=true; attr=preserve_cardinality:bool,default=false; attr=force_synchronous:bool,default=false; attr=metadata:string,default=""> This may be expected if your graph generating binary is newer  than this binary. Unknown attributes will be ignored. NodeDef: {{node ParallelMapDatasetV2/_15}}
/dcs/23/u5514578/cs310/y3p/venv/lib64/python3.9/site-packages/sklearn/metrics/_classification.py:2981: UserWarning: The y_pred values do not sum to one. Starting from 1.5 thiswill result in an error.
  warnings.warn(
2026-03-22 01:23:18.438781: E tensorflow/core/framework/node_def_util.cc:680] NodeDef mentions attribute use_unbounded_threadpool which is not in the op definition: Op<name=MapDataset; signature=input_dataset:variant, other_arguments: -> handle:variant; attr=f:func; attr=Targuments:list(type),min=0; attr=output_types:list(type),min=1; attr=output_shapes:list(shape),min=1; attr=use_inter_op_parallelism:bool,default=true; attr=preserve_cardinality:bool,default=false; attr=force_synchronous:bool,default=false; attr=metadata:string,default=""> This may be expected if your graph generating binary is newer  than this binary. Unknown attributes will be ignored. NodeDef: {{node ParallelMapDatasetV2/_15}}
2026-03-22 01:23:25.355409: E tensorflow/core/framework/node_def_util.cc:680] NodeDef mentions attribute use_unbounded_threadpool which is not in the op definition: Op<name=MapDataset; signature=input_dataset:variant, other_arguments: -> handle:variant; attr=f:func; attr=Targuments:list(type),min=0; attr=output_types:list(type),min=1; attr=output_shapes:list(shape),min=1; attr=use_inter_op_parallelism:bool,default=true; attr=preserve_cardinality:bool,default=false; attr=force_synchronous:bool,default=false; attr=metadata:string,default=""> This may be expected if your graph generating binary is newer  than this binary. Unknown attributes will be ignored. NodeDef: {{node ParallelMapDatasetV2/_14}}
/dcs/23/u5514578/cs310/y3p/venv/lib64/python3.9/site-packages/sklearn/metrics/_ranking.py:993: UserWarning: No positive class found in y_true, recall is set to one for all thresholds.
  warnings.warn(
/dcs/23/u5514578/cs310/y3p/venv/lib64/python3.9/site-packages/sklearn/metrics/_classification.py:2981: UserWarning: The y_pred values do not sum to one. Starting from 1.5 thiswill result in an error.
  warnings.warn(
2026-03-22 01:23:36.524955: E tensorflow/core/framework/node_def_util.cc:680] NodeDef mentions attribute use_unbounded_threadpool which is not in the op definition: Op<name=MapDataset; signature=input_dataset:variant, other_arguments: -> handle:variant; attr=f:func; attr=Targuments:list(type),min=0; attr=output_types:list(type),min=1; attr=output_shapes:list(shape),min=1; attr=use_inter_op_parallelism:bool,default=true; attr=preserve_cardinality:bool,default=false; attr=force_synchronous:bool,default=false; attr=metadata:string,default=""> This may be expected if your graph generating binary is newer  than this binary. Unknown attributes will be ignored. NodeDef: {{node ParallelMapDatasetV2/_14}}
/dcs/23/u5514578/cs310/y3p/venv/lib64/python3.9/site-packages/sklearn/metrics/_classification.py:2981: UserWarning: The y_pred values do not sum to one. Starting from 1.5 thiswill result in an error.
  warnings.warn(
2026-03-22 01:23:41.810968: E tensorflow/core/framework/node_def_util.cc:680] NodeDef mentions attribute use_unbounded_threadpool which is not in the op definition: Op<name=MapDataset; signature=input_dataset:variant, other_arguments: -> handle:variant; attr=f:func; attr=Targuments:list(type),min=0; attr=output_types:list(type),min=1; attr=output_shapes:list(shape),min=1; attr=use_inter_op_parallelism:bool,default=true; attr=preserve_cardinality:bool,default=false; attr=force_synchronous:bool,default=false; attr=metadata:string,default=""> This may be expected if your graph generating binary is newer  than this binary. Unknown attributes will be ignored. NodeDef: {{node ParallelMapDatasetV2/_15}}
/dcs/23/u5514578/cs310/y3p/venv/lib64/python3.9/site-packages/sklearn/metrics/_classification.py:2981: UserWarning: The y_pred values do not sum to one. Starting from 1.5 thiswill result in an error.
  warnings.warn(
2026-03-22 01:23:47.336248: E tensorflow/core/framework/node_def_util.cc:680] NodeDef mentions attribute use_unbounded_threadpool which is not in the op definition: Op<name=MapDataset; signature=input_dataset:variant, other_arguments: -> handle:variant; attr=f:func; attr=Targuments:list(type),min=0; attr=output_types:list(type),min=1; attr=output_shapes:list(shape),min=1; attr=use_inter_op_parallelism:bool,default=true; attr=preserve_cardinality:bool,default=false; attr=force_synchronous:bool,default=false; attr=metadata:string,default=""> This may be expected if your graph generating binary is newer  than this binary. Unknown attributes will be ignored. NodeDef: {{node ParallelMapDatasetV2/_15}}
2026-03-22 01:23:54.264815: E tensorflow/core/framework/node_def_util.cc:680] NodeDef mentions attribute use_unbounded_threadpool which is not in the op definition: Op<name=MapDataset; signature=input_dataset:variant, other_arguments: -> handle:variant; attr=f:func; attr=Targuments:list(type),min=0; attr=output_types:list(type),min=1; attr=output_shapes:list(shape),min=1; attr=use_inter_op_parallelism:bool,default=true; attr=preserve_cardinality:bool,default=false; attr=force_synchronous:bool,default=false; attr=metadata:string,default=""> This may be expected if your graph generating binary is newer  than this binary. Unknown attributes will be ignored. NodeDef: {{node ParallelMapDatasetV2/_14}}
/dcs/23/u5514578/cs310/y3p/venv/lib64/python3.9/site-packages/sklearn/metrics/_classification.py:2981: UserWarning: The y_pred values do not sum to one. Starting from 1.5 thiswill result in an error.
  warnings.warn(
2026-03-22 01:24:08.254623: E tensorflow/core/framework/node_def_util.cc:680] NodeDef mentions attribute use_unbounded_threadpool which is not in the op definition: Op<name=MapDataset; signature=input_dataset:variant, other_arguments: -> handle:variant; attr=f:func; attr=Targuments:list(type),min=0; attr=output_types:list(type),min=1; attr=output_shapes:list(shape),min=1; attr=use_inter_op_parallelism:bool,default=true; attr=preserve_cardinality:bool,default=false; attr=force_synchronous:bool,default=false; attr=metadata:string,default=""> This may be expected if your graph generating binary is newer  than this binary. Unknown attributes will be ignored. NodeDef: {{node ParallelMapDatasetV2/_14}}
/dcs/23/u5514578/cs310/y3p/venv/lib64/python3.9/site-packages/sklearn/metrics/_classification.py:2981: UserWarning: The y_pred values do not sum to one. Starting from 1.5 thiswill result in an error.
  warnings.warn(
2026-03-22 01:24:19.519364: E tensorflow/core/framework/node_def_util.cc:680] NodeDef mentions attribute use_unbounded_threadpool which is not in the op definition: Op<name=MapDataset; signature=input_dataset:variant, other_arguments: -> handle:variant; attr=f:func; attr=Targuments:list(type),min=0; attr=output_types:list(type),min=1; attr=output_shapes:list(shape),min=1; attr=use_inter_op_parallelism:bool,default=true; attr=preserve_cardinality:bool,default=false; attr=force_synchronous:bool,default=false; attr=metadata:string,default=""> This may be expected if your graph generating binary is newer  than this binary. Unknown attributes will be ignored. NodeDef: {{node ParallelMapDatasetV2/_14}}
/dcs/23/u5514578/cs310/y3p/venv/lib64/python3.9/site-packages/sklearn/metrics/_ranking.py:993: UserWarning: No positive class found in y_true, recall is set to one for all thresholds.
  warnings.warn(
/dcs/23/u5514578/cs310/y3p/venv/lib64/python3.9/site-packages/sklearn/metrics/_classification.py:2981: UserWarning: The y_pred values do not sum to one. Starting from 1.5 thiswill result in an error.
  warnings.warn(
2026-03-22 01:24:25.147795: E tensorflow/core/framework/node_def_util.cc:680] NodeDef mentions attribute use_unbounded_threadpool which is not in the op definition: Op<name=MapDataset; signature=input_dataset:variant, other_arguments: -> handle:variant; attr=f:func; attr=Targuments:list(type),min=0; attr=output_types:list(type),min=1; attr=output_shapes:list(shape),min=1; attr=use_inter_op_parallelism:bool,default=true; attr=preserve_cardinality:bool,default=false; attr=force_synchronous:bool,default=false; attr=metadata:string,default=""> This may be expected if your graph generating binary is newer  than this binary. Unknown attributes will be ignored. NodeDef: {{node ParallelMapDatasetV2/_15}}
/dcs/23/u5514578/cs310/y3p/venv/lib64/python3.9/site-packages/sklearn/metrics/_classification.py:2981: UserWarning: The y_pred values do not sum to one. Starting from 1.5 thiswill result in an error.
  warnings.warn(
2026-03-22 01:24:30.640150: E tensorflow/core/framework/node_def_util.cc:680] NodeDef mentions attribute use_unbounded_threadpool which is not in the op definition: Op<name=MapDataset; signature=input_dataset:variant, other_arguments: -> handle:variant; attr=f:func; attr=Targuments:list(type),min=0; attr=output_types:list(type),min=1; attr=output_shapes:list(shape),min=1; attr=use_inter_op_parallelism:bool,default=true; attr=preserve_cardinality:bool,default=false; attr=force_synchronous:bool,default=false; attr=metadata:string,default=""> This may be expected if your graph generating binary is newer  than this binary. Unknown attributes will be ignored. NodeDef: {{node ParallelMapDatasetV2/_15}}
2026-03-22 01:24:38.470609: E tensorflow/core/framework/node_def_util.cc:680] NodeDef mentions attribute use_unbounded_threadpool which is not in the op definition: Op<name=MapDataset; signature=input_dataset:variant, other_arguments: -> handle:variant; attr=f:func; attr=Targuments:list(type),min=0; attr=output_types:list(type),min=1; attr=output_shapes:list(shape),min=1; attr=use_inter_op_parallelism:bool,default=true; attr=preserve_cardinality:bool,default=false; attr=force_synchronous:bool,default=false; attr=metadata:string,default=""> This may be expected if your graph generating binary is newer  than this binary. Unknown attributes will be ignored. NodeDef: {{node ParallelMapDatasetV2/_14}}
/dcs/23/u5514578/cs310/y3p/venv/lib64/python3.9/site-packages/sklearn/metrics/_classification.py:2981: UserWarning: The y_pred values do not sum to one. Starting from 1.5 thiswill result in an error.
  warnings.warn(
2026-03-22 01:24:45.408908: E tensorflow/core/framework/node_def_util.cc:680] NodeDef mentions attribute use_unbounded_threadpool which is not in the op definition: Op<name=MapDataset; signature=input_dataset:variant, other_arguments: -> handle:variant; attr=f:func; attr=Targuments:list(type),min=0; attr=output_types:list(type),min=1; attr=output_shapes:list(shape),min=1; attr=use_inter_op_parallelism:bool,default=true; attr=preserve_cardinality:bool,default=false; attr=force_synchronous:bool,default=false; attr=metadata:string,default=""> This may be expected if your graph generating binary is newer  than this binary. Unknown attributes will be ignored. NodeDef: {{node ParallelMapDatasetV2/_14}}
/dcs/23/u5514578/cs310/y3p/venv/lib64/python3.9/site-packages/sklearn/metrics/_classification.py:2981: UserWarning: The y_pred values do not sum to one. Starting from 1.5 thiswill result in an error.
  warnings.warn(
2026-03-22 01:24:53.297750: E tensorflow/core/framework/node_def_util.cc:680] NodeDef mentions attribute use_unbounded_threadpool which is not in the op definition: Op<name=MapDataset; signature=input_dataset:variant, other_arguments: -> handle:variant; attr=f:func; attr=Targuments:list(type),min=0; attr=output_types:list(type),min=1; attr=output_shapes:list(shape),min=1; attr=use_inter_op_parallelism:bool,default=true; attr=preserve_cardinality:bool,default=false; attr=force_synchronous:bool,default=false; attr=metadata:string,default=""> This may be expected if your graph generating binary is newer  than this binary. Unknown attributes will be ignored. NodeDef: {{node ParallelMapDatasetV2/_14}}
/dcs/23/u5514578/cs310/y3p/venv/lib64/python3.9/site-packages/sklearn/metrics/_classification.py:2981: UserWarning: The y_pred values do not sum to one. Starting from 1.5 thiswill result in an error.
  warnings.warn(
2026-03-22 01:25:08.101758: E tensorflow/core/framework/node_def_util.cc:680] NodeDef mentions attribute use_unbounded_threadpool which is not in the op definition: Op<name=MapDataset; signature=input_dataset:variant, other_arguments: -> handle:variant; attr=f:func; attr=Targuments:list(type),min=0; attr=output_types:list(type),min=1; attr=output_shapes:list(shape),min=1; attr=use_inter_op_parallelism:bool,default=true; attr=preserve_cardinality:bool,default=false; attr=force_synchronous:bool,default=false; attr=metadata:string,default=""> This may be expected if your graph generating binary is newer  than this binary. Unknown attributes will be ignored. NodeDef: {{node ParallelMapDatasetV2/_14}}
/dcs/23/u5514578/cs310/y3p/venv/lib64/python3.9/site-packages/sklearn/metrics/_ranking.py:993: UserWarning: No positive class found in y_true, recall is set to one for all thresholds.
  warnings.warn(
/dcs/23/u5514578/cs310/y3p/venv/lib64/python3.9/site-packages/sklearn/metrics/_classification.py:2981: UserWarning: The y_pred values do not sum to one. Starting from 1.5 thiswill result in an error.
  warnings.warn(
2026-03-22 01:25:16.503758: E tensorflow/core/framework/node_def_util.cc:680] NodeDef mentions attribute use_unbounded_threadpool which is not in the op definition: Op<name=MapDataset; signature=input_dataset:variant, other_arguments: -> handle:variant; attr=f:func; attr=Targuments:list(type),min=0; attr=output_types:list(type),min=1; attr=output_shapes:list(shape),min=1; attr=use_inter_op_parallelism:bool,default=true; attr=preserve_cardinality:bool,default=false; attr=force_synchronous:bool,default=false; attr=metadata:string,default=""> This may be expected if your graph generating binary is newer  than this binary. Unknown attributes will be ignored. NodeDef: {{node ParallelMapDatasetV2/_14}}
/dcs/23/u5514578/cs310/y3p/venv/lib64/python3.9/site-packages/sklearn/metrics/_classification.py:2981: UserWarning: The y_pred values do not sum to one. Starting from 1.5 thiswill result in an error.
  warnings.warn(
2026-03-22 01:25:25.999977: E tensorflow/core/framework/node_def_util.cc:680] NodeDef mentions attribute use_unbounded_threadpool which is not in the op definition: Op<name=MapDataset; signature=input_dataset:variant, other_arguments: -> handle:variant; attr=f:func; attr=Targuments:list(type),min=0; attr=output_types:list(type),min=1; attr=output_shapes:list(shape),min=1; attr=use_inter_op_parallelism:bool,default=true; attr=preserve_cardinality:bool,default=false; attr=force_synchronous:bool,default=false; attr=metadata:string,default=""> This may be expected if your graph generating binary is newer  than this binary. Unknown attributes will be ignored. NodeDef: {{node ParallelMapDatasetV2/_14}}
/dcs/23/u5514578/cs310/y3p/venv/lib64/python3.9/site-packages/sklearn/metrics/_classification.py:2981: UserWarning: The y_pred values do not sum to one. Starting from 1.5 thiswill result in an error.
  warnings.warn(
2026-03-22 01:25:34.074388: E tensorflow/core/framework/node_def_util.cc:680] NodeDef mentions attribute use_unbounded_threadpool which is not in the op definition: Op<name=MapDataset; signature=input_dataset:variant, other_arguments: -> handle:variant; attr=f:func; attr=Targuments:list(type),min=0; attr=output_types:list(type),min=1; attr=output_shapes:list(shape),min=1; attr=use_inter_op_parallelism:bool,default=true; attr=preserve_cardinality:bool,default=false; attr=force_synchronous:bool,default=false; attr=metadata:string,default=""> This may be expected if your graph generating binary is newer  than this binary. Unknown attributes will be ignored. NodeDef: {{node ParallelMapDatasetV2/_14}}
/dcs/23/u5514578/cs310/y3p/venv/lib64/python3.9/site-packages/sklearn/metrics/_classification.py:2981: UserWarning: The y_pred values do not sum to one. Starting from 1.5 thiswill result in an error.
  warnings.warn(
2026-03-22 01:25:45.112405: E tensorflow/core/framework/node_def_util.cc:680] NodeDef mentions attribute use_unbounded_threadpool which is not in the op definition: Op<name=MapDataset; signature=input_dataset:variant, other_arguments: -> handle:variant; attr=f:func; attr=Targuments:list(type),min=0; attr=output_types:list(type),min=1; attr=output_shapes:list(shape),min=1; attr=use_inter_op_parallelism:bool,default=true; attr=preserve_cardinality:bool,default=false; attr=force_synchronous:bool,default=false; attr=metadata:string,default=""> This may be expected if your graph generating binary is newer  than this binary. Unknown attributes will be ignored. NodeDef: {{node ParallelMapDatasetV2/_14}}
/dcs/23/u5514578/cs310/y3p/venv/lib64/python3.9/site-packages/sklearn/metrics/_classification.py:2981: UserWarning: The y_pred values do not sum to one. Starting from 1.5 thiswill result in an error.
  warnings.warn(
2026-03-22 01:25:57.068122: E tensorflow/core/framework/node_def_util.cc:680] NodeDef mentions attribute use_unbounded_threadpool which is not in the op definition: Op<name=MapDataset; signature=input_dataset:variant, other_arguments: -> handle:variant; attr=f:func; attr=Targuments:list(type),min=0; attr=output_types:list(type),min=1; attr=output_shapes:list(shape),min=1; attr=use_inter_op_parallelism:bool,default=true; attr=preserve_cardinality:bool,default=false; attr=force_synchronous:bool,default=false; attr=metadata:string,default=""> This may be expected if your graph generating binary is newer  than this binary. Unknown attributes will be ignored. NodeDef: {{node ParallelMapDatasetV2/_14}}
/dcs/23/u5514578/cs310/y3p/venv/lib64/python3.9/site-packages/sklearn/metrics/_ranking.py:993: UserWarning: No positive class found in y_true, recall is set to one for all thresholds.
  warnings.warn(
/dcs/23/u5514578/cs310/y3p/venv/lib64/python3.9/site-packages/sklearn/metrics/_classification.py:2981: UserWarning: The y_pred values do not sum to one. Starting from 1.5 thiswill result in an error.
  warnings.warn(
2026-03-22 01:26:03.396548: E tensorflow/core/framework/node_def_util.cc:680] NodeDef mentions attribute use_unbounded_threadpool which is not in the op definition: Op<name=MapDataset; signature=input_dataset:variant, other_arguments: -> handle:variant; attr=f:func; attr=Targuments:list(type),min=0; attr=output_types:list(type),min=1; attr=output_shapes:list(shape),min=1; attr=use_inter_op_parallelism:bool,default=true; attr=preserve_cardinality:bool,default=false; attr=force_synchronous:bool,default=false; attr=metadata:string,default=""> This may be expected if your graph generating binary is newer  than this binary. Unknown attributes will be ignored. NodeDef: {{node ParallelMapDatasetV2/_15}}
/dcs/23/u5514578/cs310/y3p/venv/lib64/python3.9/site-packages/sklearn/metrics/_classification.py:2981: UserWarning: The y_pred values do not sum to one. Starting from 1.5 thiswill result in an error.
  warnings.warn(
2026-03-22 01:26:08.882703: E tensorflow/core/framework/node_def_util.cc:680] NodeDef mentions attribute use_unbounded_threadpool which is not in the op definition: Op<name=MapDataset; signature=input_dataset:variant, other_arguments: -> handle:variant; attr=f:func; attr=Targuments:list(type),min=0; attr=output_types:list(type),min=1; attr=output_shapes:list(shape),min=1; attr=use_inter_op_parallelism:bool,default=true; attr=preserve_cardinality:bool,default=false; attr=force_synchronous:bool,default=false; attr=metadata:string,default=""> This may be expected if your graph generating binary is newer  than this binary. Unknown attributes will be ignored. NodeDef: {{node ParallelMapDatasetV2/_15}}
2026-03-22 01:26:18.529636: E tensorflow/core/framework/node_def_util.cc:680] NodeDef mentions attribute use_unbounded_threadpool which is not in the op definition: Op<name=MapDataset; signature=input_dataset:variant, other_arguments: -> handle:variant; attr=f:func; attr=Targuments:list(type),min=0; attr=output_types:list(type),min=1; attr=output_shapes:list(shape),min=1; attr=use_inter_op_parallelism:bool,default=true; attr=preserve_cardinality:bool,default=false; attr=force_synchronous:bool,default=false; attr=metadata:string,default=""> This may be expected if your graph generating binary is newer  than this binary. Unknown attributes will be ignored. NodeDef: {{node ParallelMapDatasetV2/_14}}
/dcs/23/u5514578/cs310/y3p/venv/lib64/python3.9/site-packages/sklearn/metrics/_classification.py:2981: UserWarning: The y_pred values do not sum to one. Starting from 1.5 thiswill result in an error.
  warnings.warn(
2026-03-22 01:26:26.084168: E tensorflow/core/framework/node_def_util.cc:680] NodeDef mentions attribute use_unbounded_threadpool which is not in the op definition: Op<name=MapDataset; signature=input_dataset:variant, other_arguments: -> handle:variant; attr=f:func; attr=Targuments:list(type),min=0; attr=output_types:list(type),min=1; attr=output_shapes:list(shape),min=1; attr=use_inter_op_parallelism:bool,default=true; attr=preserve_cardinality:bool,default=false; attr=force_synchronous:bool,default=false; attr=metadata:string,default=""> This may be expected if your graph generating binary is newer  than this binary. Unknown attributes will be ignored. NodeDef: {{node ParallelMapDatasetV2/_14}}
/dcs/23/u5514578/cs310/y3p/venv/lib64/python3.9/site-packages/sklearn/metrics/_classification.py:2981: UserWarning: The y_pred values do not sum to one. Starting from 1.5 thiswill result in an error.
  warnings.warn(
2026-03-22 01:26:35.878085: E tensorflow/core/framework/node_def_util.cc:680] NodeDef mentions attribute use_unbounded_threadpool which is not in the op definition: Op<name=MapDataset; signature=input_dataset:variant, other_arguments: -> handle:variant; attr=f:func; attr=Targuments:list(type),min=0; attr=output_types:list(type),min=1; attr=output_shapes:list(shape),min=1; attr=use_inter_op_parallelism:bool,default=true; attr=preserve_cardinality:bool,default=false; attr=force_synchronous:bool,default=false; attr=metadata:string,default=""> This may be expected if your graph generating binary is newer  than this binary. Unknown attributes will be ignored. NodeDef: {{node ParallelMapDatasetV2/_14}}
/dcs/23/u5514578/cs310/y3p/venv/lib64/python3.9/site-packages/sklearn/metrics/_classification.py:2981: UserWarning: The y_pred values do not sum to one. Starting from 1.5 thiswill result in an error.
  warnings.warn(
2026-03-22 01:26:44.843510: E tensorflow/core/framework/node_def_util.cc:680] NodeDef mentions attribute use_unbounded_threadpool which is not in the op definition: Op<name=MapDataset; signature=input_dataset:variant, other_arguments: -> handle:variant; attr=f:func; attr=Targuments:list(type),min=0; attr=output_types:list(type),min=1; attr=output_shapes:list(shape),min=1; attr=use_inter_op_parallelism:bool,default=true; attr=preserve_cardinality:bool,default=false; attr=force_synchronous:bool,default=false; attr=metadata:string,default=""> This may be expected if your graph generating binary is newer  than this binary. Unknown attributes will be ignored. NodeDef: {{node ParallelMapDatasetV2/_14}}
/dcs/23/u5514578/cs310/y3p/venv/lib64/python3.9/site-packages/sklearn/metrics/_ranking.py:993: UserWarning: No positive class found in y_true, recall is set to one for all thresholds.
  warnings.warn(
/dcs/23/u5514578/cs310/y3p/venv/lib64/python3.9/site-packages/sklearn/metrics/_classification.py:2981: UserWarning: The y_pred values do not sum to one. Starting from 1.5 thiswill result in an error.
  warnings.warn(
2026-03-22 01:26:52.462482: E tensorflow/core/framework/node_def_util.cc:680] NodeDef mentions attribute use_unbounded_threadpool which is not in the op definition: Op<name=MapDataset; signature=input_dataset:variant, other_arguments: -> handle:variant; attr=f:func; attr=Targuments:list(type),min=0; attr=output_types:list(type),min=1; attr=output_shapes:list(shape),min=1; attr=use_inter_op_parallelism:bool,default=true; attr=preserve_cardinality:bool,default=false; attr=force_synchronous:bool,default=false; attr=metadata:string,default=""> This may be expected if your graph generating binary is newer  than this binary. Unknown attributes will be ignored. NodeDef: {{node ParallelMapDatasetV2/_14}}
/dcs/23/u5514578/cs310/y3p/venv/lib64/python3.9/site-packages/sklearn/metrics/_classification.py:2981: UserWarning: The y_pred values do not sum to one. Starting from 1.5 thiswill result in an error.
  warnings.warn(
2026-03-22 01:26:58.958866: E tensorflow/core/framework/node_def_util.cc:680] NodeDef mentions attribute use_unbounded_threadpool which is not in the op definition: Op<name=MapDataset; signature=input_dataset:variant, other_arguments: -> handle:variant; attr=f:func; attr=Targuments:list(type),min=0; attr=output_types:list(type),min=1; attr=output_shapes:list(shape),min=1; attr=use_inter_op_parallelism:bool,default=true; attr=preserve_cardinality:bool,default=false; attr=force_synchronous:bool,default=false; attr=metadata:string,default=""> This may be expected if your graph generating binary is newer  than this binary. Unknown attributes will be ignored. NodeDef: {{node ParallelMapDatasetV2/_15}}
/dcs/23/u5514578/cs310/y3p/venv/lib64/python3.9/site-packages/sklearn/metrics/_classification.py:2981: UserWarning: The y_pred values do not sum to one. Starting from 1.5 thiswill result in an error.
  warnings.warn(
2026-03-22 01:27:06.999596: E tensorflow/core/framework/node_def_util.cc:680] NodeDef mentions attribute use_unbounded_threadpool which is not in the op definition: Op<name=MapDataset; signature=input_dataset:variant, other_arguments: -> handle:variant; attr=f:func; attr=Targuments:list(type),min=0; attr=output_types:list(type),min=1; attr=output_shapes:list(shape),min=1; attr=use_inter_op_parallelism:bool,default=true; attr=preserve_cardinality:bool,default=false; attr=force_synchronous:bool,default=false; attr=metadata:string,default=""> This may be expected if your graph generating binary is newer  than this binary. Unknown attributes will be ignored. NodeDef: {{node ParallelMapDatasetV2/_15}}
2026-03-22 01:27:14.014548: E tensorflow/core/framework/node_def_util.cc:680] NodeDef mentions attribute use_unbounded_threadpool which is not in the op definition: Op<name=MapDataset; signature=input_dataset:variant, other_arguments: -> handle:variant; attr=f:func; attr=Targuments:list(type),min=0; attr=output_types:list(type),min=1; attr=output_shapes:list(shape),min=1; attr=use_inter_op_parallelism:bool,default=true; attr=preserve_cardinality:bool,default=false; attr=force_synchronous:bool,default=false; attr=metadata:string,default=""> This may be expected if your graph generating binary is newer  than this binary. Unknown attributes will be ignored. NodeDef: {{node ParallelMapDatasetV2/_14}}
/dcs/23/u5514578/cs310/y3p/venv/lib64/python3.9/site-packages/sklearn/metrics/_classification.py:2981: UserWarning: The y_pred values do not sum to one. Starting from 1.5 thiswill result in an error.
  warnings.warn(
2026-03-22 01:27:21.412093: E tensorflow/core/framework/node_def_util.cc:680] NodeDef mentions attribute use_unbounded_threadpool which is not in the op definition: Op<name=MapDataset; signature=input_dataset:variant, other_arguments: -> handle:variant; attr=f:func; attr=Targuments:list(type),min=0; attr=output_types:list(type),min=1; attr=output_shapes:list(shape),min=1; attr=use_inter_op_parallelism:bool,default=true; attr=preserve_cardinality:bool,default=false; attr=force_synchronous:bool,default=false; attr=metadata:string,default=""> This may be expected if your graph generating binary is newer  than this binary. Unknown attributes will be ignored. NodeDef: {{node ParallelMapDatasetV2/_14}}
/dcs/23/u5514578/cs310/y3p/venv/lib64/python3.9/site-packages/sklearn/metrics/_classification.py:2981: UserWarning: The y_pred values do not sum to one. Starting from 1.5 thiswill result in an error.
  warnings.warn(
2026-03-22 01:27:30.234711: E tensorflow/core/framework/node_def_util.cc:680] NodeDef mentions attribute use_unbounded_threadpool which is not in the op definition: Op<name=MapDataset; signature=input_dataset:variant, other_arguments: -> handle:variant; attr=f:func; attr=Targuments:list(type),min=0; attr=output_types:list(type),min=1; attr=output_shapes:list(shape),min=1; attr=use_inter_op_parallelism:bool,default=true; attr=preserve_cardinality:bool,default=false; attr=force_synchronous:bool,default=false; attr=metadata:string,default=""> This may be expected if your graph generating binary is newer  than this binary. Unknown attributes will be ignored. NodeDef: {{node ParallelMapDatasetV2/_14}}
/dcs/23/u5514578/cs310/y3p/venv/lib64/python3.9/site-packages/sklearn/metrics/_ranking.py:993: UserWarning: No positive class found in y_true, recall is set to one for all thresholds.
  warnings.warn(
/dcs/23/u5514578/cs310/y3p/venv/lib64/python3.9/site-packages/sklearn/metrics/_classification.py:2981: UserWarning: The y_pred values do not sum to one. Starting from 1.5 thiswill result in an error.
  warnings.warn(
2026-03-22 01:27:39.449723: E tensorflow/core/framework/node_def_util.cc:680] NodeDef mentions attribute use_unbounded_threadpool which is not in the op definition: Op<name=MapDataset; signature=input_dataset:variant, other_arguments: -> handle:variant; attr=f:func; attr=Targuments:list(type),min=0; attr=output_types:list(type),min=1; attr=output_shapes:list(shape),min=1; attr=use_inter_op_parallelism:bool,default=true; attr=preserve_cardinality:bool,default=false; attr=force_synchronous:bool,default=false; attr=metadata:string,default=""> This may be expected if your graph generating binary is newer  than this binary. Unknown attributes will be ignored. NodeDef: {{node ParallelMapDatasetV2/_14}}
/dcs/23/u5514578/cs310/y3p/venv/lib64/python3.9/site-packages/sklearn/metrics/_classification.py:2981: UserWarning: The y_pred values do not sum to one. Starting from 1.5 thiswill result in an error.
  warnings.warn(
2026-03-22 01:27:47.566773: E tensorflow/core/framework/node_def_util.cc:680] NodeDef mentions attribute use_unbounded_threadpool which is not in the op definition: Op<name=MapDataset; signature=input_dataset:variant, other_arguments: -> handle:variant; attr=f:func; attr=Targuments:list(type),min=0; attr=output_types:list(type),min=1; attr=output_shapes:list(shape),min=1; attr=use_inter_op_parallelism:bool,default=true; attr=preserve_cardinality:bool,default=false; attr=force_synchronous:bool,default=false; attr=metadata:string,default=""> This may be expected if your graph generating binary is newer  than this binary. Unknown attributes will be ignored. NodeDef: {{node ParallelMapDatasetV2/_14}}
/dcs/23/u5514578/cs310/y3p/venv/lib64/python3.9/site-packages/sklearn/metrics/_classification.py:2981: UserWarning: The y_pred values do not sum to one. Starting from 1.5 thiswill result in an error.
  warnings.warn(
2026-03-22 01:27:55.671510: E tensorflow/core/framework/node_def_util.cc:680] NodeDef mentions attribute use_unbounded_threadpool which is not in the op definition: Op<name=MapDataset; signature=input_dataset:variant, other_arguments: -> handle:variant; attr=f:func; attr=Targuments:list(type),min=0; attr=output_types:list(type),min=1; attr=output_shapes:list(shape),min=1; attr=use_inter_op_parallelism:bool,default=true; attr=preserve_cardinality:bool,default=false; attr=force_synchronous:bool,default=false; attr=metadata:string,default=""> This may be expected if your graph generating binary is newer  than this binary. Unknown attributes will be ignored. NodeDef: {{node ParallelMapDatasetV2/_14}}
/dcs/23/u5514578/cs310/y3p/venv/lib64/python3.9/site-packages/sklearn/metrics/_classification.py:2981: UserWarning: The y_pred values do not sum to one. Starting from 1.5 thiswill result in an error.
  warnings.warn(
2026-03-22 01:28:02.978291: E tensorflow/core/framework/node_def_util.cc:680] NodeDef mentions attribute use_unbounded_threadpool which is not in the op definition: Op<name=MapDataset; signature=input_dataset:variant, other_arguments: -> handle:variant; attr=f:func; attr=Targuments:list(type),min=0; attr=output_types:list(type),min=1; attr=output_shapes:list(shape),min=1; attr=use_inter_op_parallelism:bool,default=true; attr=preserve_cardinality:bool,default=false; attr=force_synchronous:bool,default=false; attr=metadata:string,default=""> This may be expected if your graph generating binary is newer  than this binary. Unknown attributes will be ignored. NodeDef: {{node ParallelMapDatasetV2/_15}}
/dcs/23/u5514578/cs310/y3p/venv/lib64/python3.9/site-packages/sklearn/metrics/_classification.py:2981: UserWarning: The y_pred values do not sum to one. Starting from 1.5 thiswill result in an error.
  warnings.warn(
2026-03-22 01:28:10.723769: E tensorflow/core/framework/node_def_util.cc:680] NodeDef mentions attribute use_unbounded_threadpool which is not in the op definition: Op<name=MapDataset; signature=input_dataset:variant, other_arguments: -> handle:variant; attr=f:func; attr=Targuments:list(type),min=0; attr=output_types:list(type),min=1; attr=output_shapes:list(shape),min=1; attr=use_inter_op_parallelism:bool,default=true; attr=preserve_cardinality:bool,default=false; attr=force_synchronous:bool,default=false; attr=metadata:string,default=""> This may be expected if your graph generating binary is newer  than this binary. Unknown attributes will be ignored. NodeDef: {{node ParallelMapDatasetV2/_15}}
/dcs/23/u5514578/cs310/y3p/venv/lib64/python3.9/site-packages/sklearn/metrics/_ranking.py:993: UserWarning: No positive class found in y_true, recall is set to one for all thresholds.
  warnings.warn(
/dcs/23/u5514578/cs310/y3p/venv/lib64/python3.9/site-packages/sklearn/metrics/_classification.py:2981: UserWarning: The y_pred values do not sum to one. Starting from 1.5 thiswill result in an error.
  warnings.warn(
2026-03-22 01:28:16.432600: E tensorflow/core/framework/node_def_util.cc:680] NodeDef mentions attribute use_unbounded_threadpool which is not in the op definition: Op<name=MapDataset; signature=input_dataset:variant, other_arguments: -> handle:variant; attr=f:func; attr=Targuments:list(type),min=0; attr=output_types:list(type),min=1; attr=output_shapes:list(shape),min=1; attr=use_inter_op_parallelism:bool,default=true; attr=preserve_cardinality:bool,default=false; attr=force_synchronous:bool,default=false; attr=metadata:string,default=""> This may be expected if your graph generating binary is newer  than this binary. Unknown attributes will be ignored. NodeDef: {{node ParallelMapDatasetV2/_15}}
2026-03-22 01:28:47.841130: E tensorflow/core/framework/node_def_util.cc:680] NodeDef mentions attribute use_unbounded_threadpool which is not in the op definition: Op<name=MapDataset; signature=input_dataset:variant, other_arguments: -> handle:variant; attr=f:func; attr=Targuments:list(type),min=0; attr=output_types:list(type),min=1; attr=output_shapes:list(shape),min=1; attr=use_inter_op_parallelism:bool,default=true; attr=preserve_cardinality:bool,default=false; attr=force_synchronous:bool,default=false; attr=metadata:string,default=""> This may be expected if your graph generating binary is newer  than this binary. Unknown attributes will be ignored. NodeDef: {{node ParallelMapDatasetV2/_15}}
/dcs/23/u5514578/cs310/y3p/venv/lib64/python3.9/site-packages/sklearn/metrics/_classification.py:2981: UserWarning: The y_pred values do not sum to one. Starting from 1.5 thiswill result in an error.
  warnings.warn(
