2026-03-23 15:24:21.647749: I tensorflow/core/util/port.cc:153] oneDNN custom operations are on. You may see slightly different numerical results due to floating-point round-off errors from different computation orders. To turn them off, set the environment variable `TF_ENABLE_ONEDNN_OPTS=0`.
2026-03-23 15:24:22.824779: I tensorflow/core/platform/cpu_feature_guard.cc:210] This TensorFlow binary is optimized to use available CPU instructions in performance-critical operations.
To enable the following instructions: AVX2 AVX512F AVX512_VNNI AVX512_BF16 AVX_VNNI FMA, in other operations, rebuild TensorFlow with the appropriate compiler flags.
2026-03-23 15:24:25.997989: I tensorflow/core/util/port.cc:153] oneDNN custom operations are on. You may see slightly different numerical results due to floating-point round-off errors from different computation orders. To turn them off, set the environment variable `TF_ENABLE_ONEDNN_OPTS=0`.
2026-03-23 15:24:28.789600: I tensorflow/core/util/port.cc:153] oneDNN custom operations are on. You may see slightly different numerical results due to floating-point round-off errors from different computation orders. To turn them off, set the environment variable `TF_ENABLE_ONEDNN_OPTS=0`.
2026-03-23 15:24:28.823422: I tensorflow/core/platform/cpu_feature_guard.cc:210] This TensorFlow binary is optimized to use available CPU instructions in performance-critical operations.
To enable the following instructions: AVX2 AVX512F AVX512_VNNI AVX512_BF16 AVX_VNNI FMA, in other operations, rebuild TensorFlow with the appropriate compiler flags.
2026-03-23 15:24:30.349374: I tensorflow/core/util/port.cc:153] oneDNN custom operations are on. You may see slightly different numerical results due to floating-point round-off errors from different computation orders. To turn them off, set the environment variable `TF_ENABLE_ONEDNN_OPTS=0`.
/dcs/23/u5514578/cs310/y3p/src/utils/base_ablation_eval.py:310: UserWarning: load_stage2_dataset dropped 21 rows with missing y_compound.
  df_raw = load_stage2_dataset(args.data_path)
/dcs/23/u5514578/cs310/y3p/venv/lib64/python3.9/site-packages/sklearn/metrics/_classification.py:2981: UserWarning: The y_pred values do not sum to one. Starting from 1.5 thiswill result in an error.
  warnings.warn(
/dcs/23/u5514578/cs310/y3p/venv/lib64/python3.9/site-packages/sklearn/metrics/_classification.py:2981: UserWarning: The y_pred values do not sum to one. Starting from 1.5 thiswill result in an error.
  warnings.warn(
/dcs/23/u5514578/cs310/y3p/venv/lib64/python3.9/site-packages/sklearn/metrics/_classification.py:2981: UserWarning: The y_pred values do not sum to one. Starting from 1.5 thiswill result in an error.
  warnings.warn(
/dcs/23/u5514578/cs310/y3p/venv/lib64/python3.9/site-packages/sklearn/metrics/_ranking.py:993: UserWarning: No positive class found in y_true, recall is set to one for all thresholds.
  warnings.warn(
/dcs/23/u5514578/cs310/y3p/venv/lib64/python3.9/site-packages/sklearn/metrics/_classification.py:2981: UserWarning: The y_pred values do not sum to one. Starting from 1.5 thiswill result in an error.
  warnings.warn(
/dcs/23/u5514578/cs310/y3p/venv/lib64/python3.9/site-packages/sklearn/metrics/_classification.py:2981: UserWarning: The y_pred values do not sum to one. Starting from 1.5 thiswill result in an error.
  warnings.warn(
/dcs/23/u5514578/cs310/y3p/venv/lib64/python3.9/site-packages/sklearn/metrics/_classification.py:2981: UserWarning: The y_pred values do not sum to one. Starting from 1.5 thiswill result in an error.
  warnings.warn(
/dcs/23/u5514578/cs310/y3p/venv/lib64/python3.9/site-packages/sklearn/metrics/_classification.py:2981: UserWarning: The y_pred values do not sum to one. Starting from 1.5 thiswill result in an error.
  warnings.warn(
/dcs/23/u5514578/cs310/y3p/venv/lib64/python3.9/site-packages/sklearn/metrics/_ranking.py:993: UserWarning: No positive class found in y_true, recall is set to one for all thresholds.
  warnings.warn(
/dcs/23/u5514578/cs310/y3p/venv/lib64/python3.9/site-packages/sklearn/metrics/_classification.py:2981: UserWarning: The y_pred values do not sum to one. Starting from 1.5 thiswill result in an error.
  warnings.warn(
/dcs/23/u5514578/cs310/y3p/venv/lib64/python3.9/site-packages/sklearn/metrics/_classification.py:2981: UserWarning: The y_pred values do not sum to one. Starting from 1.5 thiswill result in an error.
  warnings.warn(
/dcs/23/u5514578/cs310/y3p/venv/lib64/python3.9/site-packages/sklearn/metrics/_classification.py:2981: UserWarning: The y_pred values do not sum to one. Starting from 1.5 thiswill result in an error.
  warnings.warn(
/dcs/23/u5514578/cs310/y3p/venv/lib64/python3.9/site-packages/sklearn/metrics/_ranking.py:993: UserWarning: No positive class found in y_true, recall is set to one for all thresholds.
  warnings.warn(
/dcs/23/u5514578/cs310/y3p/venv/lib64/python3.9/site-packages/sklearn/metrics/_classification.py:2981: UserWarning: The y_pred values do not sum to one. Starting from 1.5 thiswill result in an error.
  warnings.warn(
/dcs/23/u5514578/cs310/y3p/venv/lib64/python3.9/site-packages/sklearn/metrics/_classification.py:2981: UserWarning: The y_pred values do not sum to one. Starting from 1.5 thiswill result in an error.
  warnings.warn(
/dcs/23/u5514578/cs310/y3p/venv/lib64/python3.9/site-packages/sklearn/metrics/_ranking.py:993: UserWarning: No positive class found in y_true, recall is set to one for all thresholds.
  warnings.warn(
/dcs/23/u5514578/cs310/y3p/venv/lib64/python3.9/site-packages/sklearn/metrics/_classification.py:2981: UserWarning: The y_pred values do not sum to one. Starting from 1.5 thiswill result in an error.
  warnings.warn(
/dcs/23/u5514578/cs310/y3p/venv/lib64/python3.9/site-packages/sklearn/metrics/_classification.py:2981: UserWarning: The y_pred values do not sum to one. Starting from 1.5 thiswill result in an error.
  warnings.warn(
/dcs/23/u5514578/cs310/y3p/venv/lib64/python3.9/site-packages/sklearn/metrics/_classification.py:2981: UserWarning: The y_pred values do not sum to one. Starting from 1.5 thiswill result in an error.
  warnings.warn(
/dcs/23/u5514578/cs310/y3p/venv/lib64/python3.9/site-packages/sklearn/metrics/_ranking.py:993: UserWarning: No positive class found in y_true, recall is set to one for all thresholds.
  warnings.warn(
/dcs/23/u5514578/cs310/y3p/venv/lib64/python3.9/site-packages/sklearn/metrics/_classification.py:2981: UserWarning: The y_pred values do not sum to one. Starting from 1.5 thiswill result in an error.
  warnings.warn(
/dcs/23/u5514578/cs310/y3p/venv/lib64/python3.9/site-packages/sklearn/metrics/_classification.py:2981: UserWarning: The y_pred values do not sum to one. Starting from 1.5 thiswill result in an error.
  warnings.warn(
/dcs/23/u5514578/cs310/y3p/venv/lib64/python3.9/site-packages/sklearn/metrics/_classification.py:2981: UserWarning: The y_pred values do not sum to one. Starting from 1.5 thiswill result in an error.
  warnings.warn(
/dcs/23/u5514578/cs310/y3p/venv/lib64/python3.9/site-packages/sklearn/metrics/_classification.py:2981: UserWarning: The y_pred values do not sum to one. Starting from 1.5 thiswill result in an error.
  warnings.warn(
/dcs/23/u5514578/cs310/y3p/venv/lib64/python3.9/site-packages/sklearn/metrics/_classification.py:2981: UserWarning: The y_pred values do not sum to one. Starting from 1.5 thiswill result in an error.
  warnings.warn(
/dcs/23/u5514578/cs310/y3p/venv/lib64/python3.9/site-packages/sklearn/metrics/_ranking.py:993: UserWarning: No positive class found in y_true, recall is set to one for all thresholds.
  warnings.warn(
/dcs/23/u5514578/cs310/y3p/venv/lib64/python3.9/site-packages/sklearn/metrics/_classification.py:2981: UserWarning: The y_pred values do not sum to one. Starting from 1.5 thiswill result in an error.
  warnings.warn(
/dcs/23/u5514578/cs310/y3p/venv/lib64/python3.9/site-packages/sklearn/metrics/_classification.py:2981: UserWarning: The y_pred values do not sum to one. Starting from 1.5 thiswill result in an error.
  warnings.warn(
/dcs/23/u5514578/cs310/y3p/venv/lib64/python3.9/site-packages/sklearn/metrics/_classification.py:2981: UserWarning: The y_pred values do not sum to one. Starting from 1.5 thiswill result in an error.
  warnings.warn(
/dcs/23/u5514578/cs310/y3p/venv/lib64/python3.9/site-packages/sklearn/metrics/_classification.py:2981: UserWarning: The y_pred values do not sum to one. Starting from 1.5 thiswill result in an error.
  warnings.warn(
/dcs/23/u5514578/cs310/y3p/venv/lib64/python3.9/site-packages/sklearn/metrics/_ranking.py:993: UserWarning: No positive class found in y_true, recall is set to one for all thresholds.
  warnings.warn(
/dcs/23/u5514578/cs310/y3p/venv/lib64/python3.9/site-packages/sklearn/metrics/_classification.py:2981: UserWarning: The y_pred values do not sum to one. Starting from 1.5 thiswill result in an error.
  warnings.warn(
/dcs/23/u5514578/cs310/y3p/venv/lib64/python3.9/site-packages/sklearn/metrics/_classification.py:2981: UserWarning: The y_pred values do not sum to one. Starting from 1.5 thiswill result in an error.
  warnings.warn(
/dcs/23/u5514578/cs310/y3p/venv/lib64/python3.9/site-packages/sklearn/metrics/_classification.py:2981: UserWarning: The y_pred values do not sum to one. Starting from 1.5 thiswill result in an error.
  warnings.warn(
/dcs/23/u5514578/cs310/y3p/venv/lib64/python3.9/site-packages/sklearn/metrics/_classification.py:2981: UserWarning: The y_pred values do not sum to one. Starting from 1.5 thiswill result in an error.
  warnings.warn(
/dcs/23/u5514578/cs310/y3p/venv/lib64/python3.9/site-packages/sklearn/metrics/_classification.py:2981: UserWarning: The y_pred values do not sum to one. Starting from 1.5 thiswill result in an error.
  warnings.warn(
/dcs/23/u5514578/cs310/y3p/venv/lib64/python3.9/site-packages/sklearn/metrics/_ranking.py:993: UserWarning: No positive class found in y_true, recall is set to one for all thresholds.
  warnings.warn(
/dcs/23/u5514578/cs310/y3p/venv/lib64/python3.9/site-packages/sklearn/metrics/_classification.py:2981: UserWarning: The y_pred values do not sum to one. Starting from 1.5 thiswill result in an error.
  warnings.warn(
/dcs/23/u5514578/cs310/y3p/venv/lib64/python3.9/site-packages/sklearn/metrics/_classification.py:2981: UserWarning: The y_pred values do not sum to one. Starting from 1.5 thiswill result in an error.
  warnings.warn(
/dcs/23/u5514578/cs310/y3p/venv/lib64/python3.9/site-packages/sklearn/metrics/_classification.py:2981: UserWarning: The y_pred values do not sum to one. Starting from 1.5 thiswill result in an error.
  warnings.warn(
/dcs/23/u5514578/cs310/y3p/venv/lib64/python3.9/site-packages/sklearn/metrics/_classification.py:2981: UserWarning: The y_pred values do not sum to one. Starting from 1.5 thiswill result in an error.
  warnings.warn(
/dcs/23/u5514578/cs310/y3p/venv/lib64/python3.9/site-packages/sklearn/metrics/_classification.py:2981: UserWarning: The y_pred values do not sum to one. Starting from 1.5 thiswill result in an error.
  warnings.warn(
/dcs/23/u5514578/cs310/y3p/venv/lib64/python3.9/site-packages/sklearn/metrics/_ranking.py:993: UserWarning: No positive class found in y_true, recall is set to one for all thresholds.
  warnings.warn(
/dcs/23/u5514578/cs310/y3p/venv/lib64/python3.9/site-packages/sklearn/metrics/_classification.py:2981: UserWarning: The y_pred values do not sum to one. Starting from 1.5 thiswill result in an error.
  warnings.warn(
/dcs/23/u5514578/cs310/y3p/venv/lib64/python3.9/site-packages/sklearn/metrics/_classification.py:2981: UserWarning: The y_pred values do not sum to one. Starting from 1.5 thiswill result in an error.
  warnings.warn(
/dcs/23/u5514578/cs310/y3p/venv/lib64/python3.9/site-packages/sklearn/metrics/_classification.py:2981: UserWarning: The y_pred values do not sum to one. Starting from 1.5 thiswill result in an error.
  warnings.warn(
/dcs/23/u5514578/cs310/y3p/venv/lib64/python3.9/site-packages/sklearn/metrics/_classification.py:2981: UserWarning: The y_pred values do not sum to one. Starting from 1.5 thiswill result in an error.
  warnings.warn(
/dcs/23/u5514578/cs310/y3p/venv/lib64/python3.9/site-packages/sklearn/metrics/_classification.py:2981: UserWarning: The y_pred values do not sum to one. Starting from 1.5 thiswill result in an error.
  warnings.warn(
/dcs/23/u5514578/cs310/y3p/venv/lib64/python3.9/site-packages/sklearn/metrics/_ranking.py:993: UserWarning: No positive class found in y_true, recall is set to one for all thresholds.
  warnings.warn(
/dcs/23/u5514578/cs310/y3p/venv/lib64/python3.9/site-packages/sklearn/metrics/_classification.py:2981: UserWarning: The y_pred values do not sum to one. Starting from 1.5 thiswill result in an error.
  warnings.warn(
/dcs/23/u5514578/cs310/y3p/venv/lib64/python3.9/site-packages/sklearn/metrics/_classification.py:2981: UserWarning: The y_pred values do not sum to one. Starting from 1.5 thiswill result in an error.
  warnings.warn(
/dcs/23/u5514578/cs310/y3p/venv/lib64/python3.9/site-packages/sklearn/metrics/_classification.py:2981: UserWarning: The y_pred values do not sum to one. Starting from 1.5 thiswill result in an error.
  warnings.warn(
/dcs/23/u5514578/cs310/y3p/venv/lib64/python3.9/site-packages/sklearn/metrics/_classification.py:2981: UserWarning: The y_pred values do not sum to one. Starting from 1.5 thiswill result in an error.
  warnings.warn(
/dcs/23/u5514578/cs310/y3p/venv/lib64/python3.9/site-packages/sklearn/metrics/_classification.py:2981: UserWarning: The y_pred values do not sum to one. Starting from 1.5 thiswill result in an error.
  warnings.warn(
/dcs/23/u5514578/cs310/y3p/venv/lib64/python3.9/site-packages/sklearn/metrics/_ranking.py:993: UserWarning: No positive class found in y_true, recall is set to one for all thresholds.
  warnings.warn(
/dcs/23/u5514578/cs310/y3p/venv/lib64/python3.9/site-packages/sklearn/metrics/_classification.py:2981: UserWarning: The y_pred values do not sum to one. Starting from 1.5 thiswill result in an error.
  warnings.warn(
/dcs/23/u5514578/cs310/y3p/venv/lib64/python3.9/site-packages/sklearn/metrics/_classification.py:2981: UserWarning: The y_pred values do not sum to one. Starting from 1.5 thiswill result in an error.
  warnings.warn(
/dcs/23/u5514578/cs310/y3p/venv/lib64/python3.9/site-packages/sklearn/metrics/_classification.py:2981: UserWarning: The y_pred values do not sum to one. Starting from 1.5 thiswill result in an error.
  warnings.warn(
/dcs/23/u5514578/cs310/y3p/venv/lib64/python3.9/site-packages/sklearn/metrics/_classification.py:2981: UserWarning: The y_pred values do not sum to one. Starting from 1.5 thiswill result in an error.
  warnings.warn(
/dcs/23/u5514578/cs310/y3p/venv/lib64/python3.9/site-packages/sklearn/metrics/_classification.py:2981: UserWarning: The y_pred values do not sum to one. Starting from 1.5 thiswill result in an error.
  warnings.warn(
/dcs/23/u5514578/cs310/y3p/venv/lib64/python3.9/site-packages/sklearn/metrics/_ranking.py:993: UserWarning: No positive class found in y_true, recall is set to one for all thresholds.
  warnings.warn(
/dcs/23/u5514578/cs310/y3p/venv/lib64/python3.9/site-packages/sklearn/metrics/_classification.py:2981: UserWarning: The y_pred values do not sum to one. Starting from 1.5 thiswill result in an error.
  warnings.warn(
/dcs/23/u5514578/cs310/y3p/venv/lib64/python3.9/site-packages/sklearn/metrics/_classification.py:2981: UserWarning: The y_pred values do not sum to one. Starting from 1.5 thiswill result in an error.
  warnings.warn(
/dcs/23/u5514578/cs310/y3p/venv/lib64/python3.9/site-packages/sklearn/metrics/_classification.py:2981: UserWarning: The y_pred values do not sum to one. Starting from 1.5 thiswill result in an error.
  warnings.warn(
/dcs/23/u5514578/cs310/y3p/venv/lib64/python3.9/site-packages/sklearn/metrics/_classification.py:2981: UserWarning: The y_pred values do not sum to one. Starting from 1.5 thiswill result in an error.
  warnings.warn(
/dcs/23/u5514578/cs310/y3p/venv/lib64/python3.9/site-packages/sklearn/metrics/_classification.py:2981: UserWarning: The y_pred values do not sum to one. Starting from 1.5 thiswill result in an error.
  warnings.warn(
/dcs/23/u5514578/cs310/y3p/venv/lib64/python3.9/site-packages/sklearn/metrics/_ranking.py:993: UserWarning: No positive class found in y_true, recall is set to one for all thresholds.
  warnings.warn(
/dcs/23/u5514578/cs310/y3p/venv/lib64/python3.9/site-packages/sklearn/metrics/_classification.py:2981: UserWarning: The y_pred values do not sum to one. Starting from 1.5 thiswill result in an error.
  warnings.warn(
/dcs/23/u5514578/cs310/y3p/venv/lib64/python3.9/site-packages/sklearn/metrics/_classification.py:2981: UserWarning: The y_pred values do not sum to one. Starting from 1.5 thiswill result in an error.
  warnings.warn(
/dcs/23/u5514578/cs310/y3p/venv/lib64/python3.9/site-packages/sklearn/metrics/_classification.py:2981: UserWarning: The y_pred values do not sum to one. Starting from 1.5 thiswill result in an error.
  warnings.warn(
/dcs/23/u5514578/cs310/y3p/venv/lib64/python3.9/site-packages/sklearn/metrics/_classification.py:2981: UserWarning: The y_pred values do not sum to one. Starting from 1.5 thiswill result in an error.
  warnings.warn(
/dcs/23/u5514578/cs310/y3p/venv/lib64/python3.9/site-packages/sklearn/metrics/_classification.py:2981: UserWarning: The y_pred values do not sum to one. Starting from 1.5 thiswill result in an error.
  warnings.warn(
/dcs/23/u5514578/cs310/y3p/venv/lib64/python3.9/site-packages/sklearn/metrics/_ranking.py:993: UserWarning: No positive class found in y_true, recall is set to one for all thresholds.
  warnings.warn(
/dcs/23/u5514578/cs310/y3p/venv/lib64/python3.9/site-packages/sklearn/metrics/_classification.py:2981: UserWarning: The y_pred values do not sum to one. Starting from 1.5 thiswill result in an error.
  warnings.warn(
/dcs/23/u5514578/cs310/y3p/venv/lib64/python3.9/site-packages/sklearn/metrics/_classification.py:2981: UserWarning: The y_pred values do not sum to one. Starting from 1.5 thiswill result in an error.
  warnings.warn(
/dcs/23/u5514578/cs310/y3p/venv/lib64/python3.9/site-packages/sklearn/metrics/_classification.py:2981: UserWarning: The y_pred values do not sum to one. Starting from 1.5 thiswill result in an error.
  warnings.warn(
/dcs/23/u5514578/cs310/y3p/venv/lib64/python3.9/site-packages/sklearn/metrics/_classification.py:2981: UserWarning: The y_pred values do not sum to one. Starting from 1.5 thiswill result in an error.
  warnings.warn(
/dcs/23/u5514578/cs310/y3p/venv/lib64/python3.9/site-packages/sklearn/metrics/_classification.py:2981: UserWarning: The y_pred values do not sum to one. Starting from 1.5 thiswill result in an error.
  warnings.warn(
/dcs/23/u5514578/cs310/y3p/venv/lib64/python3.9/site-packages/sklearn/metrics/_ranking.py:993: UserWarning: No positive class found in y_true, recall is set to one for all thresholds.
  warnings.warn(
/dcs/23/u5514578/cs310/y3p/venv/lib64/python3.9/site-packages/sklearn/metrics/_classification.py:2981: UserWarning: The y_pred values do not sum to one. Starting from 1.5 thiswill result in an error.
  warnings.warn(
/dcs/23/u5514578/cs310/y3p/venv/lib64/python3.9/site-packages/sklearn/metrics/_classification.py:2981: UserWarning: The y_pred values do not sum to one. Starting from 1.5 thiswill result in an error.
  warnings.warn(
/dcs/23/u5514578/cs310/y3p/venv/lib64/python3.9/site-packages/sklearn/metrics/_classification.py:2981: UserWarning: The y_pred values do not sum to one. Starting from 1.5 thiswill result in an error.
  warnings.warn(
/dcs/23/u5514578/cs310/y3p/venv/lib64/python3.9/site-packages/sklearn/metrics/_classification.py:2981: UserWarning: The y_pred values do not sum to one. Starting from 1.5 thiswill result in an error.
  warnings.warn(
/dcs/23/u5514578/cs310/y3p/venv/lib64/python3.9/site-packages/sklearn/metrics/_classification.py:2981: UserWarning: The y_pred values do not sum to one. Starting from 1.5 thiswill result in an error.
  warnings.warn(
/dcs/23/u5514578/cs310/y3p/venv/lib64/python3.9/site-packages/sklearn/metrics/_ranking.py:993: UserWarning: No positive class found in y_true, recall is set to one for all thresholds.
  warnings.warn(
/dcs/23/u5514578/cs310/y3p/venv/lib64/python3.9/site-packages/sklearn/metrics/_classification.py:2981: UserWarning: The y_pred values do not sum to one. Starting from 1.5 thiswill result in an error.
  warnings.warn(
/dcs/23/u5514578/cs310/y3p/venv/lib64/python3.9/site-packages/sklearn/metrics/_classification.py:2981: UserWarning: The y_pred values do not sum to one. Starting from 1.5 thiswill result in an error.
  warnings.warn(
/dcs/23/u5514578/cs310/y3p/venv/lib64/python3.9/site-packages/sklearn/metrics/_ranking.py:993: UserWarning: No positive class found in y_true, recall is set to one for all thresholds.
  warnings.warn(
/dcs/23/u5514578/cs310/y3p/venv/lib64/python3.9/site-packages/sklearn/metrics/_ranking.py:993: UserWarning: No positive class found in y_true, recall is set to one for all thresholds.
  warnings.warn(
/dcs/23/u5514578/cs310/y3p/venv/lib64/python3.9/site-packages/sklearn/metrics/_ranking.py:993: UserWarning: No positive class found in y_true, recall is set to one for all thresholds.
  warnings.warn(
/dcs/23/u5514578/cs310/y3p/venv/lib64/python3.9/site-packages/sklearn/metrics/_ranking.py:993: UserWarning: No positive class found in y_true, recall is set to one for all thresholds.
  warnings.warn(
/dcs/23/u5514578/cs310/y3p/venv/lib64/python3.9/site-packages/sklearn/metrics/_ranking.py:993: UserWarning: No positive class found in y_true, recall is set to one for all thresholds.
  warnings.warn(
/dcs/23/u5514578/cs310/y3p/venv/lib64/python3.9/site-packages/sklearn/metrics/_ranking.py:993: UserWarning: No positive class found in y_true, recall is set to one for all thresholds.
  warnings.warn(
/dcs/23/u5514578/cs310/y3p/venv/lib64/python3.9/site-packages/sklearn/metrics/_ranking.py:993: UserWarning: No positive class found in y_true, recall is set to one for all thresholds.
  warnings.warn(
/dcs/23/u5514578/cs310/y3p/venv/lib64/python3.9/site-packages/sklearn/metrics/_ranking.py:993: UserWarning: No positive class found in y_true, recall is set to one for all thresholds.
  warnings.warn(
2026-03-23 15:26:22.768583: E external/local_xla/xla/stream_executor/cuda/cuda_platform.cc:51] failed call to cuInit: INTERNAL: CUDA error: Failed call to cuInit: UNKNOWN ERROR (303)
2026-03-23 15:26:23.114908: E tensorflow/core/framework/node_def_util.cc:680] NodeDef mentions attribute use_unbounded_threadpool which is not in the op definition: Op<name=MapDataset; signature=input_dataset:variant, other_arguments: -> handle:variant; attr=f:func; attr=Targuments:list(type),min=0; attr=output_types:list(type),min=1; attr=output_shapes:list(shape),min=1; attr=use_inter_op_parallelism:bool,default=true; attr=preserve_cardinality:bool,default=false; attr=force_synchronous:bool,default=false; attr=metadata:string,default=""> This may be expected if your graph generating binary is newer  than this binary. Unknown attributes will be ignored. NodeDef: {{node ParallelMapDatasetV2/_15}}
2026-03-23 15:26:31.051272: E tensorflow/core/framework/node_def_util.cc:680] NodeDef mentions attribute use_unbounded_threadpool which is not in the op definition: Op<name=MapDataset; signature=input_dataset:variant, other_arguments: -> handle:variant; attr=f:func; attr=Targuments:list(type),min=0; attr=output_types:list(type),min=1; attr=output_shapes:list(shape),min=1; attr=use_inter_op_parallelism:bool,default=true; attr=preserve_cardinality:bool,default=false; attr=force_synchronous:bool,default=false; attr=metadata:string,default=""> This may be expected if your graph generating binary is newer  than this binary. Unknown attributes will be ignored. NodeDef: {{node ParallelMapDatasetV2/_14}}
/dcs/23/u5514578/cs310/y3p/venv/lib64/python3.9/site-packages/sklearn/metrics/_classification.py:2981: UserWarning: The y_pred values do not sum to one. Starting from 1.5 thiswill result in an error.
  warnings.warn(
2026-03-23 15:26:38.570070: E tensorflow/core/framework/node_def_util.cc:680] NodeDef mentions attribute use_unbounded_threadpool which is not in the op definition: Op<name=MapDataset; signature=input_dataset:variant, other_arguments: -> handle:variant; attr=f:func; attr=Targuments:list(type),min=0; attr=output_types:list(type),min=1; attr=output_shapes:list(shape),min=1; attr=use_inter_op_parallelism:bool,default=true; attr=preserve_cardinality:bool,default=false; attr=force_synchronous:bool,default=false; attr=metadata:string,default=""> This may be expected if your graph generating binary is newer  than this binary. Unknown attributes will be ignored. NodeDef: {{node ParallelMapDatasetV2/_14}}
/dcs/23/u5514578/cs310/y3p/venv/lib64/python3.9/site-packages/sklearn/metrics/_classification.py:2981: UserWarning: The y_pred values do not sum to one. Starting from 1.5 thiswill result in an error.
  warnings.warn(
2026-03-23 15:26:51.769301: E tensorflow/core/framework/node_def_util.cc:680] NodeDef mentions attribute use_unbounded_threadpool which is not in the op definition: Op<name=MapDataset; signature=input_dataset:variant, other_arguments: -> handle:variant; attr=f:func; attr=Targuments:list(type),min=0; attr=output_types:list(type),min=1; attr=output_shapes:list(shape),min=1; attr=use_inter_op_parallelism:bool,default=true; attr=preserve_cardinality:bool,default=false; attr=force_synchronous:bool,default=false; attr=metadata:string,default=""> This may be expected if your graph generating binary is newer  than this binary. Unknown attributes will be ignored. NodeDef: {{node ParallelMapDatasetV2/_14}}
WARNING:tensorflow:5 out of the last 15 calls to <function TensorFlowTrainer.make_predict_function.<locals>.one_step_on_data_distributed at 0x7f0cf5fb9160> triggered tf.function retracing. Tracing is expensive and the excessive number of tracings could be due to (1) creating @tf.function repeatedly in a loop, (2) passing tensors with different shapes, (3) passing Python objects instead of tensors. For (1), please define your @tf.function outside of the loop. For (2), @tf.function has reduce_retracing=True option that can avoid unnecessary retracing. For (3), please refer to https://www.tensorflow.org/guide/function#controlling_retracing and https://www.tensorflow.org/api_docs/python/tf/function for  more details.
/dcs/23/u5514578/cs310/y3p/venv/lib64/python3.9/site-packages/sklearn/metrics/_classification.py:2981: UserWarning: The y_pred values do not sum to one. Starting from 1.5 thiswill result in an error.
  warnings.warn(
2026-03-23 15:27:02.792740: E tensorflow/core/framework/node_def_util.cc:680] NodeDef mentions attribute use_unbounded_threadpool which is not in the op definition: Op<name=MapDataset; signature=input_dataset:variant, other_arguments: -> handle:variant; attr=f:func; attr=Targuments:list(type),min=0; attr=output_types:list(type),min=1; attr=output_shapes:list(shape),min=1; attr=use_inter_op_parallelism:bool,default=true; attr=preserve_cardinality:bool,default=false; attr=force_synchronous:bool,default=false; attr=metadata:string,default=""> This may be expected if your graph generating binary is newer  than this binary. Unknown attributes will be ignored. NodeDef: {{node ParallelMapDatasetV2/_14}}
WARNING:tensorflow:5 out of the last 15 calls to <function TensorFlowTrainer.make_predict_function.<locals>.one_step_on_data_distributed at 0x7f0ce935dc10> triggered tf.function retracing. Tracing is expensive and the excessive number of tracings could be due to (1) creating @tf.function repeatedly in a loop, (2) passing tensors with different shapes, (3) passing Python objects instead of tensors. For (1), please define your @tf.function outside of the loop. For (2), @tf.function has reduce_retracing=True option that can avoid unnecessary retracing. For (3), please refer to https://www.tensorflow.org/guide/function#controlling_retracing and https://www.tensorflow.org/api_docs/python/tf/function for  more details.
/dcs/23/u5514578/cs310/y3p/venv/lib64/python3.9/site-packages/sklearn/metrics/_ranking.py:993: UserWarning: No positive class found in y_true, recall is set to one for all thresholds.
  warnings.warn(
/dcs/23/u5514578/cs310/y3p/venv/lib64/python3.9/site-packages/sklearn/metrics/_classification.py:2981: UserWarning: The y_pred values do not sum to one. Starting from 1.5 thiswill result in an error.
  warnings.warn(
2026-03-23 15:27:11.585235: E tensorflow/core/framework/node_def_util.cc:680] NodeDef mentions attribute use_unbounded_threadpool which is not in the op definition: Op<name=MapDataset; signature=input_dataset:variant, other_arguments: -> handle:variant; attr=f:func; attr=Targuments:list(type),min=0; attr=output_types:list(type),min=1; attr=output_shapes:list(shape),min=1; attr=use_inter_op_parallelism:bool,default=true; attr=preserve_cardinality:bool,default=false; attr=force_synchronous:bool,default=false; attr=metadata:string,default=""> This may be expected if your graph generating binary is newer  than this binary. Unknown attributes will be ignored. NodeDef: {{node ParallelMapDatasetV2/_14}}
/dcs/23/u5514578/cs310/y3p/venv/lib64/python3.9/site-packages/sklearn/metrics/_classification.py:2981: UserWarning: The y_pred values do not sum to one. Starting from 1.5 thiswill result in an error.
  warnings.warn(
2026-03-23 15:27:19.070942: E tensorflow/core/framework/node_def_util.cc:680] NodeDef mentions attribute use_unbounded_threadpool which is not in the op definition: Op<name=MapDataset; signature=input_dataset:variant, other_arguments: -> handle:variant; attr=f:func; attr=Targuments:list(type),min=0; attr=output_types:list(type),min=1; attr=output_shapes:list(shape),min=1; attr=use_inter_op_parallelism:bool,default=true; attr=preserve_cardinality:bool,default=false; attr=force_synchronous:bool,default=false; attr=metadata:string,default=""> This may be expected if your graph generating binary is newer  than this binary. Unknown attributes will be ignored. NodeDef: {{node ParallelMapDatasetV2/_14}}
/dcs/23/u5514578/cs310/y3p/venv/lib64/python3.9/site-packages/sklearn/metrics/_classification.py:2981: UserWarning: The y_pred values do not sum to one. Starting from 1.5 thiswill result in an error.
  warnings.warn(
2026-03-23 15:27:27.053198: E tensorflow/core/framework/node_def_util.cc:680] NodeDef mentions attribute use_unbounded_threadpool which is not in the op definition: Op<name=MapDataset; signature=input_dataset:variant, other_arguments: -> handle:variant; attr=f:func; attr=Targuments:list(type),min=0; attr=output_types:list(type),min=1; attr=output_shapes:list(shape),min=1; attr=use_inter_op_parallelism:bool,default=true; attr=preserve_cardinality:bool,default=false; attr=force_synchronous:bool,default=false; attr=metadata:string,default=""> This may be expected if your graph generating binary is newer  than this binary. Unknown attributes will be ignored. NodeDef: {{node ParallelMapDatasetV2/_14}}
/dcs/23/u5514578/cs310/y3p/venv/lib64/python3.9/site-packages/sklearn/metrics/_classification.py:2981: UserWarning: The y_pred values do not sum to one. Starting from 1.5 thiswill result in an error.
  warnings.warn(
2026-03-23 15:27:35.900342: E tensorflow/core/framework/node_def_util.cc:680] NodeDef mentions attribute use_unbounded_threadpool which is not in the op definition: Op<name=MapDataset; signature=input_dataset:variant, other_arguments: -> handle:variant; attr=f:func; attr=Targuments:list(type),min=0; attr=output_types:list(type),min=1; attr=output_shapes:list(shape),min=1; attr=use_inter_op_parallelism:bool,default=true; attr=preserve_cardinality:bool,default=false; attr=force_synchronous:bool,default=false; attr=metadata:string,default=""> This may be expected if your graph generating binary is newer  than this binary. Unknown attributes will be ignored. NodeDef: {{node ParallelMapDatasetV2/_14}}
/dcs/23/u5514578/cs310/y3p/venv/lib64/python3.9/site-packages/sklearn/metrics/_classification.py:2981: UserWarning: The y_pred values do not sum to one. Starting from 1.5 thiswill result in an error.
  warnings.warn(
2026-03-23 15:27:45.697998: E tensorflow/core/framework/node_def_util.cc:680] NodeDef mentions attribute use_unbounded_threadpool which is not in the op definition: Op<name=MapDataset; signature=input_dataset:variant, other_arguments: -> handle:variant; attr=f:func; attr=Targuments:list(type),min=0; attr=output_types:list(type),min=1; attr=output_shapes:list(shape),min=1; attr=use_inter_op_parallelism:bool,default=true; attr=preserve_cardinality:bool,default=false; attr=force_synchronous:bool,default=false; attr=metadata:string,default=""> This may be expected if your graph generating binary is newer  than this binary. Unknown attributes will be ignored. NodeDef: {{node ParallelMapDatasetV2/_14}}
/dcs/23/u5514578/cs310/y3p/venv/lib64/python3.9/site-packages/sklearn/metrics/_ranking.py:993: UserWarning: No positive class found in y_true, recall is set to one for all thresholds.
  warnings.warn(
/dcs/23/u5514578/cs310/y3p/venv/lib64/python3.9/site-packages/sklearn/metrics/_classification.py:2981: UserWarning: The y_pred values do not sum to one. Starting from 1.5 thiswill result in an error.
  warnings.warn(
2026-03-23 15:27:52.906931: E tensorflow/core/framework/node_def_util.cc:680] NodeDef mentions attribute use_unbounded_threadpool which is not in the op definition: Op<name=MapDataset; signature=input_dataset:variant, other_arguments: -> handle:variant; attr=f:func; attr=Targuments:list(type),min=0; attr=output_types:list(type),min=1; attr=output_shapes:list(shape),min=1; attr=use_inter_op_parallelism:bool,default=true; attr=preserve_cardinality:bool,default=false; attr=force_synchronous:bool,default=false; attr=metadata:string,default=""> This may be expected if your graph generating binary is newer  than this binary. Unknown attributes will be ignored. NodeDef: {{node ParallelMapDatasetV2/_14}}
/dcs/23/u5514578/cs310/y3p/venv/lib64/python3.9/site-packages/sklearn/metrics/_classification.py:2981: UserWarning: The y_pred values do not sum to one. Starting from 1.5 thiswill result in an error.
  warnings.warn(
2026-03-23 15:28:01.228910: E tensorflow/core/framework/node_def_util.cc:680] NodeDef mentions attribute use_unbounded_threadpool which is not in the op definition: Op<name=MapDataset; signature=input_dataset:variant, other_arguments: -> handle:variant; attr=f:func; attr=Targuments:list(type),min=0; attr=output_types:list(type),min=1; attr=output_shapes:list(shape),min=1; attr=use_inter_op_parallelism:bool,default=true; attr=preserve_cardinality:bool,default=false; attr=force_synchronous:bool,default=false; attr=metadata:string,default=""> This may be expected if your graph generating binary is newer  than this binary. Unknown attributes will be ignored. NodeDef: {{node ParallelMapDatasetV2/_14}}
/dcs/23/u5514578/cs310/y3p/venv/lib64/python3.9/site-packages/sklearn/metrics/_classification.py:2981: UserWarning: The y_pred values do not sum to one. Starting from 1.5 thiswill result in an error.
  warnings.warn(
2026-03-23 15:28:08.739147: E tensorflow/core/framework/node_def_util.cc:680] NodeDef mentions attribute use_unbounded_threadpool which is not in the op definition: Op<name=MapDataset; signature=input_dataset:variant, other_arguments: -> handle:variant; attr=f:func; attr=Targuments:list(type),min=0; attr=output_types:list(type),min=1; attr=output_shapes:list(shape),min=1; attr=use_inter_op_parallelism:bool,default=true; attr=preserve_cardinality:bool,default=false; attr=force_synchronous:bool,default=false; attr=metadata:string,default=""> This may be expected if your graph generating binary is newer  than this binary. Unknown attributes will be ignored. NodeDef: {{node ParallelMapDatasetV2/_14}}
/dcs/23/u5514578/cs310/y3p/venv/lib64/python3.9/site-packages/sklearn/metrics/_classification.py:2981: UserWarning: The y_pred values do not sum to one. Starting from 1.5 thiswill result in an error.
  warnings.warn(
2026-03-23 15:28:16.904101: E tensorflow/core/framework/node_def_util.cc:680] NodeDef mentions attribute use_unbounded_threadpool which is not in the op definition: Op<name=MapDataset; signature=input_dataset:variant, other_arguments: -> handle:variant; attr=f:func; attr=Targuments:list(type),min=0; attr=output_types:list(type),min=1; attr=output_shapes:list(shape),min=1; attr=use_inter_op_parallelism:bool,default=true; attr=preserve_cardinality:bool,default=false; attr=force_synchronous:bool,default=false; attr=metadata:string,default=""> This may be expected if your graph generating binary is newer  than this binary. Unknown attributes will be ignored. NodeDef: {{node ParallelMapDatasetV2/_14}}
/dcs/23/u5514578/cs310/y3p/venv/lib64/python3.9/site-packages/sklearn/metrics/_classification.py:2981: UserWarning: The y_pred values do not sum to one. Starting from 1.5 thiswill result in an error.
  warnings.warn(
2026-03-23 15:28:25.165263: E tensorflow/core/framework/node_def_util.cc:680] NodeDef mentions attribute use_unbounded_threadpool which is not in the op definition: Op<name=MapDataset; signature=input_dataset:variant, other_arguments: -> handle:variant; attr=f:func; attr=Targuments:list(type),min=0; attr=output_types:list(type),min=1; attr=output_shapes:list(shape),min=1; attr=use_inter_op_parallelism:bool,default=true; attr=preserve_cardinality:bool,default=false; attr=force_synchronous:bool,default=false; attr=metadata:string,default=""> This may be expected if your graph generating binary is newer  than this binary. Unknown attributes will be ignored. NodeDef: {{node ParallelMapDatasetV2/_14}}
/dcs/23/u5514578/cs310/y3p/venv/lib64/python3.9/site-packages/sklearn/metrics/_ranking.py:993: UserWarning: No positive class found in y_true, recall is set to one for all thresholds.
  warnings.warn(
/dcs/23/u5514578/cs310/y3p/venv/lib64/python3.9/site-packages/sklearn/metrics/_classification.py:2981: UserWarning: The y_pred values do not sum to one. Starting from 1.5 thiswill result in an error.
  warnings.warn(
2026-03-23 15:28:35.856002: E tensorflow/core/framework/node_def_util.cc:680] NodeDef mentions attribute use_unbounded_threadpool which is not in the op definition: Op<name=MapDataset; signature=input_dataset:variant, other_arguments: -> handle:variant; attr=f:func; attr=Targuments:list(type),min=0; attr=output_types:list(type),min=1; attr=output_shapes:list(shape),min=1; attr=use_inter_op_parallelism:bool,default=true; attr=preserve_cardinality:bool,default=false; attr=force_synchronous:bool,default=false; attr=metadata:string,default=""> This may be expected if your graph generating binary is newer  than this binary. Unknown attributes will be ignored. NodeDef: {{node ParallelMapDatasetV2/_14}}
/dcs/23/u5514578/cs310/y3p/venv/lib64/python3.9/site-packages/sklearn/metrics/_classification.py:2981: UserWarning: The y_pred values do not sum to one. Starting from 1.5 thiswill result in an error.
  warnings.warn(
2026-03-23 15:28:43.936734: E tensorflow/core/framework/node_def_util.cc:680] NodeDef mentions attribute use_unbounded_threadpool which is not in the op definition: Op<name=MapDataset; signature=input_dataset:variant, other_arguments: -> handle:variant; attr=f:func; attr=Targuments:list(type),min=0; attr=output_types:list(type),min=1; attr=output_shapes:list(shape),min=1; attr=use_inter_op_parallelism:bool,default=true; attr=preserve_cardinality:bool,default=false; attr=force_synchronous:bool,default=false; attr=metadata:string,default=""> This may be expected if your graph generating binary is newer  than this binary. Unknown attributes will be ignored. NodeDef: {{node ParallelMapDatasetV2/_14}}
/dcs/23/u5514578/cs310/y3p/venv/lib64/python3.9/site-packages/sklearn/metrics/_classification.py:2981: UserWarning: The y_pred values do not sum to one. Starting from 1.5 thiswill result in an error.
  warnings.warn(
2026-03-23 15:28:49.019838: E tensorflow/core/framework/node_def_util.cc:680] NodeDef mentions attribute use_unbounded_threadpool which is not in the op definition: Op<name=MapDataset; signature=input_dataset:variant, other_arguments: -> handle:variant; attr=f:func; attr=Targuments:list(type),min=0; attr=output_types:list(type),min=1; attr=output_shapes:list(shape),min=1; attr=use_inter_op_parallelism:bool,default=true; attr=preserve_cardinality:bool,default=false; attr=force_synchronous:bool,default=false; attr=metadata:string,default=""> This may be expected if your graph generating binary is newer  than this binary. Unknown attributes will be ignored. NodeDef: {{node ParallelMapDatasetV2/_15}}
/dcs/23/u5514578/cs310/y3p/venv/lib64/python3.9/site-packages/sklearn/metrics/_classification.py:2981: UserWarning: The y_pred values do not sum to one. Starting from 1.5 thiswill result in an error.
  warnings.warn(
2026-03-23 15:28:56.701020: E tensorflow/core/framework/node_def_util.cc:680] NodeDef mentions attribute use_unbounded_threadpool which is not in the op definition: Op<name=MapDataset; signature=input_dataset:variant, other_arguments: -> handle:variant; attr=f:func; attr=Targuments:list(type),min=0; attr=output_types:list(type),min=1; attr=output_shapes:list(shape),min=1; attr=use_inter_op_parallelism:bool,default=true; attr=preserve_cardinality:bool,default=false; attr=force_synchronous:bool,default=false; attr=metadata:string,default=""> This may be expected if your graph generating binary is newer  than this binary. Unknown attributes will be ignored. NodeDef: {{node ParallelMapDatasetV2/_15}}
/dcs/23/u5514578/cs310/y3p/venv/lib64/python3.9/site-packages/sklearn/metrics/_classification.py:2981: UserWarning: The y_pred values do not sum to one. Starting from 1.5 thiswill result in an error.
  warnings.warn(
2026-03-23 15:29:04.530277: E tensorflow/core/framework/node_def_util.cc:680] NodeDef mentions attribute use_unbounded_threadpool which is not in the op definition: Op<name=MapDataset; signature=input_dataset:variant, other_arguments: -> handle:variant; attr=f:func; attr=Targuments:list(type),min=0; attr=output_types:list(type),min=1; attr=output_shapes:list(shape),min=1; attr=use_inter_op_parallelism:bool,default=true; attr=preserve_cardinality:bool,default=false; attr=force_synchronous:bool,default=false; attr=metadata:string,default=""> This may be expected if your graph generating binary is newer  than this binary. Unknown attributes will be ignored. NodeDef: {{node ParallelMapDatasetV2/_15}}
/dcs/23/u5514578/cs310/y3p/venv/lib64/python3.9/site-packages/sklearn/metrics/_ranking.py:993: UserWarning: No positive class found in y_true, recall is set to one for all thresholds.
  warnings.warn(
/dcs/23/u5514578/cs310/y3p/venv/lib64/python3.9/site-packages/sklearn/metrics/_classification.py:2981: UserWarning: The y_pred values do not sum to one. Starting from 1.5 thiswill result in an error.
  warnings.warn(
2026-03-23 15:29:09.631386: E tensorflow/core/framework/node_def_util.cc:680] NodeDef mentions attribute use_unbounded_threadpool which is not in the op definition: Op<name=MapDataset; signature=input_dataset:variant, other_arguments: -> handle:variant; attr=f:func; attr=Targuments:list(type),min=0; attr=output_types:list(type),min=1; attr=output_shapes:list(shape),min=1; attr=use_inter_op_parallelism:bool,default=true; attr=preserve_cardinality:bool,default=false; attr=force_synchronous:bool,default=false; attr=metadata:string,default=""> This may be expected if your graph generating binary is newer  than this binary. Unknown attributes will be ignored. NodeDef: {{node ParallelMapDatasetV2/_15}}
2026-03-23 15:29:19.284160: E tensorflow/core/framework/node_def_util.cc:680] NodeDef mentions attribute use_unbounded_threadpool which is not in the op definition: Op<name=MapDataset; signature=input_dataset:variant, other_arguments: -> handle:variant; attr=f:func; attr=Targuments:list(type),min=0; attr=output_types:list(type),min=1; attr=output_shapes:list(shape),min=1; attr=use_inter_op_parallelism:bool,default=true; attr=preserve_cardinality:bool,default=false; attr=force_synchronous:bool,default=false; attr=metadata:string,default=""> This may be expected if your graph generating binary is newer  than this binary. Unknown attributes will be ignored. NodeDef: {{node ParallelMapDatasetV2/_14}}
/dcs/23/u5514578/cs310/y3p/venv/lib64/python3.9/site-packages/sklearn/metrics/_classification.py:2981: UserWarning: The y_pred values do not sum to one. Starting from 1.5 thiswill result in an error.
  warnings.warn(
2026-03-23 15:29:24.640192: E tensorflow/core/framework/node_def_util.cc:680] NodeDef mentions attribute use_unbounded_threadpool which is not in the op definition: Op<name=MapDataset; signature=input_dataset:variant, other_arguments: -> handle:variant; attr=f:func; attr=Targuments:list(type),min=0; attr=output_types:list(type),min=1; attr=output_shapes:list(shape),min=1; attr=use_inter_op_parallelism:bool,default=true; attr=preserve_cardinality:bool,default=false; attr=force_synchronous:bool,default=false; attr=metadata:string,default=""> This may be expected if your graph generating binary is newer  than this binary. Unknown attributes will be ignored. NodeDef: {{node ParallelMapDatasetV2/_15}}
/dcs/23/u5514578/cs310/y3p/venv/lib64/python3.9/site-packages/sklearn/metrics/_classification.py:2981: UserWarning: The y_pred values do not sum to one. Starting from 1.5 thiswill result in an error.
  warnings.warn(
2026-03-23 15:29:32.071929: E tensorflow/core/framework/node_def_util.cc:680] NodeDef mentions attribute use_unbounded_threadpool which is not in the op definition: Op<name=MapDataset; signature=input_dataset:variant, other_arguments: -> handle:variant; attr=f:func; attr=Targuments:list(type),min=0; attr=output_types:list(type),min=1; attr=output_shapes:list(shape),min=1; attr=use_inter_op_parallelism:bool,default=true; attr=preserve_cardinality:bool,default=false; attr=force_synchronous:bool,default=false; attr=metadata:string,default=""> This may be expected if your graph generating binary is newer  than this binary. Unknown attributes will be ignored. NodeDef: {{node ParallelMapDatasetV2/_15}}
/dcs/23/u5514578/cs310/y3p/venv/lib64/python3.9/site-packages/sklearn/metrics/_classification.py:2981: UserWarning: The y_pred values do not sum to one. Starting from 1.5 thiswill result in an error.
  warnings.warn(
2026-03-23 15:29:39.074929: E tensorflow/core/framework/node_def_util.cc:680] NodeDef mentions attribute use_unbounded_threadpool which is not in the op definition: Op<name=MapDataset; signature=input_dataset:variant, other_arguments: -> handle:variant; attr=f:func; attr=Targuments:list(type),min=0; attr=output_types:list(type),min=1; attr=output_shapes:list(shape),min=1; attr=use_inter_op_parallelism:bool,default=true; attr=preserve_cardinality:bool,default=false; attr=force_synchronous:bool,default=false; attr=metadata:string,default=""> This may be expected if your graph generating binary is newer  than this binary. Unknown attributes will be ignored. NodeDef: {{node ParallelMapDatasetV2/_15}}
2026-03-23 15:29:45.581984: E tensorflow/core/framework/node_def_util.cc:680] NodeDef mentions attribute use_unbounded_threadpool which is not in the op definition: Op<name=MapDataset; signature=input_dataset:variant, other_arguments: -> handle:variant; attr=f:func; attr=Targuments:list(type),min=0; attr=output_types:list(type),min=1; attr=output_shapes:list(shape),min=1; attr=use_inter_op_parallelism:bool,default=true; attr=preserve_cardinality:bool,default=false; attr=force_synchronous:bool,default=false; attr=metadata:string,default=""> This may be expected if your graph generating binary is newer  than this binary. Unknown attributes will be ignored. NodeDef: {{node ParallelMapDatasetV2/_14}}
/dcs/23/u5514578/cs310/y3p/venv/lib64/python3.9/site-packages/sklearn/metrics/_classification.py:2981: UserWarning: The y_pred values do not sum to one. Starting from 1.5 thiswill result in an error.
  warnings.warn(
2026-03-23 15:29:55.601618: E tensorflow/core/framework/node_def_util.cc:680] NodeDef mentions attribute use_unbounded_threadpool which is not in the op definition: Op<name=MapDataset; signature=input_dataset:variant, other_arguments: -> handle:variant; attr=f:func; attr=Targuments:list(type),min=0; attr=output_types:list(type),min=1; attr=output_shapes:list(shape),min=1; attr=use_inter_op_parallelism:bool,default=true; attr=preserve_cardinality:bool,default=false; attr=force_synchronous:bool,default=false; attr=metadata:string,default=""> This may be expected if your graph generating binary is newer  than this binary. Unknown attributes will be ignored. NodeDef: {{node ParallelMapDatasetV2/_14}}
/dcs/23/u5514578/cs310/y3p/venv/lib64/python3.9/site-packages/sklearn/metrics/_ranking.py:993: UserWarning: No positive class found in y_true, recall is set to one for all thresholds.
  warnings.warn(
/dcs/23/u5514578/cs310/y3p/venv/lib64/python3.9/site-packages/sklearn/metrics/_classification.py:2981: UserWarning: The y_pred values do not sum to one. Starting from 1.5 thiswill result in an error.
  warnings.warn(
2026-03-23 15:30:01.337481: E tensorflow/core/framework/node_def_util.cc:680] NodeDef mentions attribute use_unbounded_threadpool which is not in the op definition: Op<name=MapDataset; signature=input_dataset:variant, other_arguments: -> handle:variant; attr=f:func; attr=Targuments:list(type),min=0; attr=output_types:list(type),min=1; attr=output_shapes:list(shape),min=1; attr=use_inter_op_parallelism:bool,default=true; attr=preserve_cardinality:bool,default=false; attr=force_synchronous:bool,default=false; attr=metadata:string,default=""> This may be expected if your graph generating binary is newer  than this binary. Unknown attributes will be ignored. NodeDef: {{node ParallelMapDatasetV2/_15}}
/dcs/23/u5514578/cs310/y3p/venv/lib64/python3.9/site-packages/sklearn/metrics/_classification.py:2981: UserWarning: The y_pred values do not sum to one. Starting from 1.5 thiswill result in an error.
  warnings.warn(
2026-03-23 15:30:06.532242: E tensorflow/core/framework/node_def_util.cc:680] NodeDef mentions attribute use_unbounded_threadpool which is not in the op definition: Op<name=MapDataset; signature=input_dataset:variant, other_arguments: -> handle:variant; attr=f:func; attr=Targuments:list(type),min=0; attr=output_types:list(type),min=1; attr=output_shapes:list(shape),min=1; attr=use_inter_op_parallelism:bool,default=true; attr=preserve_cardinality:bool,default=false; attr=force_synchronous:bool,default=false; attr=metadata:string,default=""> This may be expected if your graph generating binary is newer  than this binary. Unknown attributes will be ignored. NodeDef: {{node ParallelMapDatasetV2/_15}}
2026-03-23 15:30:14.005812: E tensorflow/core/framework/node_def_util.cc:680] NodeDef mentions attribute use_unbounded_threadpool which is not in the op definition: Op<name=MapDataset; signature=input_dataset:variant, other_arguments: -> handle:variant; attr=f:func; attr=Targuments:list(type),min=0; attr=output_types:list(type),min=1; attr=output_shapes:list(shape),min=1; attr=use_inter_op_parallelism:bool,default=true; attr=preserve_cardinality:bool,default=false; attr=force_synchronous:bool,default=false; attr=metadata:string,default=""> This may be expected if your graph generating binary is newer  than this binary. Unknown attributes will be ignored. NodeDef: {{node ParallelMapDatasetV2/_14}}
/dcs/23/u5514578/cs310/y3p/venv/lib64/python3.9/site-packages/sklearn/metrics/_classification.py:2981: UserWarning: The y_pred values do not sum to one. Starting from 1.5 thiswill result in an error.
  warnings.warn(
2026-03-23 15:30:21.121722: E tensorflow/core/framework/node_def_util.cc:680] NodeDef mentions attribute use_unbounded_threadpool which is not in the op definition: Op<name=MapDataset; signature=input_dataset:variant, other_arguments: -> handle:variant; attr=f:func; attr=Targuments:list(type),min=0; attr=output_types:list(type),min=1; attr=output_shapes:list(shape),min=1; attr=use_inter_op_parallelism:bool,default=true; attr=preserve_cardinality:bool,default=false; attr=force_synchronous:bool,default=false; attr=metadata:string,default=""> This may be expected if your graph generating binary is newer  than this binary. Unknown attributes will be ignored. NodeDef: {{node ParallelMapDatasetV2/_14}}
/dcs/23/u5514578/cs310/y3p/venv/lib64/python3.9/site-packages/sklearn/metrics/_classification.py:2981: UserWarning: The y_pred values do not sum to one. Starting from 1.5 thiswill result in an error.
  warnings.warn(
2026-03-23 15:30:31.204673: E tensorflow/core/framework/node_def_util.cc:680] NodeDef mentions attribute use_unbounded_threadpool which is not in the op definition: Op<name=MapDataset; signature=input_dataset:variant, other_arguments: -> handle:variant; attr=f:func; attr=Targuments:list(type),min=0; attr=output_types:list(type),min=1; attr=output_shapes:list(shape),min=1; attr=use_inter_op_parallelism:bool,default=true; attr=preserve_cardinality:bool,default=false; attr=force_synchronous:bool,default=false; attr=metadata:string,default=""> This may be expected if your graph generating binary is newer  than this binary. Unknown attributes will be ignored. NodeDef: {{node ParallelMapDatasetV2/_14}}
/dcs/23/u5514578/cs310/y3p/venv/lib64/python3.9/site-packages/sklearn/metrics/_classification.py:2981: UserWarning: The y_pred values do not sum to one. Starting from 1.5 thiswill result in an error.
  warnings.warn(
2026-03-23 15:30:41.459798: E tensorflow/core/framework/node_def_util.cc:680] NodeDef mentions attribute use_unbounded_threadpool which is not in the op definition: Op<name=MapDataset; signature=input_dataset:variant, other_arguments: -> handle:variant; attr=f:func; attr=Targuments:list(type),min=0; attr=output_types:list(type),min=1; attr=output_shapes:list(shape),min=1; attr=use_inter_op_parallelism:bool,default=true; attr=preserve_cardinality:bool,default=false; attr=force_synchronous:bool,default=false; attr=metadata:string,default=""> This may be expected if your graph generating binary is newer  than this binary. Unknown attributes will be ignored. NodeDef: {{node ParallelMapDatasetV2/_14}}
/dcs/23/u5514578/cs310/y3p/venv/lib64/python3.9/site-packages/sklearn/metrics/_ranking.py:993: UserWarning: No positive class found in y_true, recall is set to one for all thresholds.
  warnings.warn(
/dcs/23/u5514578/cs310/y3p/venv/lib64/python3.9/site-packages/sklearn/metrics/_classification.py:2981: UserWarning: The y_pred values do not sum to one. Starting from 1.5 thiswill result in an error.
  warnings.warn(
2026-03-23 15:30:47.582527: E tensorflow/core/framework/node_def_util.cc:680] NodeDef mentions attribute use_unbounded_threadpool which is not in the op definition: Op<name=MapDataset; signature=input_dataset:variant, other_arguments: -> handle:variant; attr=f:func; attr=Targuments:list(type),min=0; attr=output_types:list(type),min=1; attr=output_shapes:list(shape),min=1; attr=use_inter_op_parallelism:bool,default=true; attr=preserve_cardinality:bool,default=false; attr=force_synchronous:bool,default=false; attr=metadata:string,default=""> This may be expected if your graph generating binary is newer  than this binary. Unknown attributes will be ignored. NodeDef: {{node ParallelMapDatasetV2/_15}}
2026-03-23 15:30:54.890755: E tensorflow/core/framework/node_def_util.cc:680] NodeDef mentions attribute use_unbounded_threadpool which is not in the op definition: Op<name=MapDataset; signature=input_dataset:variant, other_arguments: -> handle:variant; attr=f:func; attr=Targuments:list(type),min=0; attr=output_types:list(type),min=1; attr=output_shapes:list(shape),min=1; attr=use_inter_op_parallelism:bool,default=true; attr=preserve_cardinality:bool,default=false; attr=force_synchronous:bool,default=false; attr=metadata:string,default=""> This may be expected if your graph generating binary is newer  than this binary. Unknown attributes will be ignored. NodeDef: {{node ParallelMapDatasetV2/_14}}
/dcs/23/u5514578/cs310/y3p/venv/lib64/python3.9/site-packages/sklearn/metrics/_classification.py:2981: UserWarning: The y_pred values do not sum to one. Starting from 1.5 thiswill result in an error.
  warnings.warn(
2026-03-23 15:31:05.823650: E tensorflow/core/framework/node_def_util.cc:680] NodeDef mentions attribute use_unbounded_threadpool which is not in the op definition: Op<name=MapDataset; signature=input_dataset:variant, other_arguments: -> handle:variant; attr=f:func; attr=Targuments:list(type),min=0; attr=output_types:list(type),min=1; attr=output_shapes:list(shape),min=1; attr=use_inter_op_parallelism:bool,default=true; attr=preserve_cardinality:bool,default=false; attr=force_synchronous:bool,default=false; attr=metadata:string,default=""> This may be expected if your graph generating binary is newer  than this binary. Unknown attributes will be ignored. NodeDef: {{node ParallelMapDatasetV2/_14}}
/dcs/23/u5514578/cs310/y3p/venv/lib64/python3.9/site-packages/sklearn/metrics/_classification.py:2981: UserWarning: The y_pred values do not sum to one. Starting from 1.5 thiswill result in an error.
  warnings.warn(
2026-03-23 15:31:13.528440: E tensorflow/core/framework/node_def_util.cc:680] NodeDef mentions attribute use_unbounded_threadpool which is not in the op definition: Op<name=MapDataset; signature=input_dataset:variant, other_arguments: -> handle:variant; attr=f:func; attr=Targuments:list(type),min=0; attr=output_types:list(type),min=1; attr=output_shapes:list(shape),min=1; attr=use_inter_op_parallelism:bool,default=true; attr=preserve_cardinality:bool,default=false; attr=force_synchronous:bool,default=false; attr=metadata:string,default=""> This may be expected if your graph generating binary is newer  than this binary. Unknown attributes will be ignored. NodeDef: {{node ParallelMapDatasetV2/_14}}
/dcs/23/u5514578/cs310/y3p/venv/lib64/python3.9/site-packages/sklearn/metrics/_classification.py:2981: UserWarning: The y_pred values do not sum to one. Starting from 1.5 thiswill result in an error.
  warnings.warn(
2026-03-23 15:31:23.712496: E tensorflow/core/framework/node_def_util.cc:680] NodeDef mentions attribute use_unbounded_threadpool which is not in the op definition: Op<name=MapDataset; signature=input_dataset:variant, other_arguments: -> handle:variant; attr=f:func; attr=Targuments:list(type),min=0; attr=output_types:list(type),min=1; attr=output_shapes:list(shape),min=1; attr=use_inter_op_parallelism:bool,default=true; attr=preserve_cardinality:bool,default=false; attr=force_synchronous:bool,default=false; attr=metadata:string,default=""> This may be expected if your graph generating binary is newer  than this binary. Unknown attributes will be ignored. NodeDef: {{node ParallelMapDatasetV2/_14}}
/dcs/23/u5514578/cs310/y3p/venv/lib64/python3.9/site-packages/sklearn/metrics/_classification.py:2981: UserWarning: The y_pred values do not sum to one. Starting from 1.5 thiswill result in an error.
  warnings.warn(
2026-03-23 15:31:32.709066: E tensorflow/core/framework/node_def_util.cc:680] NodeDef mentions attribute use_unbounded_threadpool which is not in the op definition: Op<name=MapDataset; signature=input_dataset:variant, other_arguments: -> handle:variant; attr=f:func; attr=Targuments:list(type),min=0; attr=output_types:list(type),min=1; attr=output_shapes:list(shape),min=1; attr=use_inter_op_parallelism:bool,default=true; attr=preserve_cardinality:bool,default=false; attr=force_synchronous:bool,default=false; attr=metadata:string,default=""> This may be expected if your graph generating binary is newer  than this binary. Unknown attributes will be ignored. NodeDef: {{node ParallelMapDatasetV2/_14}}
/dcs/23/u5514578/cs310/y3p/venv/lib64/python3.9/site-packages/sklearn/metrics/_ranking.py:993: UserWarning: No positive class found in y_true, recall is set to one for all thresholds.
  warnings.warn(
/dcs/23/u5514578/cs310/y3p/venv/lib64/python3.9/site-packages/sklearn/metrics/_classification.py:2981: UserWarning: The y_pred values do not sum to one. Starting from 1.5 thiswill result in an error.
  warnings.warn(
2026-03-23 15:31:40.159175: E tensorflow/core/framework/node_def_util.cc:680] NodeDef mentions attribute use_unbounded_threadpool which is not in the op definition: Op<name=MapDataset; signature=input_dataset:variant, other_arguments: -> handle:variant; attr=f:func; attr=Targuments:list(type),min=0; attr=output_types:list(type),min=1; attr=output_shapes:list(shape),min=1; attr=use_inter_op_parallelism:bool,default=true; attr=preserve_cardinality:bool,default=false; attr=force_synchronous:bool,default=false; attr=metadata:string,default=""> This may be expected if your graph generating binary is newer  than this binary. Unknown attributes will be ignored. NodeDef: {{node ParallelMapDatasetV2/_14}}
/dcs/23/u5514578/cs310/y3p/venv/lib64/python3.9/site-packages/sklearn/metrics/_classification.py:2981: UserWarning: The y_pred values do not sum to one. Starting from 1.5 thiswill result in an error.
  warnings.warn(
2026-03-23 15:31:48.092409: E tensorflow/core/framework/node_def_util.cc:680] NodeDef mentions attribute use_unbounded_threadpool which is not in the op definition: Op<name=MapDataset; signature=input_dataset:variant, other_arguments: -> handle:variant; attr=f:func; attr=Targuments:list(type),min=0; attr=output_types:list(type),min=1; attr=output_shapes:list(shape),min=1; attr=use_inter_op_parallelism:bool,default=true; attr=preserve_cardinality:bool,default=false; attr=force_synchronous:bool,default=false; attr=metadata:string,default=""> This may be expected if your graph generating binary is newer  than this binary. Unknown attributes will be ignored. NodeDef: {{node ParallelMapDatasetV2/_14}}
/dcs/23/u5514578/cs310/y3p/venv/lib64/python3.9/site-packages/sklearn/metrics/_classification.py:2981: UserWarning: The y_pred values do not sum to one. Starting from 1.5 thiswill result in an error.
  warnings.warn(
2026-03-23 15:31:54.627327: E tensorflow/core/framework/node_def_util.cc:680] NodeDef mentions attribute use_unbounded_threadpool which is not in the op definition: Op<name=MapDataset; signature=input_dataset:variant, other_arguments: -> handle:variant; attr=f:func; attr=Targuments:list(type),min=0; attr=output_types:list(type),min=1; attr=output_shapes:list(shape),min=1; attr=use_inter_op_parallelism:bool,default=true; attr=preserve_cardinality:bool,default=false; attr=force_synchronous:bool,default=false; attr=metadata:string,default=""> This may be expected if your graph generating binary is newer  than this binary. Unknown attributes will be ignored. NodeDef: {{node ParallelMapDatasetV2/_15}}
/dcs/23/u5514578/cs310/y3p/venv/lib64/python3.9/site-packages/sklearn/metrics/_classification.py:2981: UserWarning: The y_pred values do not sum to one. Starting from 1.5 thiswill result in an error.
  warnings.warn(
2026-03-23 15:32:01.716816: E tensorflow/core/framework/node_def_util.cc:680] NodeDef mentions attribute use_unbounded_threadpool which is not in the op definition: Op<name=MapDataset; signature=input_dataset:variant, other_arguments: -> handle:variant; attr=f:func; attr=Targuments:list(type),min=0; attr=output_types:list(type),min=1; attr=output_shapes:list(shape),min=1; attr=use_inter_op_parallelism:bool,default=true; attr=preserve_cardinality:bool,default=false; attr=force_synchronous:bool,default=false; attr=metadata:string,default=""> This may be expected if your graph generating binary is newer  than this binary. Unknown attributes will be ignored. NodeDef: {{node ParallelMapDatasetV2/_15}}
2026-03-23 15:32:07.938249: E tensorflow/core/framework/node_def_util.cc:680] NodeDef mentions attribute use_unbounded_threadpool which is not in the op definition: Op<name=MapDataset; signature=input_dataset:variant, other_arguments: -> handle:variant; attr=f:func; attr=Targuments:list(type),min=0; attr=output_types:list(type),min=1; attr=output_shapes:list(shape),min=1; attr=use_inter_op_parallelism:bool,default=true; attr=preserve_cardinality:bool,default=false; attr=force_synchronous:bool,default=false; attr=metadata:string,default=""> This may be expected if your graph generating binary is newer  than this binary. Unknown attributes will be ignored. NodeDef: {{node ParallelMapDatasetV2/_14}}
/dcs/23/u5514578/cs310/y3p/venv/lib64/python3.9/site-packages/sklearn/metrics/_classification.py:2981: UserWarning: The y_pred values do not sum to one. Starting from 1.5 thiswill result in an error.
  warnings.warn(
2026-03-23 15:32:16.273823: E tensorflow/core/framework/node_def_util.cc:680] NodeDef mentions attribute use_unbounded_threadpool which is not in the op definition: Op<name=MapDataset; signature=input_dataset:variant, other_arguments: -> handle:variant; attr=f:func; attr=Targuments:list(type),min=0; attr=output_types:list(type),min=1; attr=output_shapes:list(shape),min=1; attr=use_inter_op_parallelism:bool,default=true; attr=preserve_cardinality:bool,default=false; attr=force_synchronous:bool,default=false; attr=metadata:string,default=""> This may be expected if your graph generating binary is newer  than this binary. Unknown attributes will be ignored. NodeDef: {{node ParallelMapDatasetV2/_14}}
/dcs/23/u5514578/cs310/y3p/venv/lib64/python3.9/site-packages/sklearn/metrics/_ranking.py:993: UserWarning: No positive class found in y_true, recall is set to one for all thresholds.
  warnings.warn(
/dcs/23/u5514578/cs310/y3p/venv/lib64/python3.9/site-packages/sklearn/metrics/_classification.py:2981: UserWarning: The y_pred values do not sum to one. Starting from 1.5 thiswill result in an error.
  warnings.warn(
2026-03-23 15:32:28.071637: E tensorflow/core/framework/node_def_util.cc:680] NodeDef mentions attribute use_unbounded_threadpool which is not in the op definition: Op<name=MapDataset; signature=input_dataset:variant, other_arguments: -> handle:variant; attr=f:func; attr=Targuments:list(type),min=0; attr=output_types:list(type),min=1; attr=output_shapes:list(shape),min=1; attr=use_inter_op_parallelism:bool,default=true; attr=preserve_cardinality:bool,default=false; attr=force_synchronous:bool,default=false; attr=metadata:string,default=""> This may be expected if your graph generating binary is newer  than this binary. Unknown attributes will be ignored. NodeDef: {{node ParallelMapDatasetV2/_14}}
/dcs/23/u5514578/cs310/y3p/venv/lib64/python3.9/site-packages/sklearn/metrics/_classification.py:2981: UserWarning: The y_pred values do not sum to one. Starting from 1.5 thiswill result in an error.
  warnings.warn(
