2026-03-23 15:29:51.524415: I tensorflow/core/util/port.cc:153] oneDNN custom operations are on. You may see slightly different numerical results due to floating-point round-off errors from different computation orders. To turn them off, set the environment variable `TF_ENABLE_ONEDNN_OPTS=0`.
2026-03-23 15:29:51.555957: I tensorflow/core/platform/cpu_feature_guard.cc:210] This TensorFlow binary is optimized to use available CPU instructions in performance-critical operations.
To enable the following instructions: AVX2 AVX512F AVX512_VNNI AVX512_BF16 AVX_VNNI FMA, in other operations, rebuild TensorFlow with the appropriate compiler flags.
2026-03-23 15:29:53.446925: I tensorflow/core/util/port.cc:153] oneDNN custom operations are on. You may see slightly different numerical results due to floating-point round-off errors from different computation orders. To turn them off, set the environment variable `TF_ENABLE_ONEDNN_OPTS=0`.
2026-03-23 15:29:55.596575: I tensorflow/core/util/port.cc:153] oneDNN custom operations are on. You may see slightly different numerical results due to floating-point round-off errors from different computation orders. To turn them off, set the environment variable `TF_ENABLE_ONEDNN_OPTS=0`.
2026-03-23 15:29:55.636285: I tensorflow/core/platform/cpu_feature_guard.cc:210] This TensorFlow binary is optimized to use available CPU instructions in performance-critical operations.
To enable the following instructions: AVX2 AVX512F AVX512_VNNI AVX512_BF16 AVX_VNNI FMA, in other operations, rebuild TensorFlow with the appropriate compiler flags.
2026-03-23 15:29:56.866840: I tensorflow/core/util/port.cc:153] oneDNN custom operations are on. You may see slightly different numerical results due to floating-point round-off errors from different computation orders. To turn them off, set the environment variable `TF_ENABLE_ONEDNN_OPTS=0`.
/dcs/23/u5514578/cs310/y3p/src/utils/base_ablation_eval.py:310: UserWarning: load_stage2_dataset dropped 21 rows with missing y_compound.
  df_raw = load_stage2_dataset(args.data_path)
/dcs/23/u5514578/cs310/y3p/venv/lib64/python3.9/site-packages/sklearn/metrics/_classification.py:2981: UserWarning: The y_pred values do not sum to one. Starting from 1.5 thiswill result in an error.
  warnings.warn(
/dcs/23/u5514578/cs310/y3p/venv/lib64/python3.9/site-packages/sklearn/metrics/_classification.py:2981: UserWarning: The y_pred values do not sum to one. Starting from 1.5 thiswill result in an error.
  warnings.warn(
/dcs/23/u5514578/cs310/y3p/venv/lib64/python3.9/site-packages/sklearn/metrics/_classification.py:2981: UserWarning: The y_pred values do not sum to one. Starting from 1.5 thiswill result in an error.
  warnings.warn(
/dcs/23/u5514578/cs310/y3p/venv/lib64/python3.9/site-packages/sklearn/metrics/_ranking.py:993: UserWarning: No positive class found in y_true, recall is set to one for all thresholds.
  warnings.warn(
/dcs/23/u5514578/cs310/y3p/venv/lib64/python3.9/site-packages/sklearn/metrics/_classification.py:2981: UserWarning: The y_pred values do not sum to one. Starting from 1.5 thiswill result in an error.
  warnings.warn(
/dcs/23/u5514578/cs310/y3p/venv/lib64/python3.9/site-packages/sklearn/metrics/_classification.py:2981: UserWarning: The y_pred values do not sum to one. Starting from 1.5 thiswill result in an error.
  warnings.warn(
/dcs/23/u5514578/cs310/y3p/venv/lib64/python3.9/site-packages/sklearn/metrics/_classification.py:2981: UserWarning: The y_pred values do not sum to one. Starting from 1.5 thiswill result in an error.
  warnings.warn(
/dcs/23/u5514578/cs310/y3p/venv/lib64/python3.9/site-packages/sklearn/metrics/_classification.py:2981: UserWarning: The y_pred values do not sum to one. Starting from 1.5 thiswill result in an error.
  warnings.warn(
/dcs/23/u5514578/cs310/y3p/venv/lib64/python3.9/site-packages/sklearn/metrics/_classification.py:2981: UserWarning: The y_pred values do not sum to one. Starting from 1.5 thiswill result in an error.
  warnings.warn(
/dcs/23/u5514578/cs310/y3p/venv/lib64/python3.9/site-packages/sklearn/metrics/_ranking.py:993: UserWarning: No positive class found in y_true, recall is set to one for all thresholds.
  warnings.warn(
/dcs/23/u5514578/cs310/y3p/venv/lib64/python3.9/site-packages/sklearn/metrics/_classification.py:2981: UserWarning: The y_pred values do not sum to one. Starting from 1.5 thiswill result in an error.
  warnings.warn(
/dcs/23/u5514578/cs310/y3p/venv/lib64/python3.9/site-packages/sklearn/metrics/_classification.py:2981: UserWarning: The y_pred values do not sum to one. Starting from 1.5 thiswill result in an error.
  warnings.warn(
/dcs/23/u5514578/cs310/y3p/venv/lib64/python3.9/site-packages/sklearn/metrics/_classification.py:2981: UserWarning: The y_pred values do not sum to one. Starting from 1.5 thiswill result in an error.
  warnings.warn(
/dcs/23/u5514578/cs310/y3p/venv/lib64/python3.9/site-packages/sklearn/metrics/_classification.py:2981: UserWarning: The y_pred values do not sum to one. Starting from 1.5 thiswill result in an error.
  warnings.warn(
/dcs/23/u5514578/cs310/y3p/venv/lib64/python3.9/site-packages/sklearn/metrics/_classification.py:2981: UserWarning: The y_pred values do not sum to one. Starting from 1.5 thiswill result in an error.
  warnings.warn(
/dcs/23/u5514578/cs310/y3p/venv/lib64/python3.9/site-packages/sklearn/metrics/_ranking.py:993: UserWarning: No positive class found in y_true, recall is set to one for all thresholds.
  warnings.warn(
/dcs/23/u5514578/cs310/y3p/venv/lib64/python3.9/site-packages/sklearn/metrics/_classification.py:2981: UserWarning: The y_pred values do not sum to one. Starting from 1.5 thiswill result in an error.
  warnings.warn(
/dcs/23/u5514578/cs310/y3p/venv/lib64/python3.9/site-packages/sklearn/metrics/_classification.py:2981: UserWarning: The y_pred values do not sum to one. Starting from 1.5 thiswill result in an error.
  warnings.warn(
/dcs/23/u5514578/cs310/y3p/venv/lib64/python3.9/site-packages/sklearn/metrics/_ranking.py:993: UserWarning: No positive class found in y_true, recall is set to one for all thresholds.
  warnings.warn(
/dcs/23/u5514578/cs310/y3p/venv/lib64/python3.9/site-packages/sklearn/metrics/_classification.py:2981: UserWarning: The y_pred values do not sum to one. Starting from 1.5 thiswill result in an error.
  warnings.warn(
/dcs/23/u5514578/cs310/y3p/venv/lib64/python3.9/site-packages/sklearn/metrics/_classification.py:2981: UserWarning: The y_pred values do not sum to one. Starting from 1.5 thiswill result in an error.
  warnings.warn(
/dcs/23/u5514578/cs310/y3p/venv/lib64/python3.9/site-packages/sklearn/metrics/_classification.py:2981: UserWarning: The y_pred values do not sum to one. Starting from 1.5 thiswill result in an error.
  warnings.warn(
/dcs/23/u5514578/cs310/y3p/venv/lib64/python3.9/site-packages/sklearn/metrics/_classification.py:2981: UserWarning: The y_pred values do not sum to one. Starting from 1.5 thiswill result in an error.
  warnings.warn(
/dcs/23/u5514578/cs310/y3p/venv/lib64/python3.9/site-packages/sklearn/metrics/_ranking.py:993: UserWarning: No positive class found in y_true, recall is set to one for all thresholds.
  warnings.warn(
/dcs/23/u5514578/cs310/y3p/venv/lib64/python3.9/site-packages/sklearn/metrics/_classification.py:2981: UserWarning: The y_pred values do not sum to one. Starting from 1.5 thiswill result in an error.
  warnings.warn(
/dcs/23/u5514578/cs310/y3p/venv/lib64/python3.9/site-packages/sklearn/metrics/_classification.py:2981: UserWarning: The y_pred values do not sum to one. Starting from 1.5 thiswill result in an error.
  warnings.warn(
/dcs/23/u5514578/cs310/y3p/venv/lib64/python3.9/site-packages/sklearn/metrics/_classification.py:2981: UserWarning: The y_pred values do not sum to one. Starting from 1.5 thiswill result in an error.
  warnings.warn(
/dcs/23/u5514578/cs310/y3p/venv/lib64/python3.9/site-packages/sklearn/metrics/_ranking.py:993: UserWarning: No positive class found in y_true, recall is set to one for all thresholds.
  warnings.warn(
/dcs/23/u5514578/cs310/y3p/venv/lib64/python3.9/site-packages/sklearn/metrics/_classification.py:2981: UserWarning: The y_pred values do not sum to one. Starting from 1.5 thiswill result in an error.
  warnings.warn(
/dcs/23/u5514578/cs310/y3p/venv/lib64/python3.9/site-packages/sklearn/metrics/_classification.py:2981: UserWarning: The y_pred values do not sum to one. Starting from 1.5 thiswill result in an error.
  warnings.warn(
/dcs/23/u5514578/cs310/y3p/venv/lib64/python3.9/site-packages/sklearn/metrics/_classification.py:2981: UserWarning: The y_pred values do not sum to one. Starting from 1.5 thiswill result in an error.
  warnings.warn(
/dcs/23/u5514578/cs310/y3p/venv/lib64/python3.9/site-packages/sklearn/metrics/_classification.py:2981: UserWarning: The y_pred values do not sum to one. Starting from 1.5 thiswill result in an error.
  warnings.warn(
/dcs/23/u5514578/cs310/y3p/venv/lib64/python3.9/site-packages/sklearn/metrics/_ranking.py:993: UserWarning: No positive class found in y_true, recall is set to one for all thresholds.
  warnings.warn(
/dcs/23/u5514578/cs310/y3p/venv/lib64/python3.9/site-packages/sklearn/metrics/_classification.py:2981: UserWarning: The y_pred values do not sum to one. Starting from 1.5 thiswill result in an error.
  warnings.warn(
/dcs/23/u5514578/cs310/y3p/venv/lib64/python3.9/site-packages/sklearn/metrics/_classification.py:2981: UserWarning: The y_pred values do not sum to one. Starting from 1.5 thiswill result in an error.
  warnings.warn(
/dcs/23/u5514578/cs310/y3p/venv/lib64/python3.9/site-packages/sklearn/metrics/_classification.py:2981: UserWarning: The y_pred values do not sum to one. Starting from 1.5 thiswill result in an error.
  warnings.warn(
/dcs/23/u5514578/cs310/y3p/venv/lib64/python3.9/site-packages/sklearn/metrics/_classification.py:2981: UserWarning: The y_pred values do not sum to one. Starting from 1.5 thiswill result in an error.
  warnings.warn(
/dcs/23/u5514578/cs310/y3p/venv/lib64/python3.9/site-packages/sklearn/metrics/_classification.py:2981: UserWarning: The y_pred values do not sum to one. Starting from 1.5 thiswill result in an error.
  warnings.warn(
/dcs/23/u5514578/cs310/y3p/venv/lib64/python3.9/site-packages/sklearn/metrics/_ranking.py:993: UserWarning: No positive class found in y_true, recall is set to one for all thresholds.
  warnings.warn(
/dcs/23/u5514578/cs310/y3p/venv/lib64/python3.9/site-packages/sklearn/metrics/_classification.py:2981: UserWarning: The y_pred values do not sum to one. Starting from 1.5 thiswill result in an error.
  warnings.warn(
/dcs/23/u5514578/cs310/y3p/venv/lib64/python3.9/site-packages/sklearn/metrics/_classification.py:2981: UserWarning: The y_pred values do not sum to one. Starting from 1.5 thiswill result in an error.
  warnings.warn(
/dcs/23/u5514578/cs310/y3p/venv/lib64/python3.9/site-packages/sklearn/metrics/_classification.py:2981: UserWarning: The y_pred values do not sum to one. Starting from 1.5 thiswill result in an error.
  warnings.warn(
/dcs/23/u5514578/cs310/y3p/venv/lib64/python3.9/site-packages/sklearn/metrics/_classification.py:2981: UserWarning: The y_pred values do not sum to one. Starting from 1.5 thiswill result in an error.
  warnings.warn(
/dcs/23/u5514578/cs310/y3p/venv/lib64/python3.9/site-packages/sklearn/metrics/_classification.py:2981: UserWarning: The y_pred values do not sum to one. Starting from 1.5 thiswill result in an error.
  warnings.warn(
/dcs/23/u5514578/cs310/y3p/venv/lib64/python3.9/site-packages/sklearn/metrics/_ranking.py:993: UserWarning: No positive class found in y_true, recall is set to one for all thresholds.
  warnings.warn(
/dcs/23/u5514578/cs310/y3p/venv/lib64/python3.9/site-packages/sklearn/metrics/_classification.py:2981: UserWarning: The y_pred values do not sum to one. Starting from 1.5 thiswill result in an error.
  warnings.warn(
/dcs/23/u5514578/cs310/y3p/venv/lib64/python3.9/site-packages/sklearn/metrics/_classification.py:2981: UserWarning: The y_pred values do not sum to one. Starting from 1.5 thiswill result in an error.
  warnings.warn(
/dcs/23/u5514578/cs310/y3p/venv/lib64/python3.9/site-packages/sklearn/metrics/_classification.py:2981: UserWarning: The y_pred values do not sum to one. Starting from 1.5 thiswill result in an error.
  warnings.warn(
/dcs/23/u5514578/cs310/y3p/venv/lib64/python3.9/site-packages/sklearn/metrics/_classification.py:2981: UserWarning: The y_pred values do not sum to one. Starting from 1.5 thiswill result in an error.
  warnings.warn(
/dcs/23/u5514578/cs310/y3p/venv/lib64/python3.9/site-packages/sklearn/metrics/_classification.py:2981: UserWarning: The y_pred values do not sum to one. Starting from 1.5 thiswill result in an error.
  warnings.warn(
/dcs/23/u5514578/cs310/y3p/venv/lib64/python3.9/site-packages/sklearn/metrics/_ranking.py:993: UserWarning: No positive class found in y_true, recall is set to one for all thresholds.
  warnings.warn(
/dcs/23/u5514578/cs310/y3p/venv/lib64/python3.9/site-packages/sklearn/metrics/_classification.py:2981: UserWarning: The y_pred values do not sum to one. Starting from 1.5 thiswill result in an error.
  warnings.warn(
/dcs/23/u5514578/cs310/y3p/venv/lib64/python3.9/site-packages/sklearn/metrics/_classification.py:2981: UserWarning: The y_pred values do not sum to one. Starting from 1.5 thiswill result in an error.
  warnings.warn(
/dcs/23/u5514578/cs310/y3p/venv/lib64/python3.9/site-packages/sklearn/metrics/_classification.py:2981: UserWarning: The y_pred values do not sum to one. Starting from 1.5 thiswill result in an error.
  warnings.warn(
/dcs/23/u5514578/cs310/y3p/venv/lib64/python3.9/site-packages/sklearn/metrics/_classification.py:2981: UserWarning: The y_pred values do not sum to one. Starting from 1.5 thiswill result in an error.
  warnings.warn(
/dcs/23/u5514578/cs310/y3p/venv/lib64/python3.9/site-packages/sklearn/metrics/_classification.py:2981: UserWarning: The y_pred values do not sum to one. Starting from 1.5 thiswill result in an error.
  warnings.warn(
/dcs/23/u5514578/cs310/y3p/venv/lib64/python3.9/site-packages/sklearn/metrics/_ranking.py:993: UserWarning: No positive class found in y_true, recall is set to one for all thresholds.
  warnings.warn(
/dcs/23/u5514578/cs310/y3p/venv/lib64/python3.9/site-packages/sklearn/metrics/_classification.py:2981: UserWarning: The y_pred values do not sum to one. Starting from 1.5 thiswill result in an error.
  warnings.warn(
/dcs/23/u5514578/cs310/y3p/venv/lib64/python3.9/site-packages/sklearn/metrics/_classification.py:2981: UserWarning: The y_pred values do not sum to one. Starting from 1.5 thiswill result in an error.
  warnings.warn(
/dcs/23/u5514578/cs310/y3p/venv/lib64/python3.9/site-packages/sklearn/metrics/_classification.py:2981: UserWarning: The y_pred values do not sum to one. Starting from 1.5 thiswill result in an error.
  warnings.warn(
/dcs/23/u5514578/cs310/y3p/venv/lib64/python3.9/site-packages/sklearn/metrics/_classification.py:2981: UserWarning: The y_pred values do not sum to one. Starting from 1.5 thiswill result in an error.
  warnings.warn(
/dcs/23/u5514578/cs310/y3p/venv/lib64/python3.9/site-packages/sklearn/metrics/_classification.py:2981: UserWarning: The y_pred values do not sum to one. Starting from 1.5 thiswill result in an error.
  warnings.warn(
/dcs/23/u5514578/cs310/y3p/venv/lib64/python3.9/site-packages/sklearn/metrics/_ranking.py:993: UserWarning: No positive class found in y_true, recall is set to one for all thresholds.
  warnings.warn(
/dcs/23/u5514578/cs310/y3p/venv/lib64/python3.9/site-packages/sklearn/metrics/_classification.py:2981: UserWarning: The y_pred values do not sum to one. Starting from 1.5 thiswill result in an error.
  warnings.warn(
/dcs/23/u5514578/cs310/y3p/venv/lib64/python3.9/site-packages/sklearn/metrics/_classification.py:2981: UserWarning: The y_pred values do not sum to one. Starting from 1.5 thiswill result in an error.
  warnings.warn(
/dcs/23/u5514578/cs310/y3p/venv/lib64/python3.9/site-packages/sklearn/metrics/_classification.py:2981: UserWarning: The y_pred values do not sum to one. Starting from 1.5 thiswill result in an error.
  warnings.warn(
/dcs/23/u5514578/cs310/y3p/venv/lib64/python3.9/site-packages/sklearn/metrics/_classification.py:2981: UserWarning: The y_pred values do not sum to one. Starting from 1.5 thiswill result in an error.
  warnings.warn(
/dcs/23/u5514578/cs310/y3p/venv/lib64/python3.9/site-packages/sklearn/metrics/_classification.py:2981: UserWarning: The y_pred values do not sum to one. Starting from 1.5 thiswill result in an error.
  warnings.warn(
/dcs/23/u5514578/cs310/y3p/venv/lib64/python3.9/site-packages/sklearn/metrics/_ranking.py:993: UserWarning: No positive class found in y_true, recall is set to one for all thresholds.
  warnings.warn(
/dcs/23/u5514578/cs310/y3p/venv/lib64/python3.9/site-packages/sklearn/metrics/_classification.py:2981: UserWarning: The y_pred values do not sum to one. Starting from 1.5 thiswill result in an error.
  warnings.warn(
/dcs/23/u5514578/cs310/y3p/venv/lib64/python3.9/site-packages/sklearn/metrics/_classification.py:2981: UserWarning: The y_pred values do not sum to one. Starting from 1.5 thiswill result in an error.
  warnings.warn(
/dcs/23/u5514578/cs310/y3p/venv/lib64/python3.9/site-packages/sklearn/metrics/_classification.py:2981: UserWarning: The y_pred values do not sum to one. Starting from 1.5 thiswill result in an error.
  warnings.warn(
/dcs/23/u5514578/cs310/y3p/venv/lib64/python3.9/site-packages/sklearn/metrics/_classification.py:2981: UserWarning: The y_pred values do not sum to one. Starting from 1.5 thiswill result in an error.
  warnings.warn(
/dcs/23/u5514578/cs310/y3p/venv/lib64/python3.9/site-packages/sklearn/metrics/_classification.py:2981: UserWarning: The y_pred values do not sum to one. Starting from 1.5 thiswill result in an error.
  warnings.warn(
/dcs/23/u5514578/cs310/y3p/venv/lib64/python3.9/site-packages/sklearn/metrics/_ranking.py:993: UserWarning: No positive class found in y_true, recall is set to one for all thresholds.
  warnings.warn(
/dcs/23/u5514578/cs310/y3p/venv/lib64/python3.9/site-packages/sklearn/metrics/_classification.py:2981: UserWarning: The y_pred values do not sum to one. Starting from 1.5 thiswill result in an error.
  warnings.warn(
/dcs/23/u5514578/cs310/y3p/venv/lib64/python3.9/site-packages/sklearn/metrics/_classification.py:2981: UserWarning: The y_pred values do not sum to one. Starting from 1.5 thiswill result in an error.
  warnings.warn(
/dcs/23/u5514578/cs310/y3p/venv/lib64/python3.9/site-packages/sklearn/metrics/_classification.py:2981: UserWarning: The y_pred values do not sum to one. Starting from 1.5 thiswill result in an error.
  warnings.warn(
/dcs/23/u5514578/cs310/y3p/venv/lib64/python3.9/site-packages/sklearn/metrics/_classification.py:2981: UserWarning: The y_pred values do not sum to one. Starting from 1.5 thiswill result in an error.
  warnings.warn(
/dcs/23/u5514578/cs310/y3p/venv/lib64/python3.9/site-packages/sklearn/metrics/_classification.py:2981: UserWarning: The y_pred values do not sum to one. Starting from 1.5 thiswill result in an error.
  warnings.warn(
/dcs/23/u5514578/cs310/y3p/venv/lib64/python3.9/site-packages/sklearn/metrics/_ranking.py:993: UserWarning: No positive class found in y_true, recall is set to one for all thresholds.
  warnings.warn(
/dcs/23/u5514578/cs310/y3p/venv/lib64/python3.9/site-packages/sklearn/metrics/_classification.py:2981: UserWarning: The y_pred values do not sum to one. Starting from 1.5 thiswill result in an error.
  warnings.warn(
/dcs/23/u5514578/cs310/y3p/venv/lib64/python3.9/site-packages/sklearn/metrics/_classification.py:2981: UserWarning: The y_pred values do not sum to one. Starting from 1.5 thiswill result in an error.
  warnings.warn(
/dcs/23/u5514578/cs310/y3p/venv/lib64/python3.9/site-packages/sklearn/metrics/_classification.py:2981: UserWarning: The y_pred values do not sum to one. Starting from 1.5 thiswill result in an error.
  warnings.warn(
/dcs/23/u5514578/cs310/y3p/venv/lib64/python3.9/site-packages/sklearn/metrics/_classification.py:2981: UserWarning: The y_pred values do not sum to one. Starting from 1.5 thiswill result in an error.
  warnings.warn(
/dcs/23/u5514578/cs310/y3p/venv/lib64/python3.9/site-packages/sklearn/metrics/_classification.py:2981: UserWarning: The y_pred values do not sum to one. Starting from 1.5 thiswill result in an error.
  warnings.warn(
/dcs/23/u5514578/cs310/y3p/venv/lib64/python3.9/site-packages/sklearn/metrics/_ranking.py:993: UserWarning: No positive class found in y_true, recall is set to one for all thresholds.
  warnings.warn(
/dcs/23/u5514578/cs310/y3p/venv/lib64/python3.9/site-packages/sklearn/metrics/_classification.py:2981: UserWarning: The y_pred values do not sum to one. Starting from 1.5 thiswill result in an error.
  warnings.warn(
/dcs/23/u5514578/cs310/y3p/venv/lib64/python3.9/site-packages/sklearn/metrics/_classification.py:2981: UserWarning: The y_pred values do not sum to one. Starting from 1.5 thiswill result in an error.
  warnings.warn(
/dcs/23/u5514578/cs310/y3p/venv/lib64/python3.9/site-packages/sklearn/metrics/_ranking.py:993: UserWarning: No positive class found in y_true, recall is set to one for all thresholds.
  warnings.warn(
/dcs/23/u5514578/cs310/y3p/venv/lib64/python3.9/site-packages/sklearn/metrics/_ranking.py:993: UserWarning: No positive class found in y_true, recall is set to one for all thresholds.
  warnings.warn(
/dcs/23/u5514578/cs310/y3p/venv/lib64/python3.9/site-packages/sklearn/metrics/_ranking.py:993: UserWarning: No positive class found in y_true, recall is set to one for all thresholds.
  warnings.warn(
/dcs/23/u5514578/cs310/y3p/venv/lib64/python3.9/site-packages/sklearn/metrics/_ranking.py:993: UserWarning: No positive class found in y_true, recall is set to one for all thresholds.
  warnings.warn(
/dcs/23/u5514578/cs310/y3p/venv/lib64/python3.9/site-packages/sklearn/metrics/_ranking.py:993: UserWarning: No positive class found in y_true, recall is set to one for all thresholds.
  warnings.warn(
/dcs/23/u5514578/cs310/y3p/venv/lib64/python3.9/site-packages/sklearn/metrics/_ranking.py:993: UserWarning: No positive class found in y_true, recall is set to one for all thresholds.
  warnings.warn(
/dcs/23/u5514578/cs310/y3p/venv/lib64/python3.9/site-packages/sklearn/metrics/_ranking.py:993: UserWarning: No positive class found in y_true, recall is set to one for all thresholds.
  warnings.warn(
/dcs/23/u5514578/cs310/y3p/venv/lib64/python3.9/site-packages/sklearn/metrics/_ranking.py:993: UserWarning: No positive class found in y_true, recall is set to one for all thresholds.
  warnings.warn(
2026-03-23 15:31:48.774459: E external/local_xla/xla/stream_executor/cuda/cuda_platform.cc:51] failed call to cuInit: INTERNAL: CUDA error: Failed call to cuInit: UNKNOWN ERROR (303)
2026-03-23 15:31:49.096502: E tensorflow/core/framework/node_def_util.cc:680] NodeDef mentions attribute use_unbounded_threadpool which is not in the op definition: Op<name=MapDataset; signature=input_dataset:variant, other_arguments: -> handle:variant; attr=f:func; attr=Targuments:list(type),min=0; attr=output_types:list(type),min=1; attr=output_shapes:list(shape),min=1; attr=use_inter_op_parallelism:bool,default=true; attr=preserve_cardinality:bool,default=false; attr=force_synchronous:bool,default=false; attr=metadata:string,default=""> This may be expected if your graph generating binary is newer  than this binary. Unknown attributes will be ignored. NodeDef: {{node ParallelMapDatasetV2/_15}}
2026-03-23 15:31:55.412822: E tensorflow/core/framework/node_def_util.cc:680] NodeDef mentions attribute use_unbounded_threadpool which is not in the op definition: Op<name=MapDataset; signature=input_dataset:variant, other_arguments: -> handle:variant; attr=f:func; attr=Targuments:list(type),min=0; attr=output_types:list(type),min=1; attr=output_shapes:list(shape),min=1; attr=use_inter_op_parallelism:bool,default=true; attr=preserve_cardinality:bool,default=false; attr=force_synchronous:bool,default=false; attr=metadata:string,default=""> This may be expected if your graph generating binary is newer  than this binary. Unknown attributes will be ignored. NodeDef: {{node ParallelMapDatasetV2/_14}}
/dcs/23/u5514578/cs310/y3p/venv/lib64/python3.9/site-packages/sklearn/metrics/_classification.py:2981: UserWarning: The y_pred values do not sum to one. Starting from 1.5 thiswill result in an error.
  warnings.warn(
2026-03-23 15:32:08.681727: E tensorflow/core/framework/node_def_util.cc:680] NodeDef mentions attribute use_unbounded_threadpool which is not in the op definition: Op<name=MapDataset; signature=input_dataset:variant, other_arguments: -> handle:variant; attr=f:func; attr=Targuments:list(type),min=0; attr=output_types:list(type),min=1; attr=output_shapes:list(shape),min=1; attr=use_inter_op_parallelism:bool,default=true; attr=preserve_cardinality:bool,default=false; attr=force_synchronous:bool,default=false; attr=metadata:string,default=""> This may be expected if your graph generating binary is newer  than this binary. Unknown attributes will be ignored. NodeDef: {{node ParallelMapDatasetV2/_14}}
/dcs/23/u5514578/cs310/y3p/venv/lib64/python3.9/site-packages/sklearn/metrics/_classification.py:2981: UserWarning: The y_pred values do not sum to one. Starting from 1.5 thiswill result in an error.
  warnings.warn(
2026-03-23 15:32:18.355851: E tensorflow/core/framework/node_def_util.cc:680] NodeDef mentions attribute use_unbounded_threadpool which is not in the op definition: Op<name=MapDataset; signature=input_dataset:variant, other_arguments: -> handle:variant; attr=f:func; attr=Targuments:list(type),min=0; attr=output_types:list(type),min=1; attr=output_shapes:list(shape),min=1; attr=use_inter_op_parallelism:bool,default=true; attr=preserve_cardinality:bool,default=false; attr=force_synchronous:bool,default=false; attr=metadata:string,default=""> This may be expected if your graph generating binary is newer  than this binary. Unknown attributes will be ignored. NodeDef: {{node ParallelMapDatasetV2/_14}}
WARNING:tensorflow:5 out of the last 15 calls to <function TensorFlowTrainer.make_predict_function.<locals>.one_step_on_data_distributed at 0x7f8c52db4e50> triggered tf.function retracing. Tracing is expensive and the excessive number of tracings could be due to (1) creating @tf.function repeatedly in a loop, (2) passing tensors with different shapes, (3) passing Python objects instead of tensors. For (1), please define your @tf.function outside of the loop. For (2), @tf.function has reduce_retracing=True option that can avoid unnecessary retracing. For (3), please refer to https://www.tensorflow.org/guide/function#controlling_retracing and https://www.tensorflow.org/api_docs/python/tf/function for  more details.
/dcs/23/u5514578/cs310/y3p/venv/lib64/python3.9/site-packages/sklearn/metrics/_classification.py:2981: UserWarning: The y_pred values do not sum to one. Starting from 1.5 thiswill result in an error.
  warnings.warn(
2026-03-23 15:32:27.620823: E tensorflow/core/framework/node_def_util.cc:680] NodeDef mentions attribute use_unbounded_threadpool which is not in the op definition: Op<name=MapDataset; signature=input_dataset:variant, other_arguments: -> handle:variant; attr=f:func; attr=Targuments:list(type),min=0; attr=output_types:list(type),min=1; attr=output_shapes:list(shape),min=1; attr=use_inter_op_parallelism:bool,default=true; attr=preserve_cardinality:bool,default=false; attr=force_synchronous:bool,default=false; attr=metadata:string,default=""> This may be expected if your graph generating binary is newer  than this binary. Unknown attributes will be ignored. NodeDef: {{node ParallelMapDatasetV2/_14}}
WARNING:tensorflow:5 out of the last 15 calls to <function TensorFlowTrainer.make_predict_function.<locals>.one_step_on_data_distributed at 0x7f8c506cfdc0> triggered tf.function retracing. Tracing is expensive and the excessive number of tracings could be due to (1) creating @tf.function repeatedly in a loop, (2) passing tensors with different shapes, (3) passing Python objects instead of tensors. For (1), please define your @tf.function outside of the loop. For (2), @tf.function has reduce_retracing=True option that can avoid unnecessary retracing. For (3), please refer to https://www.tensorflow.org/guide/function#controlling_retracing and https://www.tensorflow.org/api_docs/python/tf/function for  more details.
/dcs/23/u5514578/cs310/y3p/venv/lib64/python3.9/site-packages/sklearn/metrics/_ranking.py:993: UserWarning: No positive class found in y_true, recall is set to one for all thresholds.
  warnings.warn(
/dcs/23/u5514578/cs310/y3p/venv/lib64/python3.9/site-packages/sklearn/metrics/_classification.py:2981: UserWarning: The y_pred values do not sum to one. Starting from 1.5 thiswill result in an error.
  warnings.warn(
2026-03-23 15:32:38.132574: E tensorflow/core/framework/node_def_util.cc:680] NodeDef mentions attribute use_unbounded_threadpool which is not in the op definition: Op<name=MapDataset; signature=input_dataset:variant, other_arguments: -> handle:variant; attr=f:func; attr=Targuments:list(type),min=0; attr=output_types:list(type),min=1; attr=output_shapes:list(shape),min=1; attr=use_inter_op_parallelism:bool,default=true; attr=preserve_cardinality:bool,default=false; attr=force_synchronous:bool,default=false; attr=metadata:string,default=""> This may be expected if your graph generating binary is newer  than this binary. Unknown attributes will be ignored. NodeDef: {{node ParallelMapDatasetV2/_14}}
/dcs/23/u5514578/cs310/y3p/venv/lib64/python3.9/site-packages/sklearn/metrics/_classification.py:2981: UserWarning: The y_pred values do not sum to one. Starting from 1.5 thiswill result in an error.
  warnings.warn(
2026-03-23 15:32:45.282371: E tensorflow/core/framework/node_def_util.cc:680] NodeDef mentions attribute use_unbounded_threadpool which is not in the op definition: Op<name=MapDataset; signature=input_dataset:variant, other_arguments: -> handle:variant; attr=f:func; attr=Targuments:list(type),min=0; attr=output_types:list(type),min=1; attr=output_shapes:list(shape),min=1; attr=use_inter_op_parallelism:bool,default=true; attr=preserve_cardinality:bool,default=false; attr=force_synchronous:bool,default=false; attr=metadata:string,default=""> This may be expected if your graph generating binary is newer  than this binary. Unknown attributes will be ignored. NodeDef: {{node ParallelMapDatasetV2/_14}}
/dcs/23/u5514578/cs310/y3p/venv/lib64/python3.9/site-packages/sklearn/metrics/_classification.py:2981: UserWarning: The y_pred values do not sum to one. Starting from 1.5 thiswill result in an error.
  warnings.warn(
2026-03-23 15:32:53.336146: E tensorflow/core/framework/node_def_util.cc:680] NodeDef mentions attribute use_unbounded_threadpool which is not in the op definition: Op<name=MapDataset; signature=input_dataset:variant, other_arguments: -> handle:variant; attr=f:func; attr=Targuments:list(type),min=0; attr=output_types:list(type),min=1; attr=output_shapes:list(shape),min=1; attr=use_inter_op_parallelism:bool,default=true; attr=preserve_cardinality:bool,default=false; attr=force_synchronous:bool,default=false; attr=metadata:string,default=""> This may be expected if your graph generating binary is newer  than this binary. Unknown attributes will be ignored. NodeDef: {{node ParallelMapDatasetV2/_14}}
/dcs/23/u5514578/cs310/y3p/venv/lib64/python3.9/site-packages/sklearn/metrics/_classification.py:2981: UserWarning: The y_pred values do not sum to one. Starting from 1.5 thiswill result in an error.
  warnings.warn(
2026-03-23 15:33:04.562760: E tensorflow/core/framework/node_def_util.cc:680] NodeDef mentions attribute use_unbounded_threadpool which is not in the op definition: Op<name=MapDataset; signature=input_dataset:variant, other_arguments: -> handle:variant; attr=f:func; attr=Targuments:list(type),min=0; attr=output_types:list(type),min=1; attr=output_shapes:list(shape),min=1; attr=use_inter_op_parallelism:bool,default=true; attr=preserve_cardinality:bool,default=false; attr=force_synchronous:bool,default=false; attr=metadata:string,default=""> This may be expected if your graph generating binary is newer  than this binary. Unknown attributes will be ignored. NodeDef: {{node ParallelMapDatasetV2/_14}}
/dcs/23/u5514578/cs310/y3p/venv/lib64/python3.9/site-packages/sklearn/metrics/_classification.py:2981: UserWarning: The y_pred values do not sum to one. Starting from 1.5 thiswill result in an error.
  warnings.warn(
2026-03-23 15:33:17.241892: E tensorflow/core/framework/node_def_util.cc:680] NodeDef mentions attribute use_unbounded_threadpool which is not in the op definition: Op<name=MapDataset; signature=input_dataset:variant, other_arguments: -> handle:variant; attr=f:func; attr=Targuments:list(type),min=0; attr=output_types:list(type),min=1; attr=output_shapes:list(shape),min=1; attr=use_inter_op_parallelism:bool,default=true; attr=preserve_cardinality:bool,default=false; attr=force_synchronous:bool,default=false; attr=metadata:string,default=""> This may be expected if your graph generating binary is newer  than this binary. Unknown attributes will be ignored. NodeDef: {{node ParallelMapDatasetV2/_14}}
/dcs/23/u5514578/cs310/y3p/venv/lib64/python3.9/site-packages/sklearn/metrics/_ranking.py:993: UserWarning: No positive class found in y_true, recall is set to one for all thresholds.
  warnings.warn(
/dcs/23/u5514578/cs310/y3p/venv/lib64/python3.9/site-packages/sklearn/metrics/_classification.py:2981: UserWarning: The y_pred values do not sum to one. Starting from 1.5 thiswill result in an error.
  warnings.warn(
2026-03-23 15:33:25.745964: E tensorflow/core/framework/node_def_util.cc:680] NodeDef mentions attribute use_unbounded_threadpool which is not in the op definition: Op<name=MapDataset; signature=input_dataset:variant, other_arguments: -> handle:variant; attr=f:func; attr=Targuments:list(type),min=0; attr=output_types:list(type),min=1; attr=output_shapes:list(shape),min=1; attr=use_inter_op_parallelism:bool,default=true; attr=preserve_cardinality:bool,default=false; attr=force_synchronous:bool,default=false; attr=metadata:string,default=""> This may be expected if your graph generating binary is newer  than this binary. Unknown attributes will be ignored. NodeDef: {{node ParallelMapDatasetV2/_14}}
/dcs/23/u5514578/cs310/y3p/venv/lib64/python3.9/site-packages/sklearn/metrics/_classification.py:2981: UserWarning: The y_pred values do not sum to one. Starting from 1.5 thiswill result in an error.
  warnings.warn(
2026-03-23 15:33:30.750656: E tensorflow/core/framework/node_def_util.cc:680] NodeDef mentions attribute use_unbounded_threadpool which is not in the op definition: Op<name=MapDataset; signature=input_dataset:variant, other_arguments: -> handle:variant; attr=f:func; attr=Targuments:list(type),min=0; attr=output_types:list(type),min=1; attr=output_shapes:list(shape),min=1; attr=use_inter_op_parallelism:bool,default=true; attr=preserve_cardinality:bool,default=false; attr=force_synchronous:bool,default=false; attr=metadata:string,default=""> This may be expected if your graph generating binary is newer  than this binary. Unknown attributes will be ignored. NodeDef: {{node ParallelMapDatasetV2/_15}}
/dcs/23/u5514578/cs310/y3p/venv/lib64/python3.9/site-packages/sklearn/metrics/_classification.py:2981: UserWarning: The y_pred values do not sum to one. Starting from 1.5 thiswill result in an error.
  warnings.warn(
2026-03-23 15:33:37.462450: E tensorflow/core/framework/node_def_util.cc:680] NodeDef mentions attribute use_unbounded_threadpool which is not in the op definition: Op<name=MapDataset; signature=input_dataset:variant, other_arguments: -> handle:variant; attr=f:func; attr=Targuments:list(type),min=0; attr=output_types:list(type),min=1; attr=output_shapes:list(shape),min=1; attr=use_inter_op_parallelism:bool,default=true; attr=preserve_cardinality:bool,default=false; attr=force_synchronous:bool,default=false; attr=metadata:string,default=""> This may be expected if your graph generating binary is newer  than this binary. Unknown attributes will be ignored. NodeDef: {{node ParallelMapDatasetV2/_15}}
/dcs/23/u5514578/cs310/y3p/venv/lib64/python3.9/site-packages/sklearn/metrics/_classification.py:2981: UserWarning: The y_pred values do not sum to one. Starting from 1.5 thiswill result in an error.
  warnings.warn(
2026-03-23 15:33:45.299660: E tensorflow/core/framework/node_def_util.cc:680] NodeDef mentions attribute use_unbounded_threadpool which is not in the op definition: Op<name=MapDataset; signature=input_dataset:variant, other_arguments: -> handle:variant; attr=f:func; attr=Targuments:list(type),min=0; attr=output_types:list(type),min=1; attr=output_shapes:list(shape),min=1; attr=use_inter_op_parallelism:bool,default=true; attr=preserve_cardinality:bool,default=false; attr=force_synchronous:bool,default=false; attr=metadata:string,default=""> This may be expected if your graph generating binary is newer  than this binary. Unknown attributes will be ignored. NodeDef: {{node ParallelMapDatasetV2/_15}}
/dcs/23/u5514578/cs310/y3p/venv/lib64/python3.9/site-packages/sklearn/metrics/_classification.py:2981: UserWarning: The y_pred values do not sum to one. Starting from 1.5 thiswill result in an error.
  warnings.warn(
2026-03-23 15:33:50.689148: E tensorflow/core/framework/node_def_util.cc:680] NodeDef mentions attribute use_unbounded_threadpool which is not in the op definition: Op<name=MapDataset; signature=input_dataset:variant, other_arguments: -> handle:variant; attr=f:func; attr=Targuments:list(type),min=0; attr=output_types:list(type),min=1; attr=output_shapes:list(shape),min=1; attr=use_inter_op_parallelism:bool,default=true; attr=preserve_cardinality:bool,default=false; attr=force_synchronous:bool,default=false; attr=metadata:string,default=""> This may be expected if your graph generating binary is newer  than this binary. Unknown attributes will be ignored. NodeDef: {{node ParallelMapDatasetV2/_15}}
2026-03-23 15:34:00.727570: E tensorflow/core/framework/node_def_util.cc:680] NodeDef mentions attribute use_unbounded_threadpool which is not in the op definition: Op<name=MapDataset; signature=input_dataset:variant, other_arguments: -> handle:variant; attr=f:func; attr=Targuments:list(type),min=0; attr=output_types:list(type),min=1; attr=output_shapes:list(shape),min=1; attr=use_inter_op_parallelism:bool,default=true; attr=preserve_cardinality:bool,default=false; attr=force_synchronous:bool,default=false; attr=metadata:string,default=""> This may be expected if your graph generating binary is newer  than this binary. Unknown attributes will be ignored. NodeDef: {{node ParallelMapDatasetV2/_14}}
/dcs/23/u5514578/cs310/y3p/venv/lib64/python3.9/site-packages/sklearn/metrics/_ranking.py:993: UserWarning: No positive class found in y_true, recall is set to one for all thresholds.
  warnings.warn(
/dcs/23/u5514578/cs310/y3p/venv/lib64/python3.9/site-packages/sklearn/metrics/_classification.py:2981: UserWarning: The y_pred values do not sum to one. Starting from 1.5 thiswill result in an error.
  warnings.warn(
2026-03-23 15:34:10.954234: E tensorflow/core/framework/node_def_util.cc:680] NodeDef mentions attribute use_unbounded_threadpool which is not in the op definition: Op<name=MapDataset; signature=input_dataset:variant, other_arguments: -> handle:variant; attr=f:func; attr=Targuments:list(type),min=0; attr=output_types:list(type),min=1; attr=output_shapes:list(shape),min=1; attr=use_inter_op_parallelism:bool,default=true; attr=preserve_cardinality:bool,default=false; attr=force_synchronous:bool,default=false; attr=metadata:string,default=""> This may be expected if your graph generating binary is newer  than this binary. Unknown attributes will be ignored. NodeDef: {{node ParallelMapDatasetV2/_14}}
/dcs/23/u5514578/cs310/y3p/venv/lib64/python3.9/site-packages/sklearn/metrics/_classification.py:2981: UserWarning: The y_pred values do not sum to one. Starting from 1.5 thiswill result in an error.
  warnings.warn(
2026-03-23 15:34:17.677662: E tensorflow/core/framework/node_def_util.cc:680] NodeDef mentions attribute use_unbounded_threadpool which is not in the op definition: Op<name=MapDataset; signature=input_dataset:variant, other_arguments: -> handle:variant; attr=f:func; attr=Targuments:list(type),min=0; attr=output_types:list(type),min=1; attr=output_shapes:list(shape),min=1; attr=use_inter_op_parallelism:bool,default=true; attr=preserve_cardinality:bool,default=false; attr=force_synchronous:bool,default=false; attr=metadata:string,default=""> This may be expected if your graph generating binary is newer  than this binary. Unknown attributes will be ignored. NodeDef: {{node ParallelMapDatasetV2/_14}}
/dcs/23/u5514578/cs310/y3p/venv/lib64/python3.9/site-packages/sklearn/metrics/_classification.py:2981: UserWarning: The y_pred values do not sum to one. Starting from 1.5 thiswill result in an error.
  warnings.warn(
2026-03-23 15:34:23.011415: E tensorflow/core/framework/node_def_util.cc:680] NodeDef mentions attribute use_unbounded_threadpool which is not in the op definition: Op<name=MapDataset; signature=input_dataset:variant, other_arguments: -> handle:variant; attr=f:func; attr=Targuments:list(type),min=0; attr=output_types:list(type),min=1; attr=output_shapes:list(shape),min=1; attr=use_inter_op_parallelism:bool,default=true; attr=preserve_cardinality:bool,default=false; attr=force_synchronous:bool,default=false; attr=metadata:string,default=""> This may be expected if your graph generating binary is newer  than this binary. Unknown attributes will be ignored. NodeDef: {{node ParallelMapDatasetV2/_15}}
/dcs/23/u5514578/cs310/y3p/venv/lib64/python3.9/site-packages/sklearn/metrics/_classification.py:2981: UserWarning: The y_pred values do not sum to one. Starting from 1.5 thiswill result in an error.
  warnings.warn(
2026-03-23 15:34:29.752615: E tensorflow/core/framework/node_def_util.cc:680] NodeDef mentions attribute use_unbounded_threadpool which is not in the op definition: Op<name=MapDataset; signature=input_dataset:variant, other_arguments: -> handle:variant; attr=f:func; attr=Targuments:list(type),min=0; attr=output_types:list(type),min=1; attr=output_shapes:list(shape),min=1; attr=use_inter_op_parallelism:bool,default=true; attr=preserve_cardinality:bool,default=false; attr=force_synchronous:bool,default=false; attr=metadata:string,default=""> This may be expected if your graph generating binary is newer  than this binary. Unknown attributes will be ignored. NodeDef: {{node ParallelMapDatasetV2/_15}}
2026-03-23 15:34:39.841844: E tensorflow/core/framework/node_def_util.cc:680] NodeDef mentions attribute use_unbounded_threadpool which is not in the op definition: Op<name=MapDataset; signature=input_dataset:variant, other_arguments: -> handle:variant; attr=f:func; attr=Targuments:list(type),min=0; attr=output_types:list(type),min=1; attr=output_shapes:list(shape),min=1; attr=use_inter_op_parallelism:bool,default=true; attr=preserve_cardinality:bool,default=false; attr=force_synchronous:bool,default=false; attr=metadata:string,default=""> This may be expected if your graph generating binary is newer  than this binary. Unknown attributes will be ignored. NodeDef: {{node ParallelMapDatasetV2/_14}}
/dcs/23/u5514578/cs310/y3p/venv/lib64/python3.9/site-packages/sklearn/metrics/_classification.py:2981: UserWarning: The y_pred values do not sum to one. Starting from 1.5 thiswill result in an error.
  warnings.warn(
2026-03-23 15:34:47.485634: E tensorflow/core/framework/node_def_util.cc:680] NodeDef mentions attribute use_unbounded_threadpool which is not in the op definition: Op<name=MapDataset; signature=input_dataset:variant, other_arguments: -> handle:variant; attr=f:func; attr=Targuments:list(type),min=0; attr=output_types:list(type),min=1; attr=output_shapes:list(shape),min=1; attr=use_inter_op_parallelism:bool,default=true; attr=preserve_cardinality:bool,default=false; attr=force_synchronous:bool,default=false; attr=metadata:string,default=""> This may be expected if your graph generating binary is newer  than this binary. Unknown attributes will be ignored. NodeDef: {{node ParallelMapDatasetV2/_14}}
/dcs/23/u5514578/cs310/y3p/venv/lib64/python3.9/site-packages/sklearn/metrics/_ranking.py:993: UserWarning: No positive class found in y_true, recall is set to one for all thresholds.
  warnings.warn(
/dcs/23/u5514578/cs310/y3p/venv/lib64/python3.9/site-packages/sklearn/metrics/_classification.py:2981: UserWarning: The y_pred values do not sum to one. Starting from 1.5 thiswill result in an error.
  warnings.warn(
2026-03-23 15:34:57.787343: E tensorflow/core/framework/node_def_util.cc:680] NodeDef mentions attribute use_unbounded_threadpool which is not in the op definition: Op<name=MapDataset; signature=input_dataset:variant, other_arguments: -> handle:variant; attr=f:func; attr=Targuments:list(type),min=0; attr=output_types:list(type),min=1; attr=output_shapes:list(shape),min=1; attr=use_inter_op_parallelism:bool,default=true; attr=preserve_cardinality:bool,default=false; attr=force_synchronous:bool,default=false; attr=metadata:string,default=""> This may be expected if your graph generating binary is newer  than this binary. Unknown attributes will be ignored. NodeDef: {{node ParallelMapDatasetV2/_14}}
/dcs/23/u5514578/cs310/y3p/venv/lib64/python3.9/site-packages/sklearn/metrics/_classification.py:2981: UserWarning: The y_pred values do not sum to one. Starting from 1.5 thiswill result in an error.
  warnings.warn(
2026-03-23 15:35:03.385956: E tensorflow/core/framework/node_def_util.cc:680] NodeDef mentions attribute use_unbounded_threadpool which is not in the op definition: Op<name=MapDataset; signature=input_dataset:variant, other_arguments: -> handle:variant; attr=f:func; attr=Targuments:list(type),min=0; attr=output_types:list(type),min=1; attr=output_shapes:list(shape),min=1; attr=use_inter_op_parallelism:bool,default=true; attr=preserve_cardinality:bool,default=false; attr=force_synchronous:bool,default=false; attr=metadata:string,default=""> This may be expected if your graph generating binary is newer  than this binary. Unknown attributes will be ignored. NodeDef: {{node ParallelMapDatasetV2/_15}}
/dcs/23/u5514578/cs310/y3p/venv/lib64/python3.9/site-packages/sklearn/metrics/_classification.py:2981: UserWarning: The y_pred values do not sum to one. Starting from 1.5 thiswill result in an error.
  warnings.warn(
2026-03-23 15:35:10.103045: E tensorflow/core/framework/node_def_util.cc:680] NodeDef mentions attribute use_unbounded_threadpool which is not in the op definition: Op<name=MapDataset; signature=input_dataset:variant, other_arguments: -> handle:variant; attr=f:func; attr=Targuments:list(type),min=0; attr=output_types:list(type),min=1; attr=output_shapes:list(shape),min=1; attr=use_inter_op_parallelism:bool,default=true; attr=preserve_cardinality:bool,default=false; attr=force_synchronous:bool,default=false; attr=metadata:string,default=""> This may be expected if your graph generating binary is newer  than this binary. Unknown attributes will be ignored. NodeDef: {{node ParallelMapDatasetV2/_15}}
2026-03-23 15:35:16.784297: E tensorflow/core/framework/node_def_util.cc:680] NodeDef mentions attribute use_unbounded_threadpool which is not in the op definition: Op<name=MapDataset; signature=input_dataset:variant, other_arguments: -> handle:variant; attr=f:func; attr=Targuments:list(type),min=0; attr=output_types:list(type),min=1; attr=output_shapes:list(shape),min=1; attr=use_inter_op_parallelism:bool,default=true; attr=preserve_cardinality:bool,default=false; attr=force_synchronous:bool,default=false; attr=metadata:string,default=""> This may be expected if your graph generating binary is newer  than this binary. Unknown attributes will be ignored. NodeDef: {{node ParallelMapDatasetV2/_14}}
/dcs/23/u5514578/cs310/y3p/venv/lib64/python3.9/site-packages/sklearn/metrics/_classification.py:2981: UserWarning: The y_pred values do not sum to one. Starting from 1.5 thiswill result in an error.
  warnings.warn(
2026-03-23 15:35:30.994743: E tensorflow/core/framework/node_def_util.cc:680] NodeDef mentions attribute use_unbounded_threadpool which is not in the op definition: Op<name=MapDataset; signature=input_dataset:variant, other_arguments: -> handle:variant; attr=f:func; attr=Targuments:list(type),min=0; attr=output_types:list(type),min=1; attr=output_shapes:list(shape),min=1; attr=use_inter_op_parallelism:bool,default=true; attr=preserve_cardinality:bool,default=false; attr=force_synchronous:bool,default=false; attr=metadata:string,default=""> This may be expected if your graph generating binary is newer  than this binary. Unknown attributes will be ignored. NodeDef: {{node ParallelMapDatasetV2/_14}}
/dcs/23/u5514578/cs310/y3p/venv/lib64/python3.9/site-packages/sklearn/metrics/_classification.py:2981: UserWarning: The y_pred values do not sum to one. Starting from 1.5 thiswill result in an error.
  warnings.warn(
2026-03-23 15:35:42.032069: E tensorflow/core/framework/node_def_util.cc:680] NodeDef mentions attribute use_unbounded_threadpool which is not in the op definition: Op<name=MapDataset; signature=input_dataset:variant, other_arguments: -> handle:variant; attr=f:func; attr=Targuments:list(type),min=0; attr=output_types:list(type),min=1; attr=output_shapes:list(shape),min=1; attr=use_inter_op_parallelism:bool,default=true; attr=preserve_cardinality:bool,default=false; attr=force_synchronous:bool,default=false; attr=metadata:string,default=""> This may be expected if your graph generating binary is newer  than this binary. Unknown attributes will be ignored. NodeDef: {{node ParallelMapDatasetV2/_14}}
/dcs/23/u5514578/cs310/y3p/venv/lib64/python3.9/site-packages/sklearn/metrics/_ranking.py:993: UserWarning: No positive class found in y_true, recall is set to one for all thresholds.
  warnings.warn(
/dcs/23/u5514578/cs310/y3p/venv/lib64/python3.9/site-packages/sklearn/metrics/_classification.py:2981: UserWarning: The y_pred values do not sum to one. Starting from 1.5 thiswill result in an error.
  warnings.warn(
2026-03-23 15:35:47.850521: E tensorflow/core/framework/node_def_util.cc:680] NodeDef mentions attribute use_unbounded_threadpool which is not in the op definition: Op<name=MapDataset; signature=input_dataset:variant, other_arguments: -> handle:variant; attr=f:func; attr=Targuments:list(type),min=0; attr=output_types:list(type),min=1; attr=output_shapes:list(shape),min=1; attr=use_inter_op_parallelism:bool,default=true; attr=preserve_cardinality:bool,default=false; attr=force_synchronous:bool,default=false; attr=metadata:string,default=""> This may be expected if your graph generating binary is newer  than this binary. Unknown attributes will be ignored. NodeDef: {{node ParallelMapDatasetV2/_15}}
/dcs/23/u5514578/cs310/y3p/venv/lib64/python3.9/site-packages/sklearn/metrics/_classification.py:2981: UserWarning: The y_pred values do not sum to one. Starting from 1.5 thiswill result in an error.
  warnings.warn(
2026-03-23 15:35:53.344767: E tensorflow/core/framework/node_def_util.cc:680] NodeDef mentions attribute use_unbounded_threadpool which is not in the op definition: Op<name=MapDataset; signature=input_dataset:variant, other_arguments: -> handle:variant; attr=f:func; attr=Targuments:list(type),min=0; attr=output_types:list(type),min=1; attr=output_shapes:list(shape),min=1; attr=use_inter_op_parallelism:bool,default=true; attr=preserve_cardinality:bool,default=false; attr=force_synchronous:bool,default=false; attr=metadata:string,default=""> This may be expected if your graph generating binary is newer  than this binary. Unknown attributes will be ignored. NodeDef: {{node ParallelMapDatasetV2/_15}}
2026-03-23 15:35:59.365535: E tensorflow/core/framework/node_def_util.cc:680] NodeDef mentions attribute use_unbounded_threadpool which is not in the op definition: Op<name=MapDataset; signature=input_dataset:variant, other_arguments: -> handle:variant; attr=f:func; attr=Targuments:list(type),min=0; attr=output_types:list(type),min=1; attr=output_shapes:list(shape),min=1; attr=use_inter_op_parallelism:bool,default=true; attr=preserve_cardinality:bool,default=false; attr=force_synchronous:bool,default=false; attr=metadata:string,default=""> This may be expected if your graph generating binary is newer  than this binary. Unknown attributes will be ignored. NodeDef: {{node ParallelMapDatasetV2/_14}}
/dcs/23/u5514578/cs310/y3p/venv/lib64/python3.9/site-packages/sklearn/metrics/_classification.py:2981: UserWarning: The y_pred values do not sum to one. Starting from 1.5 thiswill result in an error.
  warnings.warn(
2026-03-23 15:36:07.195152: E tensorflow/core/framework/node_def_util.cc:680] NodeDef mentions attribute use_unbounded_threadpool which is not in the op definition: Op<name=MapDataset; signature=input_dataset:variant, other_arguments: -> handle:variant; attr=f:func; attr=Targuments:list(type),min=0; attr=output_types:list(type),min=1; attr=output_shapes:list(shape),min=1; attr=use_inter_op_parallelism:bool,default=true; attr=preserve_cardinality:bool,default=false; attr=force_synchronous:bool,default=false; attr=metadata:string,default=""> This may be expected if your graph generating binary is newer  than this binary. Unknown attributes will be ignored. NodeDef: {{node ParallelMapDatasetV2/_14}}
/dcs/23/u5514578/cs310/y3p/venv/lib64/python3.9/site-packages/sklearn/metrics/_classification.py:2981: UserWarning: The y_pred values do not sum to one. Starting from 1.5 thiswill result in an error.
  warnings.warn(
2026-03-23 15:36:17.533946: E tensorflow/core/framework/node_def_util.cc:680] NodeDef mentions attribute use_unbounded_threadpool which is not in the op definition: Op<name=MapDataset; signature=input_dataset:variant, other_arguments: -> handle:variant; attr=f:func; attr=Targuments:list(type),min=0; attr=output_types:list(type),min=1; attr=output_shapes:list(shape),min=1; attr=use_inter_op_parallelism:bool,default=true; attr=preserve_cardinality:bool,default=false; attr=force_synchronous:bool,default=false; attr=metadata:string,default=""> This may be expected if your graph generating binary is newer  than this binary. Unknown attributes will be ignored. NodeDef: {{node ParallelMapDatasetV2/_14}}
/dcs/23/u5514578/cs310/y3p/venv/lib64/python3.9/site-packages/sklearn/metrics/_classification.py:2981: UserWarning: The y_pred values do not sum to one. Starting from 1.5 thiswill result in an error.
  warnings.warn(
2026-03-23 15:36:27.677177: E tensorflow/core/framework/node_def_util.cc:680] NodeDef mentions attribute use_unbounded_threadpool which is not in the op definition: Op<name=MapDataset; signature=input_dataset:variant, other_arguments: -> handle:variant; attr=f:func; attr=Targuments:list(type),min=0; attr=output_types:list(type),min=1; attr=output_shapes:list(shape),min=1; attr=use_inter_op_parallelism:bool,default=true; attr=preserve_cardinality:bool,default=false; attr=force_synchronous:bool,default=false; attr=metadata:string,default=""> This may be expected if your graph generating binary is newer  than this binary. Unknown attributes will be ignored. NodeDef: {{node ParallelMapDatasetV2/_14}}
/dcs/23/u5514578/cs310/y3p/venv/lib64/python3.9/site-packages/sklearn/metrics/_ranking.py:993: UserWarning: No positive class found in y_true, recall is set to one for all thresholds.
  warnings.warn(
/dcs/23/u5514578/cs310/y3p/venv/lib64/python3.9/site-packages/sklearn/metrics/_classification.py:2981: UserWarning: The y_pred values do not sum to one. Starting from 1.5 thiswill result in an error.
  warnings.warn(
2026-03-23 15:36:35.143569: E tensorflow/core/framework/node_def_util.cc:680] NodeDef mentions attribute use_unbounded_threadpool which is not in the op definition: Op<name=MapDataset; signature=input_dataset:variant, other_arguments: -> handle:variant; attr=f:func; attr=Targuments:list(type),min=0; attr=output_types:list(type),min=1; attr=output_shapes:list(shape),min=1; attr=use_inter_op_parallelism:bool,default=true; attr=preserve_cardinality:bool,default=false; attr=force_synchronous:bool,default=false; attr=metadata:string,default=""> This may be expected if your graph generating binary is newer  than this binary. Unknown attributes will be ignored. NodeDef: {{node ParallelMapDatasetV2/_14}}
/dcs/23/u5514578/cs310/y3p/venv/lib64/python3.9/site-packages/sklearn/metrics/_classification.py:2981: UserWarning: The y_pred values do not sum to one. Starting from 1.5 thiswill result in an error.
  warnings.warn(
2026-03-23 15:36:41.527702: E tensorflow/core/framework/node_def_util.cc:680] NodeDef mentions attribute use_unbounded_threadpool which is not in the op definition: Op<name=MapDataset; signature=input_dataset:variant, other_arguments: -> handle:variant; attr=f:func; attr=Targuments:list(type),min=0; attr=output_types:list(type),min=1; attr=output_shapes:list(shape),min=1; attr=use_inter_op_parallelism:bool,default=true; attr=preserve_cardinality:bool,default=false; attr=force_synchronous:bool,default=false; attr=metadata:string,default=""> This may be expected if your graph generating binary is newer  than this binary. Unknown attributes will be ignored. NodeDef: {{node ParallelMapDatasetV2/_15}}
/dcs/23/u5514578/cs310/y3p/venv/lib64/python3.9/site-packages/sklearn/metrics/_classification.py:2981: UserWarning: The y_pred values do not sum to one. Starting from 1.5 thiswill result in an error.
  warnings.warn(
2026-03-23 15:36:48.239438: E tensorflow/core/framework/node_def_util.cc:680] NodeDef mentions attribute use_unbounded_threadpool which is not in the op definition: Op<name=MapDataset; signature=input_dataset:variant, other_arguments: -> handle:variant; attr=f:func; attr=Targuments:list(type),min=0; attr=output_types:list(type),min=1; attr=output_shapes:list(shape),min=1; attr=use_inter_op_parallelism:bool,default=true; attr=preserve_cardinality:bool,default=false; attr=force_synchronous:bool,default=false; attr=metadata:string,default=""> This may be expected if your graph generating binary is newer  than this binary. Unknown attributes will be ignored. NodeDef: {{node ParallelMapDatasetV2/_15}}
/dcs/23/u5514578/cs310/y3p/venv/lib64/python3.9/site-packages/sklearn/metrics/_classification.py:2981: UserWarning: The y_pred values do not sum to one. Starting from 1.5 thiswill result in an error.
  warnings.warn(
2026-03-23 15:36:55.582141: E tensorflow/core/framework/node_def_util.cc:680] NodeDef mentions attribute use_unbounded_threadpool which is not in the op definition: Op<name=MapDataset; signature=input_dataset:variant, other_arguments: -> handle:variant; attr=f:func; attr=Targuments:list(type),min=0; attr=output_types:list(type),min=1; attr=output_shapes:list(shape),min=1; attr=use_inter_op_parallelism:bool,default=true; attr=preserve_cardinality:bool,default=false; attr=force_synchronous:bool,default=false; attr=metadata:string,default=""> This may be expected if your graph generating binary is newer  than this binary. Unknown attributes will be ignored. NodeDef: {{node ParallelMapDatasetV2/_15}}
2026-03-23 15:37:03.647773: E tensorflow/core/framework/node_def_util.cc:680] NodeDef mentions attribute use_unbounded_threadpool which is not in the op definition: Op<name=MapDataset; signature=input_dataset:variant, other_arguments: -> handle:variant; attr=f:func; attr=Targuments:list(type),min=0; attr=output_types:list(type),min=1; attr=output_shapes:list(shape),min=1; attr=use_inter_op_parallelism:bool,default=true; attr=preserve_cardinality:bool,default=false; attr=force_synchronous:bool,default=false; attr=metadata:string,default=""> This may be expected if your graph generating binary is newer  than this binary. Unknown attributes will be ignored. NodeDef: {{node ParallelMapDatasetV2/_14}}
/dcs/23/u5514578/cs310/y3p/venv/lib64/python3.9/site-packages/sklearn/metrics/_classification.py:2981: UserWarning: The y_pred values do not sum to one. Starting from 1.5 thiswill result in an error.
  warnings.warn(
2026-03-23 15:37:13.716894: E tensorflow/core/framework/node_def_util.cc:680] NodeDef mentions attribute use_unbounded_threadpool which is not in the op definition: Op<name=MapDataset; signature=input_dataset:variant, other_arguments: -> handle:variant; attr=f:func; attr=Targuments:list(type),min=0; attr=output_types:list(type),min=1; attr=output_shapes:list(shape),min=1; attr=use_inter_op_parallelism:bool,default=true; attr=preserve_cardinality:bool,default=false; attr=force_synchronous:bool,default=false; attr=metadata:string,default=""> This may be expected if your graph generating binary is newer  than this binary. Unknown attributes will be ignored. NodeDef: {{node ParallelMapDatasetV2/_14}}
/dcs/23/u5514578/cs310/y3p/venv/lib64/python3.9/site-packages/sklearn/metrics/_ranking.py:993: UserWarning: No positive class found in y_true, recall is set to one for all thresholds.
  warnings.warn(
/dcs/23/u5514578/cs310/y3p/venv/lib64/python3.9/site-packages/sklearn/metrics/_classification.py:2981: UserWarning: The y_pred values do not sum to one. Starting from 1.5 thiswill result in an error.
  warnings.warn(
2026-03-23 15:37:24.739704: E tensorflow/core/framework/node_def_util.cc:680] NodeDef mentions attribute use_unbounded_threadpool which is not in the op definition: Op<name=MapDataset; signature=input_dataset:variant, other_arguments: -> handle:variant; attr=f:func; attr=Targuments:list(type),min=0; attr=output_types:list(type),min=1; attr=output_shapes:list(shape),min=1; attr=use_inter_op_parallelism:bool,default=true; attr=preserve_cardinality:bool,default=false; attr=force_synchronous:bool,default=false; attr=metadata:string,default=""> This may be expected if your graph generating binary is newer  than this binary. Unknown attributes will be ignored. NodeDef: {{node ParallelMapDatasetV2/_14}}
/dcs/23/u5514578/cs310/y3p/venv/lib64/python3.9/site-packages/sklearn/metrics/_classification.py:2981: UserWarning: The y_pred values do not sum to one. Starting from 1.5 thiswill result in an error.
  warnings.warn(
2026-03-23 15:37:31.443564: E tensorflow/core/framework/node_def_util.cc:680] NodeDef mentions attribute use_unbounded_threadpool which is not in the op definition: Op<name=MapDataset; signature=input_dataset:variant, other_arguments: -> handle:variant; attr=f:func; attr=Targuments:list(type),min=0; attr=output_types:list(type),min=1; attr=output_shapes:list(shape),min=1; attr=use_inter_op_parallelism:bool,default=true; attr=preserve_cardinality:bool,default=false; attr=force_synchronous:bool,default=false; attr=metadata:string,default=""> This may be expected if your graph generating binary is newer  than this binary. Unknown attributes will be ignored. NodeDef: {{node ParallelMapDatasetV2/_14}}
/dcs/23/u5514578/cs310/y3p/venv/lib64/python3.9/site-packages/sklearn/metrics/_classification.py:2981: UserWarning: The y_pred values do not sum to one. Starting from 1.5 thiswill result in an error.
  warnings.warn(
2026-03-23 15:37:38.203896: E tensorflow/core/framework/node_def_util.cc:680] NodeDef mentions attribute use_unbounded_threadpool which is not in the op definition: Op<name=MapDataset; signature=input_dataset:variant, other_arguments: -> handle:variant; attr=f:func; attr=Targuments:list(type),min=0; attr=output_types:list(type),min=1; attr=output_shapes:list(shape),min=1; attr=use_inter_op_parallelism:bool,default=true; attr=preserve_cardinality:bool,default=false; attr=force_synchronous:bool,default=false; attr=metadata:string,default=""> This may be expected if your graph generating binary is newer  than this binary. Unknown attributes will be ignored. NodeDef: {{node ParallelMapDatasetV2/_15}}
2026-03-23 15:37:45.508901: E tensorflow/core/framework/node_def_util.cc:680] NodeDef mentions attribute use_unbounded_threadpool which is not in the op definition: Op<name=MapDataset; signature=input_dataset:variant, other_arguments: -> handle:variant; attr=f:func; attr=Targuments:list(type),min=0; attr=output_types:list(type),min=1; attr=output_shapes:list(shape),min=1; attr=use_inter_op_parallelism:bool,default=true; attr=preserve_cardinality:bool,default=false; attr=force_synchronous:bool,default=false; attr=metadata:string,default=""> This may be expected if your graph generating binary is newer  than this binary. Unknown attributes will be ignored. NodeDef: {{node ParallelMapDatasetV2/_14}}
/dcs/23/u5514578/cs310/y3p/venv/lib64/python3.9/site-packages/sklearn/metrics/_classification.py:2981: UserWarning: The y_pred values do not sum to one. Starting from 1.5 thiswill result in an error.
  warnings.warn(
2026-03-23 15:38:00.695811: E tensorflow/core/framework/node_def_util.cc:680] NodeDef mentions attribute use_unbounded_threadpool which is not in the op definition: Op<name=MapDataset; signature=input_dataset:variant, other_arguments: -> handle:variant; attr=f:func; attr=Targuments:list(type),min=0; attr=output_types:list(type),min=1; attr=output_shapes:list(shape),min=1; attr=use_inter_op_parallelism:bool,default=true; attr=preserve_cardinality:bool,default=false; attr=force_synchronous:bool,default=false; attr=metadata:string,default=""> This may be expected if your graph generating binary is newer  than this binary. Unknown attributes will be ignored. NodeDef: {{node ParallelMapDatasetV2/_14}}
/dcs/23/u5514578/cs310/y3p/venv/lib64/python3.9/site-packages/sklearn/metrics/_classification.py:2981: UserWarning: The y_pred values do not sum to one. Starting from 1.5 thiswill result in an error.
  warnings.warn(
2026-03-23 15:38:12.667086: E tensorflow/core/framework/node_def_util.cc:680] NodeDef mentions attribute use_unbounded_threadpool which is not in the op definition: Op<name=MapDataset; signature=input_dataset:variant, other_arguments: -> handle:variant; attr=f:func; attr=Targuments:list(type),min=0; attr=output_types:list(type),min=1; attr=output_shapes:list(shape),min=1; attr=use_inter_op_parallelism:bool,default=true; attr=preserve_cardinality:bool,default=false; attr=force_synchronous:bool,default=false; attr=metadata:string,default=""> This may be expected if your graph generating binary is newer  than this binary. Unknown attributes will be ignored. NodeDef: {{node ParallelMapDatasetV2/_14}}
/dcs/23/u5514578/cs310/y3p/venv/lib64/python3.9/site-packages/sklearn/metrics/_ranking.py:993: UserWarning: No positive class found in y_true, recall is set to one for all thresholds.
  warnings.warn(
/dcs/23/u5514578/cs310/y3p/venv/lib64/python3.9/site-packages/sklearn/metrics/_classification.py:2981: UserWarning: The y_pred values do not sum to one. Starting from 1.5 thiswill result in an error.
  warnings.warn(
2026-03-23 15:38:20.523153: E tensorflow/core/framework/node_def_util.cc:680] NodeDef mentions attribute use_unbounded_threadpool which is not in the op definition: Op<name=MapDataset; signature=input_dataset:variant, other_arguments: -> handle:variant; attr=f:func; attr=Targuments:list(type),min=0; attr=output_types:list(type),min=1; attr=output_shapes:list(shape),min=1; attr=use_inter_op_parallelism:bool,default=true; attr=preserve_cardinality:bool,default=false; attr=force_synchronous:bool,default=false; attr=metadata:string,default=""> This may be expected if your graph generating binary is newer  than this binary. Unknown attributes will be ignored. NodeDef: {{node ParallelMapDatasetV2/_14}}
/dcs/23/u5514578/cs310/y3p/venv/lib64/python3.9/site-packages/sklearn/metrics/_classification.py:2981: UserWarning: The y_pred values do not sum to one. Starting from 1.5 thiswill result in an error.
  warnings.warn(
