
=== wet_x1 (WET x1) ===
{
  "accuracy_mean": 0.5682433590177769,
  "precision_macro_mean": 0.45070584718671236,
  "recall_macro_mean": 0.38476033065291626,
  "f1_macro_mean": 0.37902866721254364,
  "logloss_mean": 1.349944296214892,
  "accuracy_std": 0.04061318104264084,
  "precision_macro_std": 0.07478441882092228,
  "recall_macro_std": 0.050931531327029024,
  "f1_macro_std": 0.05761266376376261,
  "logloss_std": 0.3191178637231647,
  "wet_multiplier": 1.0,
  "setting": "wet_x1"
}

=== wet_100 (WET x2) ===
{
  "accuracy_mean": 0.5709357762242506,
  "precision_macro_mean": 0.4241335297683782,
  "recall_macro_mean": 0.3823665707290982,
  "f1_macro_mean": 0.3747134696779376,
  "logloss_mean": 1.345359981736646,
  "accuracy_std": 0.03685921399923682,
  "precision_macro_std": 0.08900143113058973,
  "recall_macro_std": 0.04552168101118775,
  "f1_macro_std": 0.056728160205657345,
  "logloss_std": 0.3144181651209694,
  "wet_multiplier": 2.0,
  "setting": "wet_100"
}

=== wet_200 (WET x3) ===
{
  "accuracy_mean": 0.5704093108601007,
  "precision_macro_mean": 0.44844355105479183,
  "recall_macro_mean": 0.3833851998324118,
  "f1_macro_mean": 0.38013507153066894,
  "logloss_mean": 1.3448158324574209,
  "accuracy_std": 0.036257389168968486,
  "precision_macro_std": 0.07652978827031783,
  "recall_macro_std": 0.042632099602165054,
  "f1_macro_std": 0.05301604693233844,
  "logloss_std": 0.3119283607668112,
  "wet_multiplier": 3.0,
  "setting": "wet_200"
}

=== wet_300 (WET x4) ===
{
  "accuracy_mean": 0.5658013991301513,
  "precision_macro_mean": 0.41870959438211824,
  "recall_macro_mean": 0.37336735043865305,
  "f1_macro_mean": 0.36992178758267863,
  "logloss_mean": 1.346066583515756,
  "accuracy_std": 0.037943485214977236,
  "precision_macro_std": 0.09191752317834125,
  "recall_macro_std": 0.04445560639008183,
  "f1_macro_std": 0.05756352148679359,
  "logloss_std": 0.3121645992390829,
  "wet_multiplier": 4.0,
  "setting": "wet_300"
}

=== wet_500 (WET x6) ===
{
  "accuracy_mean": 0.5648524387391459,
  "precision_macro_mean": 0.4470538673376197,
  "recall_macro_mean": 0.3786661480218399,
  "f1_macro_mean": 0.3773983223536643,
  "logloss_mean": 1.348998647884127,
  "accuracy_std": 0.03731794083260483,
  "precision_macro_std": 0.07785923178414796,
  "recall_macro_std": 0.035282507443911454,
  "f1_macro_std": 0.05141281071328706,
  "logloss_std": 0.3110032327666656,
  "wet_multiplier": 6.0,
  "setting": "wet_500"
}

Saved resampled datasets + summary to: data/processed/SMOTE
