2026-02-22 21:12:27.026706: I tensorflow/core/util/port.cc:153] oneDNN custom operations are on. You may see slightly different numerical results due to floating-point round-off errors from different computation orders. To turn them off, set the environment variable `TF_ENABLE_ONEDNN_OPTS=0`.
2026-02-22 21:12:27.953557: I tensorflow/core/platform/cpu_feature_guard.cc:210] This TensorFlow binary is optimized to use available CPU instructions in performance-critical operations.
To enable the following instructions: AVX2 AVX512F AVX512_VNNI FMA, in other operations, rebuild TensorFlow with the appropriate compiler flags.
2026-02-22 21:12:31.096595: I tensorflow/core/util/port.cc:153] oneDNN custom operations are on. You may see slightly different numerical results due to floating-point round-off errors from different computation orders. To turn them off, set the environment variable `TF_ENABLE_ONEDNN_OPTS=0`.
/dcs/23/u5514578/cs310/y3p/src/utils/ablation_eval.py:51: DeprecationWarning: 
Pyarrow will become a required dependency of pandas in the next major release of pandas (pandas 3.0),
(to allow more performant data types, such as the Arrow string type, and better interoperability with other libraries)
but was not found to be installed on your system.
If this would cause problems for you,
please provide us feedback at https://github.com/pandas-dev/pandas/issues/54466
        
  import pandas as pd
2026-02-22 21:12:39.208859: I tensorflow/core/util/port.cc:153] oneDNN custom operations are on. You may see slightly different numerical results due to floating-point round-off errors from different computation orders. To turn them off, set the environment variable `TF_ENABLE_ONEDNN_OPTS=0`.
2026-02-22 21:12:39.243783: I tensorflow/core/platform/cpu_feature_guard.cc:210] This TensorFlow binary is optimized to use available CPU instructions in performance-critical operations.
To enable the following instructions: AVX2 AVX512F AVX512_VNNI FMA, in other operations, rebuild TensorFlow with the appropriate compiler flags.
2026-02-22 21:12:40.683975: I tensorflow/core/util/port.cc:153] oneDNN custom operations are on. You may see slightly different numerical results due to floating-point round-off errors from different computation orders. To turn them off, set the environment variable `TF_ENABLE_ONEDNN_OPTS=0`.
WARNING: All log messages before absl::InitializeLog() is called are written to STDERR
I0000 00:00:1771794765.541081  488246 gpu_device.cc:2020] Created device /job:localhost/replica:0/task:0/device:GPU:0 with 22361 MB memory:  -> device: 0, name: NVIDIA RTX A5000, pci bus id: 0000:01:00.0, compute capability: 8.6
2026-02-22 21:12:45.943390: W external/local_xla/xla/service/gpu/llvm_gpu_backend/default/nvptx_libdevice_path.cc:41] Can't find libdevice directory ${CUDA_DIR}/nvvm/libdevice. This may result in compilation or runtime failures, if the program we try to run uses routines from libdevice.
Searched for CUDA in the following directories:
  ./cuda_sdk_lib
  src.utils.ablation_eval.runfiles/cuda_nvcc
  src.utils.ablation_eval.runfiles/cuda_nvdisasm
  src.utils.ablation_eval.runfiles/nvidia_nvshmem
  src.uti/cuda_nvcc
  src.uti/cuda_nvdisasm
  src.uti/nvidia_nvshmem
  
  /usr/local/cuda
  /opt/cuda
  /dcs/23/u5514578/cs310/y3p/venv/lib64/python3.9/site-packages/tensorflow/python/platform/../../../nvidia/cuda_nvcc
  /dcs/23/u5514578/cs310/y3p/venv/lib64/python3.9/site-packages/tensorflow/python/platform/../../../../nvidia/cuda_nvcc
  /dcs/23/u5514578/cs310/y3p/venv/lib64/python3.9/site-packages/tensorflow/python/platform/../../cuda
  /dcs/23/u5514578/cs310/y3p/venv/lib64/python3.9/site-packages/tensorflow/python/platform/../../../../../..
  /dcs/23/u5514578/cs310/y3p/venv/lib64/python3.9/site-packages/tensorflow/python/platform/../../../../../../..
  .
You can choose the search directory by setting xla_gpu_cuda_data_dir in HloModule's DebugOptions.  For most apps, setting the environment variable XLA_FLAGS=--xla_gpu_cuda_data_dir=/path/to/cuda will work.
2026-02-22 21:12:46.672080: E tensorflow/core/framework/node_def_util.cc:680] NodeDef mentions attribute use_unbounded_threadpool which is not in the op definition: Op<name=MapDataset; signature=input_dataset:variant, other_arguments: -> handle:variant; attr=f:func; attr=Targuments:list(type),min=0; attr=output_types:list(type),min=1; attr=output_shapes:list(shape),min=1; attr=use_inter_op_parallelism:bool,default=true; attr=preserve_cardinality:bool,default=false; attr=force_synchronous:bool,default=false; attr=metadata:string,default=""> This may be expected if your graph generating binary is newer  than this binary. Unknown attributes will be ignored. NodeDef: {{node ParallelMapDatasetV2/_16}}
2026-02-22 21:12:49.972387: W external/local_xla/xla/service/gpu/llvm_gpu_backend/nvptx_backend.cc:110] libdevice is required by this HLO module but was not found at ./libdevice.10.bc
2026-02-22 21:12:49.973463: W external/local_xla/xla/service/gpu/llvm_gpu_backend/nvptx_backend.cc:110] libdevice is required by this HLO module but was not found at ./libdevice.10.bc
2026-02-22 21:12:49.975202: W external/local_xla/xla/service/gpu/llvm_gpu_backend/nvptx_backend.cc:110] libdevice is required by this HLO module but was not found at ./libdevice.10.bc
2026-02-22 21:12:49.976827: W external/local_xla/xla/service/gpu/llvm_gpu_backend/nvptx_backend.cc:110] libdevice is required by this HLO module but was not found at ./libdevice.10.bc
2026-02-22 21:12:49.978500: W external/local_xla/xla/service/gpu/llvm_gpu_backend/nvptx_backend.cc:110] libdevice is required by this HLO module but was not found at ./libdevice.10.bc
2026-02-22 21:12:49.980095: W external/local_xla/xla/service/gpu/llvm_gpu_backend/nvptx_backend.cc:110] libdevice is required by this HLO module but was not found at ./libdevice.10.bc
2026-02-22 21:12:49.982185: W external/local_xla/xla/service/gpu/llvm_gpu_backend/nvptx_backend.cc:110] libdevice is required by this HLO module but was not found at ./libdevice.10.bc
2026-02-22 21:12:49.983724: W external/local_xla/xla/service/gpu/llvm_gpu_backend/nvptx_backend.cc:110] libdevice is required by this HLO module but was not found at ./libdevice.10.bc
error: libdevice not found at ./libdevice.10.bc
error: libdevice not found at ./libdevice.10.bc
error: libdevice not found at ./libdevice.10.bc
error: libdevice not found at ./libdevice.10.bc
error: libdevice not found at ./libdevice.10.bc
error: libdevice not found at ./libdevice.10.bc
error: libdevice not found at ./libdevice.10.bc
error: libdevice not found at ./libdevice.10.bc
2026-02-22 21:12:49.984193: E tensorflow/compiler/mlir/tools/kernel_gen/tf_framework_c_interface.cc:227] INTERNAL: Generating device code failed.
2026-02-22 21:12:49.985089: W tensorflow/core/framework/op_kernel.cc:1842] UNKNOWN: JIT compilation failed.
2026-02-22 21:12:49.985107: I tensorflow/core/framework/local_rendezvous.cc:407] Local rendezvous is aborting with status: UNKNOWN: JIT compilation failed.
	 [[{{function_node __inference_one_step_on_data_10078}}{{node adam/Pow_29}}]]
2026-02-22 21:12:49.985110: I tensorflow/core/framework/local_rendezvous.cc:430] Local rendezvous send item cancelled. Key hash: 5033635053221947528
2026-02-22 21:12:49.985112: I tensorflow/core/framework/local_rendezvous.cc:430] Local rendezvous send item cancelled. Key hash: 6960953784190456054
2026-02-22 21:12:49.985116: I tensorflow/core/framework/local_rendezvous.cc:430] Local rendezvous send item cancelled. Key hash: 8666564196006693484
2026-02-22 21:12:49.985118: I tensorflow/core/framework/local_rendezvous.cc:430] Local rendezvous send item cancelled. Key hash: 12759185330221349888
2026-02-22 21:12:49.985120: I tensorflow/core/framework/local_rendezvous.cc:430] Local rendezvous send item cancelled. Key hash: 14091621882239600252
2026-02-22 21:12:49.985122: I tensorflow/core/framework/local_rendezvous.cc:430] Local rendezvous send item cancelled. Key hash: 15739007137556818903
2026-02-22 21:12:49.985124: I tensorflow/core/framework/local_rendezvous.cc:430] Local rendezvous send item cancelled. Key hash: 1598708765860533735
2026-02-22 21:12:49.985126: I tensorflow/core/framework/local_rendezvous.cc:430] Local rendezvous send item cancelled. Key hash: 7117516820219358763
2026-02-22 21:12:49.985132: I tensorflow/core/framework/local_rendezvous.cc:430] Local rendezvous send item cancelled. Key hash: 8238665461336813521
2026-02-22 21:12:49.985154: W tensorflow/core/framework/op_kernel.cc:1842] UNKNOWN: JIT compilation failed.
2026-02-22 21:12:49.985161: W tensorflow/core/framework/op_kernel.cc:1842] UNKNOWN: JIT compilation failed.
2026-02-22 21:12:49.985166: W tensorflow/core/framework/op_kernel.cc:1842] UNKNOWN: JIT compilation failed.
2026-02-22 21:12:49.985172: W tensorflow/core/framework/op_kernel.cc:1842] UNKNOWN: JIT compilation failed.
2026-02-22 21:12:49.985176: W tensorflow/core/framework/op_kernel.cc:1842] UNKNOWN: JIT compilation failed.
2026-02-22 21:12:49.985182: W tensorflow/core/framework/op_kernel.cc:1842] UNKNOWN: JIT compilation failed.
2026-02-22 21:12:49.985187: W tensorflow/core/framework/op_kernel.cc:1842] UNKNOWN: JIT compilation failed.
2026-02-22 21:12:49.985192: W tensorflow/core/framework/op_kernel.cc:1842] UNKNOWN: JIT compilation failed.
2026-02-22 21:12:49.985197: W tensorflow/core/framework/op_kernel.cc:1842] UNKNOWN: JIT compilation failed.
2026-02-22 21:12:49.985202: W tensorflow/core/framework/op_kernel.cc:1842] UNKNOWN: JIT compilation failed.
2026-02-22 21:12:49.985206: W tensorflow/core/framework/op_kernel.cc:1842] UNKNOWN: JIT compilation failed.
2026-02-22 21:12:49.985213: W tensorflow/core/framework/op_kernel.cc:1842] UNKNOWN: JIT compilation failed.
2026-02-22 21:12:49.985221: W tensorflow/core/framework/op_kernel.cc:1842] UNKNOWN: JIT compilation failed.
2026-02-22 21:12:49.985228: W tensorflow/core/framework/op_kernel.cc:1842] UNKNOWN: JIT compilation failed.
2026-02-22 21:12:49.985234: W tensorflow/core/framework/op_kernel.cc:1842] UNKNOWN: JIT compilation failed.
2026-02-22 21:12:49.985239: W tensorflow/core/framework/op_kernel.cc:1842] UNKNOWN: JIT compilation failed.
2026-02-22 21:12:49.985244: W tensorflow/core/framework/op_kernel.cc:1842] UNKNOWN: JIT compilation failed.
2026-02-22 21:12:49.985249: W tensorflow/core/framework/op_kernel.cc:1842] UNKNOWN: JIT compilation failed.
2026-02-22 21:12:49.985253: W tensorflow/core/framework/op_kernel.cc:1842] UNKNOWN: JIT compilation failed.
2026-02-22 21:12:49.985258: W tensorflow/core/framework/op_kernel.cc:1842] UNKNOWN: JIT compilation failed.
2026-02-22 21:12:49.985263: W tensorflow/core/framework/op_kernel.cc:1842] UNKNOWN: JIT compilation failed.
2026-02-22 21:12:49.985269: W tensorflow/core/framework/op_kernel.cc:1842] UNKNOWN: JIT compilation failed.
2026-02-22 21:12:49.985273: W tensorflow/core/framework/op_kernel.cc:1842] UNKNOWN: JIT compilation failed.
2026-02-22 21:12:49.985279: W tensorflow/core/framework/op_kernel.cc:1842] UNKNOWN: JIT compilation failed.
2026-02-22 21:12:49.985283: W tensorflow/core/framework/op_kernel.cc:1842] UNKNOWN: JIT compilation failed.
2026-02-22 21:12:49.985288: W tensorflow/core/framework/op_kernel.cc:1842] UNKNOWN: JIT compilation failed.
2026-02-22 21:12:49.985293: W tensorflow/core/framework/op_kernel.cc:1842] UNKNOWN: JIT compilation failed.
2026-02-22 21:12:49.985298: W tensorflow/core/framework/op_kernel.cc:1842] UNKNOWN: JIT compilation failed.
2026-02-22 21:12:49.985302: W tensorflow/core/framework/op_kernel.cc:1842] UNKNOWN: JIT compilation failed.
2026-02-22 21:12:49.985307: W tensorflow/core/framework/op_kernel.cc:1842] UNKNOWN: JIT compilation failed.
2026-02-22 21:12:49.985312: W tensorflow/core/framework/op_kernel.cc:1842] UNKNOWN: JIT compilation failed.
2026-02-22 21:12:49.985317: W tensorflow/core/framework/op_kernel.cc:1842] UNKNOWN: JIT compilation failed.
2026-02-22 21:12:49.985321: W tensorflow/core/framework/op_kernel.cc:1842] UNKNOWN: JIT compilation failed.
2026-02-22 21:12:49.985326: W tensorflow/core/framework/op_kernel.cc:1842] UNKNOWN: JIT compilation failed.
2026-02-22 21:12:49.985330: W tensorflow/core/framework/op_kernel.cc:1842] UNKNOWN: JIT compilation failed.
2026-02-22 21:12:49.985335: W tensorflow/core/framework/op_kernel.cc:1842] UNKNOWN: JIT compilation failed.
2026-02-22 21:12:49.985343: W tensorflow/core/framework/op_kernel.cc:1842] UNKNOWN: JIT compilation failed.
2026-02-22 21:12:49.985347: W tensorflow/core/framework/op_kernel.cc:1842] UNKNOWN: JIT compilation failed.
2026-02-22 21:12:49.985352: W tensorflow/core/framework/op_kernel.cc:1842] UNKNOWN: JIT compilation failed.
2026-02-22 21:12:49.985357: W tensorflow/core/framework/op_kernel.cc:1842] UNKNOWN: JIT compilation failed.
2026-02-22 21:12:49.985362: W tensorflow/core/framework/op_kernel.cc:1842] UNKNOWN: JIT compilation failed.
2026-02-22 21:12:49.985367: W tensorflow/core/framework/op_kernel.cc:1842] UNKNOWN: JIT compilation failed.
2026-02-22 21:12:49.985371: W tensorflow/core/framework/op_kernel.cc:1842] UNKNOWN: JIT compilation failed.
2026-02-22 21:12:49.985376: W tensorflow/core/framework/op_kernel.cc:1842] UNKNOWN: JIT compilation failed.
2026-02-22 21:12:49.985380: W tensorflow/core/framework/op_kernel.cc:1842] UNKNOWN: JIT compilation failed.
2026-02-22 21:12:49.985385: W tensorflow/core/framework/op_kernel.cc:1842] UNKNOWN: JIT compilation failed.
2026-02-22 21:12:49.985390: W tensorflow/core/framework/op_kernel.cc:1842] UNKNOWN: JIT compilation failed.
2026-02-22 21:12:49.985395: W tensorflow/core/framework/op_kernel.cc:1842] UNKNOWN: JIT compilation failed.
2026-02-22 21:12:49.985400: W tensorflow/core/framework/op_kernel.cc:1842] UNKNOWN: JIT compilation failed.
2026-02-22 21:12:49.985404: W tensorflow/core/framework/op_kernel.cc:1842] UNKNOWN: JIT compilation failed.
2026-02-22 21:12:49.985409: W tensorflow/core/framework/op_kernel.cc:1842] UNKNOWN: JIT compilation failed.
2026-02-22 21:12:49.985414: W tensorflow/core/framework/op_kernel.cc:1842] UNKNOWN: JIT compilation failed.
2026-02-22 21:12:49.985422: W tensorflow/core/framework/op_kernel.cc:1842] UNKNOWN: JIT compilation failed.
2026-02-22 21:12:49.985429: W tensorflow/core/framework/op_kernel.cc:1842] UNKNOWN: JIT compilation failed.
2026-02-22 21:12:49.985435: W tensorflow/core/framework/op_kernel.cc:1842] UNKNOWN: JIT compilation failed.
2026-02-22 21:12:49.985440: W tensorflow/core/framework/op_kernel.cc:1842] UNKNOWN: JIT compilation failed.
2026-02-22 21:12:49.985445: W tensorflow/core/framework/op_kernel.cc:1842] UNKNOWN: JIT compilation failed.
2026-02-22 21:12:49.985449: W tensorflow/core/framework/op_kernel.cc:1842] UNKNOWN: JIT compilation failed.
2026-02-22 21:12:49.985454: W tensorflow/core/framework/op_kernel.cc:1842] UNKNOWN: JIT compilation failed.
2026-02-22 21:12:49.985459: W tensorflow/core/framework/op_kernel.cc:1842] UNKNOWN: JIT compilation failed.
2026-02-22 21:12:49.985464: W tensorflow/core/framework/op_kernel.cc:1842] UNKNOWN: JIT compilation failed.
2026-02-22 21:12:49.985468: W tensorflow/core/framework/op_kernel.cc:1842] UNKNOWN: JIT compilation failed.
2026-02-22 21:12:49.985473: W tensorflow/core/framework/op_kernel.cc:1842] UNKNOWN: JIT compilation failed.
2026-02-22 21:12:49.985477: W tensorflow/core/framework/op_kernel.cc:1842] UNKNOWN: JIT compilation failed.
2026-02-22 21:12:49.985482: W tensorflow/core/framework/op_kernel.cc:1842] UNKNOWN: JIT compilation failed.
2026-02-22 21:12:49.985487: W tensorflow/core/framework/op_kernel.cc:1842] UNKNOWN: JIT compilation failed.
2026-02-22 21:12:49.985492: W tensorflow/core/framework/op_kernel.cc:1842] UNKNOWN: JIT compilation failed.
2026-02-22 21:12:49.985496: W tensorflow/core/framework/op_kernel.cc:1842] UNKNOWN: JIT compilation failed.
2026-02-22 21:12:49.985501: W tensorflow/core/framework/op_kernel.cc:1842] UNKNOWN: JIT compilation failed.
2026-02-22 21:12:49.985506: W tensorflow/core/framework/op_kernel.cc:1842] UNKNOWN: JIT compilation failed.
2026-02-22 21:12:49.985510: W tensorflow/core/framework/op_kernel.cc:1842] UNKNOWN: JIT compilation failed.
2026-02-22 21:12:49.985515: W tensorflow/core/framework/op_kernel.cc:1842] UNKNOWN: JIT compilation failed.
2026-02-22 21:12:49.985519: W tensorflow/core/framework/op_kernel.cc:1842] UNKNOWN: JIT compilation failed.
2026-02-22 21:12:49.985524: W tensorflow/core/framework/op_kernel.cc:1842] UNKNOWN: JIT compilation failed.
2026-02-22 21:12:49.985530: W tensorflow/core/framework/op_kernel.cc:1842] UNKNOWN: JIT compilation failed.
2026-02-22 21:12:49.985535: W tensorflow/core/framework/op_kernel.cc:1842] UNKNOWN: JIT compilation failed.
2026-02-22 21:12:49.985540: W tensorflow/core/framework/op_kernel.cc:1842] UNKNOWN: JIT compilation failed.
2026-02-22 21:12:49.985544: W tensorflow/core/framework/op_kernel.cc:1842] UNKNOWN: JIT compilation failed.
2026-02-22 21:12:49.985549: W tensorflow/core/framework/op_kernel.cc:1842] UNKNOWN: JIT compilation failed.
2026-02-22 21:12:50.019792: I external/local_xla/xla/stream_executor/cuda/cuda_dnn.cc:473] Loaded cuDNN version 91400
Invalid handle. Cannot load symbol cublasLtCreate
/var/spool/slurmd/job1253529/slurm_script: line 43: 488246 Aborted                 (core dumped) python3 -m src.utils.ablation_eval --data_stage1 data/processed/output1.csv --outdir runs/ablation --run_name stage1_seq_tcn_ablation --mode seq --seq_model tcn --n_splits 5 --seed 42 --seq_len 8 --pad_left --add_timestep_mask
